Component: ARM Compiler 5.06 update 3 (build 300) Tool: armlink [4d35c9]

==============================================================================

Section Cross References

    startup_stm32f103xe.o(STACK) refers (Special) to heapauxi.o(.text) for __use_two_region_memory
    startup_stm32f103xe.o(HEAP) refers (Special) to heapauxi.o(.text) for __use_two_region_memory
    startup_stm32f103xe.o(RESET) refers (Special) to heapauxi.o(.text) for __use_two_region_memory
    startup_stm32f103xe.o(RESET) refers to startup_stm32f103xe.o(STACK) for __initial_sp
    startup_stm32f103xe.o(RESET) refers to startup_stm32f103xe.o(.text) for Reset_Handler
    startup_stm32f103xe.o(RESET) refers to stm32f1xx_it.o(i.NMI_Handler) for NMI_Handler
    startup_stm32f103xe.o(RESET) refers to stm32f1xx_it.o(i.HardFault_Handler) for HardFault_Handler
    startup_stm32f103xe.o(RESET) refers to stm32f1xx_it.o(i.MemManage_Handler) for MemManage_Handler
    startup_stm32f103xe.o(RESET) refers to stm32f1xx_it.o(i.BusFault_Handler) for BusFault_Handler
    startup_stm32f103xe.o(RESET) refers to stm32f1xx_it.o(i.UsageFault_Handler) for UsageFault_Handler
    startup_stm32f103xe.o(RESET) refers to stm32f1xx_it.o(i.SVC_Handler) for SVC_Handler
    startup_stm32f103xe.o(RESET) refers to stm32f1xx_it.o(i.DebugMon_Handler) for DebugMon_Handler
    startup_stm32f103xe.o(RESET) refers to stm32f1xx_it.o(i.PendSV_Handler) for PendSV_Handler
    startup_stm32f103xe.o(RESET) refers to stm32f1xx_it.o(i.SysTick_Handler) for SysTick_Handler
    startup_stm32f103xe.o(RESET) refers to bsp_exti.o(i.EXTI0_IRQHandler) for EXTI0_IRQHandler
    startup_stm32f103xe.o(RESET) refers to stm32f1xx_it.o(i.USB_LP_CAN1_RX0_IRQHandler) for USB_LP_CAN1_RX0_IRQHandler
    startup_stm32f103xe.o(RESET) refers to stm32f1xx_it.o(i.TIM1_UP_IRQHandler) for TIM1_UP_IRQHandler
    startup_stm32f103xe.o(RESET) refers to stm32f1xx_it.o(i.TIM2_IRQHandler) for TIM2_IRQHandler
    startup_stm32f103xe.o(.text) refers (Special) to heapauxi.o(.text) for __use_two_region_memory
    startup_stm32f103xe.o(.text) refers to system_stm32f1xx.o(i.SystemInit) for SystemInit
    startup_stm32f103xe.o(.text) refers to __main.o(!!!main) for __main
    startup_stm32f103xe.o(.text) refers to startup_stm32f103xe.o(HEAP) for Heap_Mem
    startup_stm32f103xe.o(.text) refers to startup_stm32f103xe.o(STACK) for Stack_Mem
    main.o(i.HAL_TIM_PeriodElapsedCallback) refers to stm32f1xx_hal.o(i.HAL_IncTick) for HAL_IncTick
    main.o(i.HAL_TIM_PeriodElapsedCallback) refers to bsp_led.o(i.LED_switch) for LED_switch
    main.o(i.HAL_TIM_PeriodElapsedCallback) refers to tim.o(.bss) for htim2
    main.o(i.SystemClock_Config) refers to rt_memclr_w.o(.text) for __aeabi_memclr4
    main.o(i.SystemClock_Config) refers to stm32f1xx_hal_rcc.o(i.HAL_RCC_OscConfig) for HAL_RCC_OscConfig
    main.o(i.SystemClock_Config) refers to stm32f1xx_hal_rcc.o(i.HAL_RCC_ClockConfig) for HAL_RCC_ClockConfig
    main.o(i.SystemClock_Config) refers to stm32f1xx_hal_rcc_ex.o(i.HAL_RCCEx_PeriphCLKConfig) for HAL_RCCEx_PeriphCLKConfig
    main.o(i.main) refers to _printf_percent.o(.ARM.Collect$$_printf_percent$$00000000) for _printf_percent
    main.o(i.main) refers to _printf_d.o(.ARM.Collect$$_printf_percent$$00000009) for _printf_d
    main.o(i.main) refers to _printf_dec.o(.text) for _printf_int_dec
    main.o(i.main) refers to stm32f1xx_hal.o(i.HAL_Init) for HAL_Init
    main.o(i.main) refers to main.o(i.SystemClock_Config) for SystemClock_Config
    main.o(i.main) refers to bsp_led.o(i.LED_Init) for LED_Init
    main.o(i.main) refers to oled.o(i.OLED_Init) for OLED_Init
    main.o(i.main) refers to gpio.o(i.MX_GPIO_Init) for MX_GPIO_Init
    main.o(i.main) refers to tim.o(i.MX_TIM2_Init) for MX_TIM2_Init
    main.o(i.main) refers to usart.o(i.MX_USART1_UART_Init) for MX_USART1_UART_Init
    main.o(i.main) refers to i2c.o(i.MX_I2C1_Init) for MX_I2C1_Init
    main.o(i.main) refers to usb_device.o(i.MX_USB_DEVICE_Init) for MX_USB_DEVICE_Init
    main.o(i.main) refers to spi.o(i.MX_SPI1_Init) for MX_SPI1_Init
    main.o(i.main) refers to bsp_nrf24l01.o(i.NRF24L01_Init) for NRF24L01_Init
    main.o(i.main) refers to noretval__2printf.o(.text) for __2printf
    main.o(i.main) refers to stm32f1xx_hal.o(i.HAL_Delay) for HAL_Delay
    main.o(i.main) refers to bsp_nrf24l01.o(i.NRF24L01_Check) for NRF24L01_Check
    main.o(i.main) refers to bsp_nrf24l01.o(i.NRF24L01_RX_Mode) for NRF24L01_RX_Mode
    main.o(i.main) refers to bsp_nrf24l01.o(i.NRF24L01_RxPacket) for NRF24L01_RxPacket
    main.o(i.main) refers to usbd_hid.o(i.USBD_HID_SendReport) for USBD_HID_SendReport
    main.o(i.main) refers to main.o(.data) for .data
    main.o(i.main) refers to usb_device.o(.bss) for hUsbDeviceFS
    gpio.o(i.MX_GPIO_Init) refers to stm32f1xx_hal_gpio.o(i.HAL_GPIO_Init) for HAL_GPIO_Init
    i2c.o(i.HAL_I2C_MspDeInit) refers to stm32f1xx_hal_gpio.o(i.HAL_GPIO_DeInit) for HAL_GPIO_DeInit
[...]
    i.HAL_TIM_TriggerCallback                0x080021f0   Section        0  stm32f1xx_hal_tim.o(i.HAL_TIM_TriggerCallback)
    i.HAL_UART_Init                          0x080021f2   Section        0  stm32f1xx_hal_uart.o(i.HAL_UART_Init)
    i.HAL_UART_MspInit                       0x08002254   Section        0  usart.o(i.HAL_UART_MspInit)
    i.HAL_UART_Transmit                      0x080022c4   Section        0  stm32f1xx_hal_uart.o(i.HAL_UART_Transmit)
    i.HardFault_Handler                      0x08002376   Section        0  stm32f1xx_it.o(i.HardFault_Handler)
    i.IntToUnicode                           0x08002378   Section        0  usbd_desc.o(i.IntToUnicode)
    IntToUnicode                             0x08002379   Thumb Code    56  usbd_desc.o(i.IntToUnicode)
    i.LED_Init                               0x080023b0   Section        0  bsp_led.o(i.LED_Init)
    i.LED_switch                             0x08002438   Section        0  bsp_led.o(i.LED_switch)
    i.MX_GPIO_Init                           0x08002484   Section        0  gpio.o(i.MX_GPIO_Init)
    i.MX_I2C1_Init                           0x080024fc   Section        0  i2c.o(i.MX_I2C1_Init)
    i.MX_SPI1_Init                           0x0800253c   Section        0  spi.o(i.MX_SPI1_Init)
    i.MX_TIM2_Init                           0x08002588   Section        0  tim.o(i.MX_TIM2_Init)
    i.MX_USART1_UART_Init                    0x080025f4   Section        0  usart.o(i.MX_USART1_UART_Init)
    i.MX_USB_DEVICE_Init                     0x0800262c   Section        0  usb_device.o(i.MX_USB_DEVICE_Init)
    i.MemManage_Handler                      0x0800266c   Section        0  stm32f1xx_it.o(i.MemManage_Handler)
    i.NMI_Handler                            0x0800266e   Section        0  stm32f1xx_it.o(i.NMI_Handler)
    i.NRF24L01_Check                         0x08002670   Section        0  bsp_nrf24l01.o(i.NRF24L01_Check)
    i.NRF24L01_Init                          0x080026bc   Section        0  bsp_nrf24l01.o(i.NRF24L01_Init)
    i.NRF24L01_RX_Mode                       0x0800273c   Section        0  bsp_nrf24l01.o(i.NRF24L01_RX_Mode)
    i.NRF24L01_Read_Buf                      0x080027a0   Section        0  bsp_nrf24l01.o(i.NRF24L01_Read_Buf)
    i.NRF24L01_Read_Reg                      0x080027f0   Section        0  bsp_nrf24l01.o(i.NRF24L01_Read_Reg)
    i.NRF24L01_RxPacket                      0x08002828   Section        0  bsp_nrf24l01.o(i.NRF24L01_RxPacket)
    i.NRF24L01_SPI_Init                      0x08002860   Section        0  bsp_nrf24l01.o(i.NRF24L01_SPI_Init)
    i.NRF24L01_Write_Buf                     0x0800288c   Section        0  bsp_nrf24l01.o(i.NRF24L01_Write_Buf)
    i.NRF24L01_Write_Reg                     0x080028e0   Section        0  bsp_nrf24l01.o(i.NRF24L01_Write_Reg)
    i.OLED_Clear                             0x0800291c   Section        0  oled.o(i.OLED_Clear)
    i.OLED_Init                              0x08002948   Section        0  oled.o(i.OLED_Init)
    i.OLED_Refresh_Gram                      0x08002a98   Section        0  oled.o(i.OLED_Refresh_Gram)
    i.OLED_WR_Byte                           0x08002ae4   Section        0  oled.o(i.OLED_WR_Byte)
    i.PCD_EP_ISR_Handler                     0x08002b18   Section        0  stm32f1xx_hal_pcd.o(i.PCD_EP_ISR_Handler)
    PCD_EP_ISR_Handler                       0x08002b19   Thumb Code   788  stm32f1xx_hal_pcd.o(i.PCD_EP_ISR_Handler)
    i.PendSV_Handler                         0x08002e2c   Section        0  stm32f1xx_it.o(i.PendSV_Handler)
    i.SPI1_SetSpeed                          0x08002e30   Section        0  bsp_nrf24l01.o(i.SPI1_SetSpeed)
    SPI1_SetSpeed                            0x08002e31   Thumb Code    46  bsp_nrf24l01.o(i.SPI1_SetSpeed)
    i.SPI_EndRxTxTransaction                 0x08002e64   Section        0  stm32f1xx_hal_spi.o(i.SPI_EndRxTxTransaction)
    SPI_EndRxTxTransaction                   0x08002e65   Thumb Code    32  stm32f1xx_hal_spi.o(i.SPI_EndRxTxTransaction)
    i.SPI_WaitFlagStateUntilTimeout          0x08002e84   Section        0  stm32f1xx_hal_spi.o(i.SPI_WaitFlagStateUntilTimeout)
    SPI_WaitFlagStateUntilTimeout            0x08002e85   Thumb Code   180  stm32f1xx_hal_spi.o(i.SPI_WaitFlagStateUntilTimeout)
    i.SPIx_ReadWriteByte                     0x08002f3c   Section        0  bsp_nrf24l01.o(i.SPIx_ReadWriteByte)
    i.SVC_Handler                            0x08002f5c   Section        0  stm32f1xx_it.o(i.SVC_Handler)
    i.SysTick_Handler                        0x08002f5e   Section        0  stm32f1xx_it.o(i.SysTick_Handler)
    i.SystemClock_Config                     0x08002f60   Section        0  main.o(i.SystemClock_Config)
    i.SystemInit                             0x08002fd8   Section        0  system_stm32f1xx.o(i.SystemInit)
    i.TIM1_UP_IRQHandler                     0x08002fdc   Section        0  stm32f1xx_it.o(i.TIM1_UP_IRQHandler)
    i.TIM2_IRQHandler                        0x08002fe8   Section        0  stm32f1xx_it.o(i.TIM2_IRQHandler)
    i.TIM_Base_SetConfig                     0x08002ff4   Section        0  stm32f1xx_hal_tim.o(i.TIM_Base_SetConfig)
    i.TIM_ETR_SetConfig                      0x08003080   Section        0  stm32f1xx_hal_tim.o(i.TIM_ETR_SetConfig)
    i.TIM_ITRx_SetConfig                     0x08003094   Section        0  stm32f1xx_hal_tim.o(i.TIM_ITRx_SetConfig)
    TIM_ITRx_SetConfig                       0x08003095   Thumb Code    16  stm32f1xx_hal_tim.o(i.TIM_ITRx_SetConfig)
    i.TIM_TI1_ConfigInputStage               0x080030a4   Section        0  stm32f1xx_hal_tim.o(i.TIM_TI1_ConfigInputStage)
    TIM_TI1_ConfigInputStage                 0x080030a5   Thumb Code    34  stm32f1xx_hal_tim.o(i.TIM_TI1_ConfigInputStage)
    i.TIM_TI2_ConfigInputStage               0x080030c6   Section        0  stm32f1xx_hal_tim.o(i.TIM_TI2_ConfigInputStage)
    TIM_TI2_ConfigInputStage                 0x080030c7   Thumb Code    36  stm32f1xx_hal_tim.o(i.TIM_TI2_ConfigInputStage)
    i.UART_SetConfig                         0x080030ec   Section        0  stm32f1xx_hal_uart.o(i.UART_SetConfig)
    UART_SetConfig                           0x080030ed   Thumb Code   178  stm32f1xx_hal_uart.o(i.UART_SetConfig)
    i.UART_WaitOnFlagUntilTimeout            0x080031a4   Section        0  stm32f1xx_hal_uart.o(i.UART_WaitOnFlagUntilTimeout)
    UART_WaitOnFlagUntilTimeout              0x080031a5   Thumb Code   100  stm32f1xx_hal_uart.o(i.UART_WaitOnFlagUntilTimeout)
    i.USBD_ClrClassConfig                    0x08003208   Section        0  usbd_core.o(i.USBD_ClrClassConfig)
    i.USBD_CtlContinueRx                     0x08003216   Section        0  usbd_ioreq.o(i.USBD_CtlContinueRx)
    i.USBD_CtlContinueSendData               0x08003226   Section        0  usbd_ioreq.o(i.USBD_CtlContinueSendData)
    i.USBD_CtlError                          0x08003236   Section        0  usbd_ctlreq.o(i.USBD_CtlError)
    i.USBD_CtlReceiveStatus                  0x0800324c   Section        0  usbd_ioreq.o(i.USBD_CtlReceiveStatus)
    i.USBD_CtlSendData                       0x08003262   Section        0  usbd_ioreq.o(i.USBD_CtlSendData)
    i.USBD_CtlSendStatus                     0x0800327c   Section        0  usbd_ioreq.o(i.USBD_CtlSendStatus)
    i.USBD_FS_ConfigStrDescriptor            0x08003294   Section        0  usbd_desc.o(i.USBD_FS_ConfigStrDescriptor)
    i.USBD_FS_DeviceDescriptor               0x080032b4   Section        0  usbd_desc.o(i.USBD_FS_DeviceDescriptor)
    i.USBD_FS_InterfaceStrDescriptor         0x080032c0   Section        0  usbd_desc.o(i.USBD_FS_InterfaceStrDescriptor)
    i.USBD_FS_LangIDStrDescriptor            0x080032e4   Section        0  usbd_desc.o(i.USBD_FS_LangIDStrDescriptor)
    i.USBD_FS_ManufacturerStrDescriptor      0x080032f0   Section        0  usbd_desc.o(i.USBD_FS_ManufacturerStrDescriptor)
    i.USBD_FS_ProductStrDescriptor           0x08003318   Section        0  usbd_desc.o(i.USBD_FS_ProductStrDescriptor)
    i.USBD_FS_SerialStrDescriptor            0x08003344   Section        0  usbd_desc.o(i.USBD_FS_SerialStrDescriptor)
    i.USBD_GetDescriptor                     0x0800337c   Section        0  usbd_ctlreq.o(i.USBD_GetDescriptor)
    USBD_GetDescriptor                       0x0800337d   Thumb Code   232  usbd_ctlreq.o(i.USBD_GetDescriptor)
    i.USBD_GetString                         0x08003464   Section        0  usbd_ctlreq.o(i.USBD_GetString)
    i.USBD_Get_USB_Status                    0x080034ac   Section        0  usbd_conf.o(i.USBD_Get_USB_Status)
    USBD_Get_USB_Status                      0x080034ad   Thumb Code    24  usbd_conf.o(i.USBD_Get_USB_Status)
    i.USBD_HID_DataIn                        0x080034c4   Section        0  usbd_hid.o(i.USBD_HID_DataIn)
    USBD_HID_DataIn                          0x080034c5   Thumb Code    12  usbd_hid.o(i.USBD_HID_DataIn)
    i.USBD_HID_DeInit                        0x080034d0   Section        0  usbd_hid.o(i.USBD_HID_DeInit)
    USBD_HID_DeInit                          0x080034d1   Thumb Code    32  usbd_hid.o(i.USBD_HID_DeInit)
    i.USBD_HID_GetDeviceQualifierDesc        0x080034f0   Section        0  usbd_hid.o(i.USBD_HID_GetDeviceQualifierDesc)
    USBD_HID_GetDeviceQualifierDesc          0x080034f1   Thumb Code     8  usbd_hid.o(i.USBD_HID_GetDeviceQualifierDesc)
    i.USBD_HID_GetFSCfgDesc                  0x080034fc   Section        0  usbd_hid.o(i.USBD_HID_GetFSCfgDesc)
    USBD_HID_GetFSCfgDesc                    0x080034fd   Thumb Code     8  usbd_hid.o(i.USBD_HID_GetFSCfgDesc)
    i.USBD_HID_GetHSCfgDesc                  0x08003508   Section        0  usbd_hid.o(i.USBD_HID_GetHSCfgDesc)
    USBD_HID_GetHSCfgDesc                    0x08003509   Thumb Code     8  usbd_hid.o(i.USBD_HID_GetHSCfgDesc)
    i.USBD_HID_GetOtherSpeedCfgDesc          0x08003514   Section        0  usbd_hid.o(i.USBD_HID_GetOtherSpeedCfgDesc)
    USBD_HID_GetOtherSpeedCfgDesc            0x08003515   Thumb Code     8  usbd_hid.o(i.USBD_HID_GetOtherSpeedCfgDesc)
    i.USBD_HID_Init                          0x08003520   Section        0  usbd_hid.o(i.USBD_HID_Init)
    USBD_HID_Init                            0x08003521   Thumb Code    42  usbd_hid.o(i.USBD_HID_Init)
    i.USBD_HID_SendReport                    0x0800354a   Section        0  usbd_hid.o(i.USBD_HID_SendReport)
    i.USBD_HID_Setup                         0x08003570   Section        0  usbd_hid.o(i.USBD_HID_Setup)
    USBD_HID_Setup                           0x08003571   Thumb Code   196  usbd_hid.o(i.USBD_HID_Setup)
    i.USBD_Init                              0x08003638   Section        0  usbd_core.o(i.USBD_Init)
    i.USBD_LL_ClearStallEP                   0x08003662   Section        0  usbd_conf.o(i.USBD_LL_ClearStallEP)
    i.USBD_LL_CloseEP                        0x08003674   Section        0  usbd_conf.o(i.USBD_LL_CloseEP)
    i.USBD_LL_DataInStage                    0x08003686   Section        0  usbd_core.o(i.USBD_LL_DataInStage)
    i.USBD_LL_DataOutStage                   0x0800374c   Section        0  usbd_core.o(i.USBD_LL_DataOutStage)
    i.USBD_LL_Init                           0x080037d0   Section        0  usbd_conf.o(i.USBD_LL_Init)
    i.USBD_LL_IsStallEP                      0x08003838   Section        0  usbd_conf.o(i.USBD_LL_IsStallEP)
    i.USBD_LL_OpenEP                         0x08003858   Section        0  usbd_conf.o(i.USBD_LL_OpenEP)
    i.USBD_LL_PrepareReceive                 0x08003870   Section        0  usbd_conf.o(i.USBD_LL_PrepareReceive)
    i.USBD_LL_Reset                          0x08003882   Section        0  usbd_core.o(i.USBD_LL_Reset)
    i.USBD_LL_Resume                         0x080038d2   Section        0  usbd_core.o(i.USBD_LL_Resume)
    i.USBD_LL_SOF                            0x080038e6   Section        0  usbd_core.o(i.USBD_LL_SOF)
    i.USBD_LL_SetSpeed                       0x080038fe   Section        0  usbd_core.o(i.USBD_LL_SetSpeed)
    i.USBD_LL_SetUSBAddress                  0x08003904   Section        0  usbd_conf.o(i.USBD_LL_SetUSBAddress)
    i.USBD_LL_SetupStage                     0x08003916   Section        0  usbd_core.o(i.USBD_LL_SetupStage)
    i.USBD_LL_StallEP                        0x08003970   Section        0  usbd_conf.o(i.USBD_LL_StallEP)
    i.USBD_LL_Start                          0x08003982   Section        0  usbd_conf.o(i.USBD_LL_Start)
    i.USBD_LL_Suspend                        0x08003994   Section        0  usbd_core.o(i.USBD_LL_Suspend)
    i.USBD_LL_Transmit                       0x080039a6   Section        0  usbd_conf.o(i.USBD_LL_Transmit)
    i.USBD_ParseSetupRequest                 0x080039b8   Section        0  usbd_ctlreq.o(i.USBD_ParseSetupRequest)
    i.USBD_RegisterClass                     0x080039e0   Section        0  usbd_core.o(i.USBD_RegisterClass)
    i.USBD_SetClassConfig                    0x080039f0   Section        0  usbd_core.o(i.USBD_SetClassConfig)
    i.USBD_SetConfig                         0x08003a08   Section        0  usbd_ctlreq.o(i.USBD_SetConfig)
    USBD_SetConfig                           0x08003a09   Thumb Code   128  usbd_ctlreq.o(i.USBD_SetConfig)
    i.USBD_Start                             0x08003a8c   Section        0  usbd_core.o(i.USBD_Start)
    i.USBD_StdDevReq                         0x08003a96   Section        0  usbd_ctlreq.o(i.USBD_StdDevReq)
    i.USBD_StdEPReq                          0x08003ba8   Section        0  usbd_ctlreq.o(i.USBD_StdEPReq)
    i.USBD_StdItfReq                         0x08003cf8   Section        0  usbd_ctlreq.o(i.USBD_StdItfReq)
    i.USBD_static_free                       0x08003d46   Section        0  usbd_conf.o(i.USBD_static_free)
    i.USBD_static_malloc                     0x08003d48   Section        0  usbd_conf.o(i.USBD_static_malloc)
    i.USB_ActivateEndpoint                   0x08003d50   Section        0  stm32f1xx_ll_usb.o(i.USB_ActivateEndpoint)
    i.USB_CoreInit                           0x08003fa8   Section        0  stm32f1xx_ll_usb.o(i.USB_CoreInit)
    i.USB_DeactivateEndpoint                 0x08003fac   Section        0  stm32f1xx_ll_usb.o(i.USB_DeactivateEndpoint)
    i.USB_DevConnect                         0x080040ba   Section        0  stm32f1xx_ll_usb.o(i.USB_DevConnect)
    i.USB_DevDisconnect                      0x080040be   Section        0  stm32f1xx_ll_usb.o(i.USB_DevDisconnect)
    i.USB_DevInit                            0x080040c2   Section        0  stm32f1xx_ll_usb.o(i.USB_DevInit)
    i.USB_DisableGlobalInt                   0x080040d4   Section        0  stm32f1xx_ll_usb.o(i.USB_DisableGlobalInt)
    i.USB_EP0_OutStart                       0x080040e2   Section        0  stm32f1xx_ll_usb.o(i.USB_EP0_OutStart)
    i.USB_EPClearStall                       0x080040e6   Section        0  stm32f1xx_ll_usb.o(i.USB_EPClearStall)
    i.USB_EPSetStall                         0x0800415e   Section        0  stm32f1xx_ll_usb.o(i.USB_EPSetStall)
    i.USB_EPStartXfer                        0x08004190   Section        0  stm32f1xx_ll_usb.o(i.USB_EPStartXfer)
    i.USB_EnableGlobalInt                    0x0800479c   Section        0  stm32f1xx_ll_usb.o(i.USB_EnableGlobalInt)
    i.USB_LP_CAN1_RX0_IRQHandler             0x080047b0   Section        0  stm32f1xx_it.o(i.USB_LP_CAN1_RX0_IRQHandler)
    i.USB_ReadInterrupts                     0x080047bc   Section        0  stm32f1xx_ll_usb.o(i.USB_ReadInterrupts)
    i.USB_ReadPMA                            0x080047c4   Section        0  stm32f1xx_ll_usb.o(i.USB_ReadPMA)
    i.USB_SetCurrentMode                     0x080047f0   Section        0  stm32f1xx_ll_usb.o(i.USB_SetCurrentMode)
    i.USB_SetDevAddress                      0x080047f4   Section        0  stm32f1xx_ll_usb.o(i.USB_SetDevAddress)
    i.USB_WritePMA                           0x08004800   Section        0  stm32f1xx_ll_usb.o(i.USB_WritePMA)
    i.UsageFault_Handler                     0x08004826   Section        0  stm32f1xx_it.o(i.UsageFault_Handler)
    i.__NVIC_SetPriority                     0x08004828   Section        0  stm32f1xx_hal_cortex.o(i.__NVIC_SetPriority)
    __NVIC_SetPriority                       0x08004829   Thumb Code    32  stm32f1xx_hal_cortex.o(i.__NVIC_SetPriority)
    i._sys_exit                              0x08004848   Section        0  usart.o(i._sys_exit)
    i.fputc                                  0x0800484c   Section        0  usart.o(i.fputc)
    i.main                                   0x08004864   Section        0  main.o(i.main)
    .constdata                               0x080049c0   Section       10  bsp_nrf24l01.o(.constdata)
    .constdata                               0x080049ca   Section       16  system_stm32f1xx.o(.constdata)
    .constdata                               0x080049da   Section        8  system_stm32f1xx.o(.constdata)
    .data                                    0x20000000   Section       12  main.o(.data)
    .data                                    0x2000000c   Section        4  usart.o(.data)
    .data                                    0x20000010   Section       28  usbd_desc.o(.data)
    .data                                    0x2000002c   Section       50  usbd_desc.o(.data)
    .data                                    0x20000060   Section       12  stm32f1xx_hal.o(.data)
    .data                                    0x2000006c   Section        4  system_stm32f1xx.o(.data)
    .data                                    0x20000070   Section        1  usbd_ctlreq.o(.data)
    cfgidx                                   0x20000070   Data           1  usbd_ctlreq.o(.data)
    .data                                    0x20000074   Section       56  usbd_hid.o(.data)
    .data                                    0x200000ac   Section      206  usbd_hid.o(.data)
    USBD_HID_CfgFSDesc                       0x200000ac   Data          34  usbd_hid.o(.data)
    USBD_HID_CfgHSDesc                       0x200000d0   Data          34  usbd_hid.o(.data)
    USBD_HID_OtherSpeedCfgDesc               0x200000f4   Data          34  usbd_hid.o(.data)
    USBD_HID_Desc                            0x20000118   Data           9  usbd_hid.o(.data)
    USBD_HID_DeviceQualifierDesc             0x20000124   Data          10  usbd_hid.o(.data)
    HID_MOUSE_ReportDesc                     0x20000130   Data          74  usbd_hid.o(.data)
    .bss                                     0x2000017c   Section       84  i2c.o(.bss)
    .bss                                     0x200001d0   Section       88  spi.o(.bss)
    .bss                                     0x20000228   Section       72  tim.o(.bss)
    .bss                                     0x20000270   Section       68  usart.o(.bss)
    .bss                                     0x200002b4   Section      708  usb_device.o(.bss)
    .bss                                     0x20000578   Section      768  usbd_conf.o(.bss)
    mem                                      0x20000578   Data          20  usbd_conf.o(.bss)
    .bss                                     0x20000878   Section      512  usbd_desc.o(.bss)
    .bss                                     0x20000a78   Section       72  stm32f1xx_hal_timebase_tim.o(.bss)
    .bss                                     0x20000ac0   Section     1024  oled.o(.bss)
    .bss                                     0x20000ec0   Section       96  libspace.o(.bss)
    HEAP                                     0x20000f20   Section      512  startup_stm32f103xe.o(HEAP)
    Heap_Mem                                 0x20000f20   Data         512  startup_stm32f103xe.o(HEAP)
    STACK                                    0x20001120   Section     1024  startup_stm32f103xe.o(STACK)
    Stack_Mem                                0x20001120   Data        1024  startup_stm32f103xe.o(STACK)
    __initial_sp                             0x20001520   Data           0  startup_stm32f103xe.o(STACK)

    Global Symbols

    Symbol Name                              Value     Ov Type        Size  Object(Section)

    BuildAttributes$$THM_ISAv4$P$D$K$B$S$PE$A:L22UL41UL21$X:L11$S22US41US21$IEEE1$IW$USESV6$~STKCKD$USESV7$~SHL$OSPACE$ROPI$EBA8$UX$STANDARDLIB$REQ8$PRES8$EABIv2 0x00000000   Number         0  anon$$obj.o ABSOLUTE
    __ARM_use_no_argv                        0x00000000   Number         0  main.o ABSOLUTE
    __ARM_exceptions_init                     - Undefined Weak Reference
    __alloca_initialize                       - Undefined Weak Reference
    __arm_preinit_                            - Undefined Weak Reference
    __cpp_initialize__aeabi_                  - Undefined Weak Reference
    __cxa_finalize                            - Undefined Weak Reference
    __rt_locale                               - Undefined Weak Reference
    __sigvec_lookup                           - Undefined Weak Reference
    _atexit_init                              - Undefined Weak Reference
    _call_atexit_fns                          - Undefined Weak Reference
    _clock_init                               - Undefined Weak Reference
    _fp_trap_init                             - Undefined Weak Reference
    _fp_trap_shutdown                         - Undefined Weak Reference
    _get_lc_collate                           - Undefined Weak Reference
    _get_lc_ctype                             - Undefined Weak Reference
    _get_lc_monetary                          - Undefined Weak Reference
    _get_lc_numeric                           - Undefined Weak Reference
    _get_lc_time                              - Undefined Weak Reference
    _getenv_init                              - Undefined Weak Reference
    _handle_redirection                       - Undefined Weak Reference
    _init_alloc                               - Undefined Weak Reference
    _init_user_alloc                          - Undefined Weak Reference
    _initio                                   - Undefined Weak Reference
    _mutex_acquire                            - Undefined Weak Reference
    _mutex_release                            - Undefined Weak Reference
    _printf_post_padding                      - Undefined Weak Reference
    _printf_pre_padding                       - Undefined Weak Reference
    _printf_truncate_signed                   - Undefined Weak Reference
    _printf_truncate_unsigned                 - Undefined Weak Reference
    _rand_init                                - Undefined Weak Reference
    _signal_finish                            - Undefined Weak Reference
    _signal_init                              - Undefined Weak Reference
    _terminate_alloc                          - Undefined Weak Reference
    _terminate_user_alloc                     - Undefined Weak Reference
    _terminateio                              - Undefined Weak Reference
    __Vectors_Size                           0x00000130   Number         0  startup_stm32f103xe.o ABSOLUTE
    __Vectors                                0x08000000   Data           4  startup_stm32f103xe.o(RESET)
    __Vectors_End                            0x08000130   Data           0  startup_stm32f103xe.o(RESET)
    __main                                   0x08000131   Thumb Code     8  __main.o(!!!main)
    __scatterload                            0x08000139   Thumb Code     0  __scatter.o(!!!scatter)
    __scatterload_rt2                        0x08000139   Thumb Code    44  __scatter.o(!!!scatter)
    __scatterload_rt2_thumb_only             0x08000139   Thumb Code     0  __scatter.o(!!!scatter)
    __scatterload_null                       0x08000147   Thumb Code     0  __scatter.o(!!!scatter)
    __decompress                             0x0800016d   Thumb Code    90  __dczerorl2.o(!!dczerorl2)
    __decompress1                            0x0800016d   Thumb Code     0  __dczerorl2.o(!!dczerorl2)
    __scatterload_zeroinit                   0x080001c9   Thumb Code    28  __scatter_zi.o(!!handler_zi)
    _printf_d                                0x080001e5   Thumb Code     0  _printf_d.o(.ARM.Collect$$_printf_percent$$00000009)
    _printf_percent                          0x080001e5   Thumb Code     0  _printf_percent.o(.ARM.Collect$$_printf_percent$$00000000)
    _printf_percent_end                      0x080001eb   Thumb Code     0  _printf_percent_end.o(.ARM.Collect$$_printf_percent$$00000017)
    __rt_lib_init                            0x080001ef   Thumb Code     0  libinit.o(.ARM.Collect$$libinit$$00000000)
    __rt_lib_init_alloca_1                   0x080001f1   Thumb Code     0  libinit2.o(.ARM.Collect$$libinit$$0000002E)
    __rt_lib_init_argv_1                     0x080001f1   Thumb Code     0  libinit2.o(.ARM.Collect$$libinit$$0000002C)
    __rt_lib_init_atexit_1                   0x080001f1   Thumb Code     0  libinit2.o(.ARM.Collect$$libinit$$0000001B)
    __rt_lib_init_clock_1                    0x080001f1   Thumb Code     0  libinit2.o(.ARM.Collect$$libinit$$00000021)
    __rt_lib_init_cpp_1                      0x080001f1   Thumb Code     0  libinit2.o(.ARM.Collect$$libinit$$00000032)
    __rt_lib_init_exceptions_1               0x080001f1   Thumb Code     0  libinit2.o(.ARM.Collect$$libinit$$00000030)
    __rt_lib_init_fp_1                       0x080001f1   Thumb Code     0  libinit2.o(.ARM.Collect$$libinit$$00000002)
    __rt_lib_init_fp_trap_1                  0x080001f1   Thumb Code     0  libinit2.o(.ARM.Collect$$libinit$$0000001F)
    __rt_lib_init_getenv_1                   0x080001f1   Thumb Code     0  libinit2.o(.ARM.Collect$$libinit$$00000023)
    __rt_lib_init_heap_1                     0x080001f1   Thumb Code     0  libinit2.o(.ARM.Collect$$libinit$$0000000A)
    __rt_lib_init_lc_collate_1               0x080001f1   Thumb Code     0  libinit2.o(.ARM.Collect$$libinit$$00000011)
    __rt_lib_init_lc_ctype_1                 0x080001f1   Thumb Code     0  libinit2.o(.ARM.Collect$$libinit$$00000013)
    __rt_lib_init_lc_monetary_1              0x080001f1   Thumb Code     0  libinit2.o(.ARM.Collect$$libinit$$00000015)
    __rt_lib_init_lc_numeric_1               0x080001f1   Thumb Code     0  libinit2.o(.ARM.Collect$$libinit$$00000017)
    __rt_lib_init_lc_time_1                  0x080001f1   Thumb Code     0  libinit2.o(.ARM.Collect$$libinit$$00000019)
    __rt_lib_init_preinit_1                  0x080001f1   Thumb Code     0  libinit2.o(.ARM.Collect$$libinit$$00000004)
    __rt_lib_init_rand_1                     0x080001f1   Thumb Code     0  libinit2.o(.ARM.Collect$$libinit$$0000000E)
    __rt_lib_init_return                     0x080001f1   Thumb Code     0  libinit2.o(.ARM.Collect$$libinit$$00000033)
    __rt_lib_init_signal_1                   0x080001f1   Thumb Code     0  libinit2.o(.ARM.Collect$$libinit$$0000001D)
    __rt_lib_init_stdio_1                    0x080001f1   Thumb Code     0  libinit2.o(.ARM.Collect$$libinit$$00000025)
    __rt_lib_init_user_alloc_1               0x080001f1   Thumb Code     0  libinit2.o(.ARM.Collect$$libinit$$0000000C)
    __rt_lib_shutdown                        0x080001f3   Thumb Code     0  libshutdown.o(.ARM.Collect$$libshutdown$$00000000)
    __rt_lib_shutdown_cpp_1                  0x080001f5   Thumb Code     0  libshutdown2.o(.ARM.Collect$$libshutdown$$00000002)
    __rt_lib_shutdown_fp_trap_1              0x080001f5   Thumb Code     0  libshutdown2.o(.ARM.Collect$$libshutdown$$00000007)
    __rt_lib_shutdown_heap_1                 0x080001f5   Thumb Code     0  libshutdown2.o(.ARM.Collect$$libshutdown$$0000000F)
    __rt_lib_shutdown_return                 0x080001f5   Thumb Code     0  libshutdown2.o(.ARM.Collect$$libshutdown$$00000010)
    __rt_lib_shutdown_signal_1               0x080001f5   Thumb Code     0  libshutdown2.o(.ARM.Collect$$libshutdown$$0000000A)
    __rt_lib_shutdown_stdio_1                0x080001f5   Thumb Code     0  libshutdown2.o(.ARM.Collect$$libshutdown$$00000004)
    __rt_lib_shutdown_user_alloc_1           0x080001f5   Thumb Code     0  libshutdown2.o(.ARM.Collect$$libshutdown$$0000000C)
    __rt_entry                               0x080001f7   Thumb Code     0  __rtentry.o(.ARM.Collect$$rtentry$$00000000)
    __rt_entry_presh_1                       0x080001f7   Thumb Code     0  __rtentry2.o(.ARM.Collect$$rtentry$$00000002)
    __rt_entry_sh                            0x080001f7   Thumb Code     0  __rtentry4.o(.ARM.Collect$$rtentry$$00000004)
    __rt_entry_li                            0x080001fd   Thumb Code     0  __rtentry2.o(.ARM.Collect$$rtentry$$0000000A)
    __rt_entry_postsh_1                      0x080001fd   Thumb Code     0  __rtentry2.o(.ARM.Collect$$rtentry$$00000009)
    __rt_entry_main                          0x08000201   Thumb Code     0  __rtentry2.o(.ARM.Collect$$rtentry$$0000000D)
    __rt_entry_postli_1                      0x08000201   Thumb Code     0  __rtentry2.o(.ARM.Collect$$rtentry$$0000000C)
    __rt_exit                                0x08000209   Thumb Code     0  rtexit.o(.ARM.Collect$$rtexit$$00000000)
    __rt_exit_ls                             0x0800020b   Thumb Code     0  rtexit2.o(.ARM.Collect$$rtexit$$00000003)
    __rt_exit_prels_1                        0x0800020b   Thumb Code     0  rtexit2.o(.ARM.Collect$$rtexit$$00000002)
    __rt_exit_exit                           0x0800020f   Thumb Code     0  rtexit2.o(.ARM.Collect$$rtexit$$00000004)
    Reset_Handler                            0x08000215   Thumb Code     8  startup_stm32f103xe.o(.text)
    ADC1_2_IRQHandler                        0x0800022f   Thumb Code     0  startup_stm32f103xe.o(.text)
    ADC3_IRQHandler                          0x0800022f   Thumb Code     0  startup_stm32f103xe.o(.text)
    CAN1_RX1_IRQHandler                      0x0800022f   Thumb Code     0  startup_stm32f103xe.o(.text)
    CAN1_SCE_IRQHandler                      0x0800022f   Thumb Code     0  startup_stm32f103xe.o(.text)
    DMA1_Channel1_IRQHandler                 0x0800022f   Thumb Code     0  startup_stm32f103xe.o(.text)
    DMA1_Channel2_IRQHandler                 0x0800022f   Thumb Code     0  startup_stm32f103xe.o(.text)
    DMA1_Channel3_IRQHandler                 0x0800022f   Thumb Code     0  startup_stm32f103xe.o(.text)
    DMA1_Channel4_IRQHandler                 0x0800022f   Thumb Code     0  startup_stm32f103xe.o(.text)
    DMA1_Channel5_IRQHandler                 0x0800022f   Thumb Code     0  startup_stm32f103xe.o(.text)
    DMA1_Channel6_IRQHandler                 0x0800022f   Thumb Code     0  startup_stm32f103xe.o(.text)
    DMA1_Channel7_IRQHandler                 0x0800022f   Thumb Code     0  startup_stm32f103xe.o(.text)
    DMA2_Channel1_IRQHandler                 0x0800022f   Thumb Code     0  startup_stm32f103xe.o(.text)
    DMA2_Channel2_IRQHandler                 0x0800022f   Thumb Code     0  startup_stm32f103xe.o(.text)
    DMA2_Channel3_IRQHandler                 0x0800022f   Thumb Code     0  startup_stm32f103xe.o(.text)
    DMA2_Channel4_5_IRQHandler               0x0800022f   Thumb Code     0  startup_stm32f103xe.o(.text)
    EXTI15_10_IRQHandler                     0x0800022f   Thumb Code     0  startup_stm32f103xe.o(.text)
    EXTI1_IRQHandler                         0x0800022f   Thumb Code     0  startup_stm32f103xe.o(.text)
    EXTI2_IRQHandler                         0x0800022f   Thumb Code     0  startup_stm32f103xe.o(.text)
    EXTI3_IRQHandler                         0x0800022f   Thumb Code     0  startup_stm32f103xe.o(.text)
    EXTI4_IRQHandler                         0x0800022f   Thumb Code     0  startup_stm32f103xe.o(.text)
    EXTI9_5_IRQHandler                       0x0800022f   Thumb Code     0  startup_stm32f103xe.o(.text)
    FLASH_IRQHandler                         0x0800022f   Thumb Code     0  startup_stm32f103xe.o(.text)
    FSMC_IRQHandler                          0x0800022f   Thumb Code     0  startup_stm32f103xe.o(.text)
    I2C1_ER_IRQHandler                       0x0800022f   Thumb Code     0  startup_stm32f103xe.o(.text)
    I2C1_EV_IRQHandler                       0x0800022f   Thumb Code     0  startup_stm32f103xe.o(.text)
    I2C2_ER_IRQHandler                       0x0800022f   Thumb Code     0  startup_stm32f103xe.o(.text)
    I2C2_EV_IRQHandler                       0x0800022f   Thumb Code     0  startup_stm32f103xe.o(.text)
    PVD_IRQHandler                           0x0800022f   Thumb Code     0  startup_stm32f103xe.o(.text)
    RCC_IRQHandler                           0x0800022f   Thumb Code     0  startup_stm32f103xe.o(.text)
    RTC_Alarm_IRQHandler                     0x0800022f   Thumb Code     0  startup_stm32f103xe.o(.text)
    RTC_IRQHandler                           0x0800022f   Thumb Code     0  startup_stm32f103xe.o(.text)
    SDIO_IRQHandler                          0x0800022f   Thumb Code     0  startup_stm32f103xe.o(.text)
    SPI1_IRQHandler                          0x0800022f   Thumb Code     0  startup_stm32f103xe.o(.text)
    SPI2_IRQHandler                          0x0800022f   Thumb Code     0  startup_stm32f103xe.o(.text)
    SPI3_IRQHandler                          0x0800022f   Thumb Code     0  startup_stm32f103xe.o(.text)
    TAMPER_IRQHandler                        0x0800022f   Thumb Code     0  startup_stm32f103xe.o(.text)
    TIM1_BRK_IRQHandler                      0x0800022f   Thumb Code     0  startup_stm32f103xe.o(.text)
    TIM1_CC_IRQHandler                       0x0800022f   Thumb Code     0  startup_stm32f103xe.o(.text)
    TIM1_TRG_COM_IRQHandler                  0x0800022f   Thumb Code     0  startup_stm32f103xe.o(.text)
    TIM3_IRQHandler                          0x0800022f   Thumb Code     0  startup_stm32f103xe.o(.text)
    TIM4_IRQHandler                          0x0800022f   Thumb Code     0  startup_stm32f103xe.o(.text)
    TIM5_IRQHandler                          0x0800022f   Thumb Code     0  startup_stm32f103xe.o(.text)
    TIM6_IRQHandler                          0x0800022f   Thumb Code     0  startup_stm32f103xe.o(.text)
    TIM7_IRQHandler                          0x0800022f   Thumb Code     0  startup_stm32f103xe.o(.text)
    TIM8_BRK_IRQHandler                      0x0800022f   Thumb Code     0  startup_stm32f103xe.o(.text)
    TIM8_CC_IRQHandler                       0x0800022f   Thumb Code     0  startup_stm32f103xe.o(.text)
    TIM8_TRG_COM_IRQHandler                  0x0800022f   Thumb Code     0  startup_stm32f103xe.o(.text)
    TIM8_UP_IRQHandler                       0x0800022f   Thumb Code     0  startup_stm32f103xe.o(.text)
    UART4_IRQHandler                         0x0800022f   Thumb Code     0  startup_stm32f103xe.o(.text)
    UART5_IRQHandler                         0x0800022f   Thumb Code     0  startup_stm32f103xe.o(.text)
    USART1_IRQHandler                        0x0800022f   Thumb Code     0  startup_stm32f103xe.o(.text)
    USART2_IRQHandler                        0x0800022f   Thumb Code     0  startup_stm32f103xe.o(.text)
    USART3_IRQHandler                        0x0800022f   Thumb Code     0  startup_stm32f103xe.o(.text)
    USBWakeUp_IRQHandler                     0x0800022f   Thumb Code     0  startup_stm32f103xe.o(.text)
    USB_HP_CAN1_TX_IRQHandler                0x0800022f   Thumb Code     0  startup_stm32f103xe.o(.text)
    WWDG_IRQHandler                          0x0800022f   Thumb Code     0  startup_stm32f103xe.o(.text)
    __user_initial_stackheap                 0x08000231   Thumb Code     0  startup_stm32f103xe.o(.text)
    __2printf                                0x08000255   Thumb Code    20  noretval__2printf.o(.text)
    __printf                                 0x0800026d   Thumb Code   104  __printf.o(.text)
    _printf_int_dec                          0x080002d5   Thumb Code   104  _printf_dec.o(.text)
    __aeabi_memcpy4                          0x0800034d   Thumb Code     0  rt_memcpy_w.o(.text)
    __aeabi_memcpy8                          0x0800034d   Thumb Code     0  rt_memcpy_w.o(.text)
    __rt_memcpy_w                            0x0800034d   Thumb Code   100  rt_memcpy_w.o(.text)
    _memcpy_lastbytes_aligned                0x08000395   Thumb Code     0  rt_memcpy_w.o(.text)
    __aeabi_memclr4                          0x080003b1   Thumb Code     0  rt_memclr_w.o(.text)
    __aeabi_memclr8                          0x080003b1   Thumb Code     0  rt_memclr_w.o(.text)
    __rt_memclr_w                            0x080003b1   Thumb Code    78  rt_memclr_w.o(.text)
    _memset_w                                0x080003b5   Thumb Code     0  rt_memclr_w.o(.text)
    __use_two_region_memory                  0x080003ff   Thumb Code     2  heapauxi.o(.text)
    __rt_heap_escrow$2region                 0x08000401   Thumb Code     2  heapauxi.o(.text)
    __rt_heap_expand$2region                 0x08000403   Thumb Code     2  heapauxi.o(.text)
    _printf_int_common                       0x08000405   Thumb Code   178  _printf_intcommon.o(.text)
    _printf_char_file                        0x080004b9   Thumb Code    32  _printf_char_file.o(.text)
    _printf_char_common                      0x080004e7   Thumb Code    32  _printf_char_common.o(.text)
    ferror                                   0x0800050d   Thumb Code     8  ferror.o(.text)
    __user_setup_stackheap                   0x08000515   Thumb Code    74  sys_stackheap_outer.o(.text)
    exit                                     0x0800055f   Thumb Code    18  exit.o(.text)
    __user_libspace                          0x08000571   Thumb Code     8  libspace.o(.text)
    __user_perproc_libspace                  0x08000571   Thumb Code     0  libspace.o(.text)
    __user_perthread_libspace                0x08000571   Thumb Code     0  libspace.o(.text)
    BusFault_Handler                         0x08000579   Thumb Code     2  stm32f1xx_it.o(i.BusFault_Handler)
    DebugMon_Handler                         0x0800057b   Thumb Code     2  stm32f1xx_it.o(i.DebugMon_Handler)
    EXTI0_IRQHandler                         0x0800057d   Thumb Code     6  bsp_exti.o(i.EXTI0_IRQHandler)
    Error_Handler                            0x08000583   Thumb Code     4  main.o(i.Error_Handler)
    HAL_Delay                                0x08000589   Thumb Code    32  stm32f1xx_hal.o(i.HAL_Delay)
    HAL_GPIO_EXTI_Callback                   0x080005ad   Thumb Code    30  bsp_exti.o(i.HAL_GPIO_EXTI_Callback)
    HAL_GPIO_EXTI_IRQHandler                 0x080005d1   Thumb Code    18  stm32f1xx_hal_gpio.o(i.HAL_GPIO_EXTI_IRQHandler)
    HAL_GPIO_Init                            0x080005e9   Thumb Code   462  stm32f1xx_hal_gpio.o(i.HAL_GPIO_Init)
    HAL_GPIO_ReadPin                         0x080007e1   Thumb Code    10  stm32f1xx_hal_gpio.o(i.HAL_GPIO_ReadPin)
    HAL_GPIO_WritePin                        0x080007eb   Thumb Code    10  stm32f1xx_hal_gpio.o(i.HAL_GPIO_WritePin)
    HAL_GetTick                              0x080007f5   Thumb Code     6  stm32f1xx_hal.o(i.HAL_GetTick)
    HAL_I2C_Init                             0x08000801   Thumb Code   376  stm32f1xx_hal_i2c.o(i.HAL_I2C_Init)
    HAL_I2C_MspInit                          0x08000989   Thumb Code    80  i2c.o(i.HAL_I2C_MspInit)
    HAL_IncTick                              0x080009e5   Thumb Code    12  stm32f1xx_hal.o(i.HAL_IncTick)
    HAL_Init                                 0x080009f5   Thumb Code    32  stm32f1xx_hal.o(i.HAL_Init)
    HAL_InitTick                             0x08000a19   Thumb Code    98  stm32f1xx_hal_timebase_tim.o(i.HAL_InitTick)
    HAL_MspInit                              0x08000a8d   Thumb Code    52  stm32f1xx_hal_msp.o(i.HAL_MspInit)
    HAL_NVIC_EnableIRQ                       0x08000ac9   Thumb Code    26  stm32f1xx_hal_cortex.o(i.HAL_NVIC_EnableIRQ)
    HAL_NVIC_SetPriority                     0x08000ae5   Thumb Code    60  stm32f1xx_hal_cortex.o(i.HAL_NVIC_SetPriority)
    HAL_NVIC_SetPriorityGrouping             0x08000b25   Thumb Code    26  stm32f1xx_hal_cortex.o(i.HAL_NVIC_SetPriorityGrouping)
    HAL_PCDEx_PMAConfig                      0x08000b49   Thumb Code    60  stm32f1xx_hal_pcd_ex.o(i.HAL_PCDEx_PMAConfig)
    HAL_PCDEx_SetConnectionState             0x08000b85   Thumb Code     2  usbd_conf.o(i.HAL_PCDEx_SetConnectionState)
    HAL_PCD_DataInStageCallback              0x08000b87   Thumb Code    18  usbd_conf.o(i.HAL_PCD_DataInStageCallback)
    HAL_PCD_DataOutStageCallback             0x08000b99   Thumb Code    20  usbd_conf.o(i.HAL_PCD_DataOutStageCallback)
    HAL_PCD_EP_Close                         0x08000bad   Thumb Code    76  stm32f1xx_hal_pcd.o(i.HAL_PCD_EP_Close)
    HAL_PCD_EP_ClrStall                      0x08000bf9   Thumb Code    92  stm32f1xx_hal_pcd.o(i.HAL_PCD_EP_ClrStall)
    HAL_PCD_EP_Open                          0x0800106b   Thumb Code    96  stm32f1xx_hal_pcd.o(i.HAL_PCD_EP_Open)
    HAL_PCD_EP_Receive                       0x080010cb   Thumb Code    50  stm32f1xx_hal_pcd.o(i.HAL_PCD_EP_Receive)
    HAL_PCD_EP_SetStall                      0x080010fd   Thumb Code   114  stm32f1xx_hal_pcd.o(i.HAL_PCD_EP_SetStall)
    HAL_PCD_EP_Transmit                      0x0800116f   Thumb Code    52  stm32f1xx_hal_pcd.o(i.HAL_PCD_EP_Transmit)
    HAL_PCD_IRQHandler                       0x080011a3   Thumb Code   340  stm32f1xx_hal_pcd.o(i.HAL_PCD_IRQHandler)
    HAL_PCD_Init                             0x080012f9   Thumb Code   218  stm32f1xx_hal_pcd.o(i.HAL_PCD_Init)
    HAL_PCD_MspInit                          0x080013d5   Thumb Code    50  usbd_conf.o(i.HAL_PCD_MspInit)
    HAL_PCD_ResetCallback                    0x08001411   Thumb Code    38  usbd_conf.o(i.HAL_PCD_ResetCallback)
    HAL_PCD_ResumeCallback                   0x08001437   Thumb Code     8  usbd_conf.o(i.HAL_PCD_ResumeCallback)
    HAL_PCD_SOFCallback                      0x0800143f   Thumb Code     8  usbd_conf.o(i.HAL_PCD_SOFCallback)
    HAL_PCD_SetAddress                       0x08001447   Thumb Code    40  stm32f1xx_hal_pcd.o(i.HAL_PCD_SetAddress)
    HAL_PCD_SetupStageCallback               0x0800146f   Thumb Code    14  usbd_conf.o(i.HAL_PCD_SetupStageCallback)
    HAL_PCD_Start                            0x0800147d   Thumb Code    50  stm32f1xx_hal_pcd.o(i.HAL_PCD_Start)
    HAL_PCD_SuspendCallback                  0x080014b1   Thumb Code    30  usbd_conf.o(i.HAL_PCD_SuspendCallback)
    HAL_RCCEx_PeriphCLKConfig                0x080014d5   Thumb Code   224  stm32f1xx_hal_rcc_ex.o(i.HAL_RCCEx_PeriphCLKConfig)
    HAL_RCC_ClockConfig                      0x080015c1   Thumb Code   280  stm32f1xx_hal_rcc.o(i.HAL_RCC_ClockConfig)
    HAL_RCC_GetClockConfig                   0x080016ed   Thumb Code    54  stm32f1xx_hal_rcc.o(i.HAL_RCC_GetClockConfig)
    HAL_RCC_GetPCLK1Freq                     0x0800172d   Thumb Code    20  stm32f1xx_hal_rcc.o(i.HAL_RCC_GetPCLK1Freq)
    HAL_RCC_GetPCLK2Freq                     0x0800174d   Thumb Code    20  stm32f1xx_hal_rcc.o(i.HAL_RCC_GetPCLK2Freq)
    HAL_RCC_GetSysClockFreq                  0x0800176d   Thumb Code    74  stm32f1xx_hal_rcc.o(i.HAL_RCC_GetSysClockFreq)
    HAL_RCC_OscConfig                        0x080017d9   Thumb Code   778  stm32f1xx_hal_rcc.o(i.HAL_RCC_OscConfig)
    HAL_SPI_Init                             0x08001af9   Thumb Code   178  stm32f1xx_hal_spi.o(i.HAL_SPI_Init)
    HAL_SPI_MspInit                          0x08001bad   Thumb Code    98  spi.o(i.HAL_SPI_MspInit)
    HAL_SPI_TransmitReceive                  0x08001c1d   Thumb Code   482  stm32f1xx_hal_spi.o(i.HAL_SPI_TransmitReceive)
    HAL_TIMEx_BreakCallback                  0x08001dff   Thumb Code     2  stm32f1xx_hal_tim_ex.o(i.HAL_TIMEx_BreakCallback)
    HAL_TIMEx_CommutCallback                 0x08001e01   Thumb Code     2  stm32f1xx_hal_tim_ex.o(i.HAL_TIMEx_CommutCallback)
    HAL_TIMEx_MasterConfigSynchronization    0x08001e05   Thumb Code   104  stm32f1xx_hal_tim_ex.o(i.HAL_TIMEx_MasterConfigSynchronization)
    HAL_TIM_Base_Init                        0x08001e81   Thumb Code    90  stm32f1xx_hal_tim.o(i.HAL_TIM_Base_Init)
    HAL_TIM_Base_MspInit                     0x08001edd   Thumb Code    50  tim.o(i.HAL_TIM_Base_MspInit)
    HAL_TIM_Base_Start_IT                    0x08001f15   Thumb Code    88  stm32f1xx_hal_tim.o(i.HAL_TIM_Base_Start_IT)
    HAL_TIM_ConfigClockSource                0x08001f81   Thumb Code   214  stm32f1xx_hal_tim.o(i.HAL_TIM_ConfigClockSource)
    HAL_TIM_IC_CaptureCallback               0x08002057   Thumb Code     2  stm32f1xx_hal_tim.o(i.HAL_TIM_IC_CaptureCallback)
    HAL_TIM_IRQHandler                       0x08002059   Thumb Code   358  stm32f1xx_hal_tim.o(i.HAL_TIM_IRQHandler)
    HAL_TIM_OC_DelayElapsedCallback          0x080021bf   Thumb Code     2  stm32f1xx_hal_tim.o(i.HAL_TIM_OC_DelayElapsedCallback)
    HAL_TIM_PWM_PulseFinishedCallback        0x080021c1   Thumb Code     2  stm32f1xx_hal_tim.o(i.HAL_TIM_PWM_PulseFinishedCallback)
    HAL_TIM_PeriodElapsedCallback            0x080021c5   Thumb Code    34  main.o(i.HAL_TIM_PeriodElapsedCallback)
    HAL_TIM_TriggerCallback                  0x080021f1   Thumb Code     2  stm32f1xx_hal_tim.o(i.HAL_TIM_TriggerCallback)
    HAL_UART_Init                            0x080021f3   Thumb Code    98  stm32f1xx_hal_uart.o(i.HAL_UART_Init)
    HAL_UART_MspInit                         0x08002255   Thumb Code   100  usart.o(i.HAL_UART_MspInit)
    HAL_UART_Transmit                        0x080022c5   Thumb Code   178  stm32f1xx_hal_uart.o(i.HAL_UART_Transmit)
    HardFault_Handler                        0x08002377   Thumb Code     2  stm32f1xx_it.o(i.HardFault_Handler)
    LED_Init                                 0x080023b1   Thumb Code   122  bsp_led.o(i.LED_Init)
    LED_switch                               0x08002439   Thumb Code    68  bsp_led.o(i.LED_switch)
    MX_GPIO_Init                             0x08002485   Thumb Code   108  gpio.o(i.MX_GPIO_Init)
    MX_I2C1_Init                             0x080024fd   Thumb Code    50  i2c.o(i.MX_I2C1_Init)
    MX_SPI1_Init                             0x0800253d   Thumb Code    68  spi.o(i.MX_SPI1_Init)
    MX_TIM2_Init                             0x08002589   Thumb Code   104  tim.o(i.MX_TIM2_Init)
    MX_USART1_UART_Init                      0x080025f5   Thumb Code    48  usart.o(i.MX_USART1_UART_Init)
    MX_USB_DEVICE_Init                       0x0800262d   Thumb Code    52  usb_device.o(i.MX_USB_DEVICE_Init)
    MemManage_Handler                        0x0800266d   Thumb Code     2  stm32f1xx_it.o(i.MemManage_Handler)
    NMI_Handler                              0x0800266f   Thumb Code     2  stm32f1xx_it.o(i.NMI_Handler)
    NRF24L01_Check                           0x08002671   Thumb Code    68  bsp_nrf24l01.o(i.NRF24L01_Check)
    NRF24L01_Init                            0x080026bd   Thumb Code   116  bsp_nrf24l01.o(i.NRF24L01_Init)
    NRF24L01_RX_Mode                         0x0800273d   Thumb Code    92  bsp_nrf24l01.o(i.NRF24L01_RX_Mode)
    NRF24L01_Read_Buf                        0x080027a1   Thumb Code    72  bsp_nrf24l01.o(i.NRF24L01_Read_Buf)
    NRF24L01_Read_Reg                        0x080027f1   Thumb Code    48  bsp_nrf24l01.o(i.NRF24L01_Read_Reg)
    NRF24L01_RxPacket                        0x08002829   Thumb Code    56  bsp_nrf24l01.o(i.NRF24L01_RxPacket)
    NRF24L01_SPI_Init                        0x08002861   Thumb Code    38  bsp_nrf24l01.o(i.NRF24L01_SPI_Init)
    NRF24L01_Write_Buf                       0x0800288d   Thumb Code    74  bsp_nrf24l01.o(i.NRF24L01_Write_Buf)
    NRF24L01_Write_Reg                       0x080028e1   Thumb Code    50  bsp_nrf24l01.o(i.NRF24L01_Write_Reg)
    OLED_Clear                               0x0800291d   Thumb Code    40  oled.o(i.OLED_Clear)
    OLED_Init                                0x08002949   Thumb Code   314  oled.o(i.OLED_Init)
    OLED_Refresh_Gram                        0x08002a99   Thumb Code    70  oled.o(i.OLED_Refresh_Gram)
    OLED_WR_Byte                             0x08002ae5   Thumb Code    44  oled.o(i.OLED_WR_Byte)
    PendSV_Handler                           0x08002e2d   Thumb Code     2  stm32f1xx_it.o(i.PendSV_Handler)
    SPIx_ReadWriteByte                       0x08002f3d   Thumb Code    32  bsp_nrf24l01.o(i.SPIx_ReadWriteByte)
    SVC_Handler                              0x08002f5d   Thumb Code     2  stm32f1xx_it.o(i.SVC_Handler)
    SysTick_Handler                          0x08002f5f   Thumb Code     2  stm32f1xx_it.o(i.SysTick_Handler)
    SystemClock_Config                       0x08002f61   Thumb Code   120  main.o(i.SystemClock_Config)
    SystemInit                               0x08002fd9   Thumb Code     2  system_stm32f1xx.o(i.SystemInit)
    TIM1_UP_IRQHandler                       0x08002fdd   Thumb Code     6  stm32f1xx_it.o(i.TIM1_UP_IRQHandler)
    TIM2_IRQHandler                          0x08002fe9   Thumb Code     6  stm32f1xx_it.o(i.TIM2_IRQHandler)
    TIM_Base_SetConfig                       0x08002ff5   Thumb Code   120  stm32f1xx_hal_tim.o(i.TIM_Base_SetConfig)
    TIM_ETR_SetConfig                        0x08003081   Thumb Code    20  stm32f1xx_hal_tim.o(i.TIM_ETR_SetConfig)
    USBD_ClrClassConfig                      0x08003209   Thumb Code    14  usbd_core.o(i.USBD_ClrClassConfig)
    USBD_CtlContinueRx                       0x08003217   Thumb Code    16  usbd_ioreq.o(i.USBD_CtlContinueRx)
    USBD_CtlContinueSendData                 0x08003227   Thumb Code    16  usbd_ioreq.o(i.USBD_CtlContinueSendData)
    USBD_CtlError                            0x08003237   Thumb Code    22  usbd_ctlreq.o(i.USBD_CtlError)
    USBD_CtlReceiveStatus                    0x0800324d   Thumb Code    22  usbd_ioreq.o(i.USBD_CtlReceiveStatus)
    USBD_CtlSendData                         0x08003263   Thumb Code    26  usbd_ioreq.o(i.USBD_CtlSendData)
    USBD_CtlSendStatus                       0x0800327d   Thumb Code    22  usbd_ioreq.o(i.USBD_CtlSendStatus)
    USBD_FS_ConfigStrDescriptor              0x08003295   Thumb Code    16  usbd_desc.o(i.USBD_FS_ConfigStrDescriptor)
    USBD_FS_DeviceDescriptor                 0x080032b5   Thumb Code     8  usbd_desc.o(i.USBD_FS_DeviceDescriptor)
    USBD_FS_InterfaceStrDescriptor           0x080032c1   Thumb Code    16  usbd_desc.o(i.USBD_FS_InterfaceStrDescriptor)
    USBD_FS_LangIDStrDescriptor              0x080032e5   Thumb Code     8  usbd_desc.o(i.USBD_FS_LangIDStrDescriptor)
    USBD_FS_ManufacturerStrDescriptor        0x080032f1   Thumb Code    16  usbd_desc.o(i.USBD_FS_ManufacturerStrDescriptor)
    USBD_FS_ProductStrDescriptor             0x08003319   Thumb Code    16  usbd_desc.o(i.USBD_FS_ProductStrDescriptor)
    USBD_FS_SerialStrDescriptor              0x08003345   Thumb Code    48  usbd_desc.o(i.USBD_FS_SerialStrDescriptor)
    USBD_GetString                           0x08003465   Thumb Code    72  usbd_ctlreq.o(i.USBD_GetString)
    USBD_HID_SendReport                      0x0800354b   Thumb Code    36  usbd_hid.o(i.USBD_HID_SendReport)
    USBD_Init                                0x08003639   Thumb Code    42  usbd_core.o(i.USBD_Init)
    USBD_LL_ClearStallEP                     0x08003663   Thumb Code    18  usbd_conf.o(i.USBD_LL_ClearStallEP)
    USBD_LL_CloseEP                          0x08003675   Thumb Code    18  usbd_conf.o(i.USBD_LL_CloseEP)
    USBD_LL_DataInStage                      0x08003687   Thumb Code   198  usbd_core.o(i.USBD_LL_DataInStage)
    USBD_LL_DataOutStage                     0x0800374d   Thumb Code   130  usbd_core.o(i.USBD_LL_DataOutStage)
    USBD_LL_Init                             0x080037d1   Thumb Code    94  usbd_conf.o(i.USBD_LL_Init)
    USBD_LL_IsStallEP                        0x08003839   Thumb Code    32  usbd_conf.o(i.USBD_LL_IsStallEP)
    USBD_LL_OpenEP                           0x08003859   Thumb Code    24  usbd_conf.o(i.USBD_LL_OpenEP)
    USBD_LL_PrepareReceive                   0x08003871   Thumb Code    18  usbd_conf.o(i.USBD_LL_PrepareReceive)
    USBD_LL_Reset                            0x08003883   Thumb Code    80  usbd_core.o(i.USBD_LL_Reset)
    USBD_LL_Resume                           0x080038d3   Thumb Code    20  usbd_core.o(i.USBD_LL_Resume)
    USBD_LL_SOF                              0x080038e7   Thumb Code    24  usbd_core.o(i.USBD_LL_SOF)
    USBD_LL_SetSpeed                         0x080038ff   Thumb Code     6  usbd_core.o(i.USBD_LL_SetSpeed)
    USBD_LL_SetUSBAddress                    0x08003905   Thumb Code    18  usbd_conf.o(i.USBD_LL_SetUSBAddress)
    USBD_LL_SetupStage                       0x08003917   Thumb Code    90  usbd_core.o(i.USBD_LL_SetupStage)
    USBD_LL_StallEP                          0x08003971   Thumb Code    18  usbd_conf.o(i.USBD_LL_StallEP)
    USBD_LL_Start                            0x08003983   Thumb Code    18  usbd_conf.o(i.USBD_LL_Start)
    USBD_LL_Suspend                          0x08003995   Thumb Code    18  usbd_core.o(i.USBD_LL_Suspend)
    USBD_LL_Transmit                         0x080039a7   Thumb Code    18  usbd_conf.o(i.USBD_LL_Transmit)
    USBD_ParseSetupRequest                   0x080039b9   Thumb Code    40  usbd_ctlreq.o(i.USBD_ParseSetupRequest)
    USBD_RegisterClass                       0x080039e1   Thumb Code    16  usbd_core.o(i.USBD_RegisterClass)
    USBD_SetClassConfig                      0x080039f1   Thumb Code    22  usbd_core.o(i.USBD_SetClassConfig)
    USBD_Start                               0x08003a8d   Thumb Code    10  usbd_core.o(i.USBD_Start)
    USBD_StdDevReq                           0x08003a97   Thumb Code   274  usbd_ctlreq.o(i.USBD_StdDevReq)
    USBD_StdEPReq                            0x08003ba9   Thumb Code   336  usbd_ctlreq.o(i.USBD_StdEPReq)
    USBD_StdItfReq                           0x08003cf9   Thumb Code    78  usbd_ctlreq.o(i.USBD_StdItfReq)
    USBD_static_free                         0x08003d47   Thumb Code     2  usbd_conf.o(i.USBD_static_free)
    USBD_static_malloc                       0x08003d49   Thumb Code     4  usbd_conf.o(i.USBD_static_malloc)
    USB_ActivateEndpoint                     0x08003d51   Thumb Code   600  stm32f1xx_ll_usb.o(i.USB_ActivateEndpoint)
    USB_CoreInit                             0x08003fa9   Thumb Code     4  stm32f1xx_ll_usb.o(i.USB_CoreInit)
    USB_DeactivateEndpoint                   0x08003fad   Thumb Code   270  stm32f1xx_ll_usb.o(i.USB_DeactivateEndpoint)
    USB_DevConnect                           0x080040bb   Thumb Code     4  stm32f1xx_ll_usb.o(i.USB_DevConnect)
    USB_DevDisconnect                        0x080040bf   Thumb Code     4  stm32f1xx_ll_usb.o(i.USB_DevDisconnect)
    USB_DevInit                              0x080040c3   Thumb Code    18  stm32f1xx_ll_usb.o(i.USB_DevInit)
    USB_DisableGlobalInt                     0x080040d5   Thumb Code    14  stm32f1xx_ll_usb.o(i.USB_DisableGlobalInt)
    USB_EP0_OutStart                         0x080040e3   Thumb Code     4  stm32f1xx_ll_usb.o(i.USB_EP0_OutStart)
    USB_EPClearStall                         0x080040e7   Thumb Code   120  stm32f1xx_ll_usb.o(i.USB_EPClearStall)
    USB_EPSetStall                           0x0800415f   Thumb Code    50  stm32f1xx_ll_usb.o(i.USB_EPSetStall)
    USB_EPStartXfer                          0x08004191   Thumb Code  1548  stm32f1xx_ll_usb.o(i.USB_EPStartXfer)
    USB_EnableGlobalInt                      0x0800479d   Thumb Code    18  stm32f1xx_ll_usb.o(i.USB_EnableGlobalInt)
    USB_LP_CAN1_RX0_IRQHandler               0x080047b1   Thumb Code     6  stm32f1xx_it.o(i.USB_LP_CAN1_RX0_IRQHandler)
    USB_ReadInterrupts                       0x080047bd   Thumb Code     6  stm32f1xx_ll_usb.o(i.USB_ReadInterrupts)
    USB_ReadPMA                              0x080047c5   Thumb Code    44  stm32f1xx_ll_usb.o(i.USB_ReadPMA)
    USB_SetCurrentMode                       0x080047f1   Thumb Code     4  stm32f1xx_ll_usb.o(i.USB_SetCurrentMode)
    USB_SetDevAddress                        0x080047f5   Thumb Code    12  stm32f1xx_ll_usb.o(i.USB_SetDevAddress)
    USB_WritePMA                             0x08004801   Thumb Code    38  stm32f1xx_ll_usb.o(i.USB_WritePMA)
    UsageFault_Handler                       0x08004827   Thumb Code     2  stm32f1xx_it.o(i.UsageFault_Handler)
    _sys_exit                                0x08004849   Thumb Code     2  usart.o(i._sys_exit)
    fputc                                    0x0800484d   Thumb Code    20  usart.o(i.fputc)
    main                                     0x08004865   Thumb Code   242  main.o(i.main)
    TX_ADDRESS                               0x080049c0   Data           5  bsp_nrf24l01.o(.constdata)
    RX_ADDRESS                               0x080049c5   Data           5  bsp_nrf24l01.o(.constdata)
    AHBPrescTable                            0x080049ca   Data          16  system_stm32f1xx.o(.constdata)
    APBPrescTable                            0x080049da   Data           8  system_stm32f1xx.o(.constdata)
    Region$$Table$$Base                      0x080049e4   Number         0  anon$$obj.o(Region$$Table)
    Region$$Table$$Limit                     0x08004a04   Number         0  anon$$obj.o(Region$$Table)
    MouseData01                              0x20000000   Data           4  main.o(.data)
    Pitch_Sum                                0x20000004   Data           4  main.o(.data)
    Roll_Sum                                 0x20000008   Data           4  main.o(.data)
    __stdout                                 0x2000000c   Data           4  usart.o(.data)
    FS_Desc                                  0x20000010   Data          28  usbd_desc.o(.data)
    USBD_LangIDDesc                          0x2000002c   Data           4  usbd_desc.o(.data)
    USBD_FS_DeviceDesc                       0x20000030   Data          18  usbd_desc.o(.data)
    USBD_StringSerial                        0x20000044   Data          26  usbd_desc.o(.data)
    uwTickFreq                               0x20000060   Data           1  stm32f1xx_hal.o(.data)
    uwTickPrio                               0x20000064   Data           4  stm32f1xx_hal.o(.data)
    uwTick                                   0x20000068   Data           4  stm32f1xx_hal.o(.data)
    SystemCoreClock                          0x2000006c   Data           4  system_stm32f1xx.o(.data)
    USBD_HID                                 0x20000074   Data          56  usbd_hid.o(.data)
    hi2c1                                    0x2000017c   Data          84  i2c.o(.bss)
    hspi1                                    0x200001d0   Data          88  spi.o(.bss)
    htim2                                    0x20000228   Data          72  tim.o(.bss)
    huart1                                   0x20000270   Data          68  usart.o(.bss)
    hUsbDeviceFS                             0x200002b4   Data         708  usb_device.o(.bss)
    hpcd_USB_FS                              0x2000058c   Data         748  usbd_conf.o(.bss)
    USBD_StrDesc                             0x20000878   Data         512  usbd_desc.o(.bss)
    htim1                                    0x20000a78   Data          72  stm32f1xx_hal_timebase_tim.o(.bss)
    OLED_GRAM                                0x20000ac0   Data        1024  oled.o(.bss)
    __libspace_start                         0x20000ec0   Data          96  libspace.o(.bss)
    __temporary_stack_top$libspace           0x20000f20   Data           0  libspace.o(.bss)



==============================================================================

Memory Map of the image

  Image Entry point : 0x08000131

  Load Region LR_IROM1 (Base: 0x08000000, Size: 0x00004b80, Max: 0x00040000, ABSOLUTE, COMPRESSED[0x00004ae0])

    Execution Region ER_IROM1 (Base: 0x08000000, Size: 0x00004a04, Max: 0x00040000, ABSOLUTE)

    Base Addr    Size         Type   Attr      Idx    E Section Name        Object

    0x08000000   0x00000130   Data   RO            3    RESET               startup_stm32f103xe.o
    0x08000130   0x00000008   Code   RO         5239  * !!!main             c_w.l(__main.o)
    0x08000138   0x00000034   Code   RO         5407    !!!scatter          c_w.l(__scatter.o)
    0x0800016c   0x0000005a   Code   RO         5405    !!dczerorl2         c_w.l(__dczerorl2.o)
    0x080001c6   0x00000002   PAD
    0x080001c8   0x0000001c   Code   RO         5409    !!handler_zi        c_w.l(__scatter_zi.o)
    0x080001e4   0x00000000   Code   RO         5232    .ARM.Collect$$_printf_percent$$00000000  c_w.l(_printf_percent.o)
    0x080001e4   0x00000006   Code   RO         5231    .ARM.Collect$$_printf_percent$$00000009  c_w.l(_printf_d.o)
    0x080001ea   0x00000004   Code   RO         5246    .ARM.Collect$$_printf_percent$$00000017  c_w.l(_printf_percent_end.o)
    0x080001ee   0x00000002   Code   RO         5279    .ARM.Collect$$libinit$$00000000  c_w.l(libinit.o)
    0x080001f0   0x00000000   Code   RO         5286    .ARM.Collect$$libinit$$00000002  c_w.l(libinit2.o)
    0x080001f0   0x00000000   Code   RO         5288    .ARM.Collect$$libinit$$00000004  c_w.l(libinit2.o)
    0x080001f0   0x00000000   Code   RO         5291    .ARM.Collect$$libinit$$0000000A  c_w.l(libinit2.o)
    0x080001f0   0x00000000   Code   RO         5293    .ARM.Collect$$libinit$$0000000C  c_w.l(libinit2.o)
    0x080001f0   0x00000000   Code   RO         5295    .ARM.Collect$$libinit$$0000000E  c_w.l(libinit2.o)
    0x080001f0   0x00000000   Code   RO         5298    .ARM.Collect$$libinit$$00000011  c_w.l(libinit2.o)
    0x080001f0   0x00000000   Code   RO         5300    .ARM.Collect$$libinit$$00000013  c_w.l(libinit2.o)
    0x080001f0   0x00000000   Code   RO         5302    .ARM.Collect$$libinit$$00000015  c_w.l(libinit2.o)
    0x080001f0   0x00000000   Code   RO         5304    .ARM.Collect$$libinit$$00000017  c_w.l(libinit2.o)
    0x080001f0   0x00000000   Code   RO         5306    .ARM.Collect$$libinit$$00000019  c_w.l(libinit2.o)
    0x080001f0   0x00000000   Code   RO         5308    .ARM.Collect$$libinit$$0000001B  c_w.l(libinit2.o)
    0x080001f0   0x00000000   Code   RO         5310    .ARM.Collect$$libinit$$0000001D  c_w.l(libinit2.o)
    0x080001f0   0x00000000   Code   RO         5312    .ARM.Collect$$libinit$$0000001F  c_w.l(libinit2.o)
    0x080001f0   0x00000000   Code   RO         5314    .ARM.Collect$$libinit$$00000021  c_w.l(libinit2.o)
    0x080001f0   0x00000000   Code   RO         5316    .ARM.Collect$$libinit$$00000023  c_w.l(libinit2.o)
    0x080001f0   0x00000000   Code   RO         5318    .ARM.Collect$$libinit$$00000025  c_w.l(libinit2.o)
    0x080001f0   0x00000000   Code   RO         5322    .ARM.Collect$$libinit$$0000002C  c_w.l(libinit2.o)
    0x080001f0   0x00000000   Code   RO         5324    .ARM.Collect$$libinit$$0000002E  c_w.l(libinit2.o)
    0x080001f0   0x00000000   Code   RO         5326    .ARM.Collect$$libinit$$00000030  c_w.l(libinit2.o)
    0x080001f0   0x00000000   Code   RO         5328    .ARM.Collect$$libinit$$00000032  c_w.l(libinit2.o)
    0x080001f0   0x00000002   Code   RO         5329    .ARM.Collect$$libinit$$00000033  c_w.l(libinit2.o)
    0x080001f2   0x00000002   Code   RO         5347    .ARM.Collect$$libshutdown$$00000000  c_w.l(libshutdown.o)
    0x080001f4   0x00000000   Code   RO         5357    .ARM.Collect$$libshutdown$$00000002  c_w.l(libshutdown2.o)
    0x080001f4   0x00000000   Code   RO         5359    .ARM.Collect$$libshutdown$$00000004  c_w.l(libshutdown2.o)
    0x080001f4   0x00000000   Code   RO         5362    .ARM.Collect$$libshutdown$$00000007  c_w.l(libshutdown2.o)
    0x080001f4   0x00000000   Code   RO         5365    .ARM.Collect$$libshutdown$$0000000A  c_w.l(libshutdown2.o)
    0x080001f4   0x00000000   Code   RO         5367    .ARM.Collect$$libshutdown$$0000000C  c_w.l(libshutdown2.o)
    0x080001f4   0x00000000   Code   RO         5370    .ARM.Collect$$libshutdown$$0000000F  c_w.l(libshutdown2.o)
    0x080001f4   0x00000002   Code   RO         5371    .ARM.Collect$$libshutdown$$00000010  c_w.l(libshutdown2.o)
    0x080001f6   0x00000000   Code   RO         5241    .ARM.Collect$$rtentry$$00000000  c_w.l(__rtentry.o)
    0x080001f6   0x00000000   Code   RO         5248    .ARM.Collect$$rtentry$$00000002  c_w.l(__rtentry2.o)
    0x080001f6   0x00000006   Code   RO         5260    .ARM.Collect$$rtentry$$00000004  c_w.l(__rtentry4.o)
    0x080001fc   0x00000000   Code   RO         5250    .ARM.Collect$$rtentry$$00000009  c_w.l(__rtentry2.o)
    0x080001fc   0x00000004   Code   RO         5251    .ARM.Collect$$rtentry$$0000000A  c_w.l(__rtentry2.o)
    0x08000200   0x00000000   Code   RO         5253    .ARM.Collect$$rtentry$$0000000C  c_w.l(__rtentry2.o)
    0x08000200   0x00000008   Code   RO         5254    .ARM.Collect$$rtentry$$0000000D  c_w.l(__rtentry2.o)
    0x08000208   0x00000002   Code   RO         5283    .ARM.Collect$$rtexit$$00000000  c_w.l(rtexit.o)
    0x0800020a   0x00000000   Code   RO         5331    .ARM.Collect$$rtexit$$00000002  c_w.l(rtexit2.o)
    0x0800020a   0x00000004   Code   RO         5332    .ARM.Collect$$rtexit$$00000003  c_w.l(rtexit2.o)
    0x0800020e   0x00000006   Code   RO         5333    .ARM.Collect$$rtexit$$00000004  c_w.l(rtexit2.o)
    0x08000214   0x00000040   Code   RO            4    .text               startup_stm32f103xe.o
    0x08000254   0x00000018   Code   RO         5205    .text               c_w.l(noretval__2printf.o)
    0x0800026c   0x00000068   Code   RO         5207    .text               c_w.l(__printf.o)
    0x080002d4   0x00000078   Code   RO         5209    .text               c_w.l(_printf_dec.o)
    0x0800034c   0x00000064   Code   RO         5233    .text               c_w.l(rt_memcpy_w.o)
    0x080003b0   0x0000004e   Code   RO         5235    .text               c_w.l(rt_memclr_w.o)
    0x080003fe   0x00000006   Code   RO         5237    .text               c_w.l(heapauxi.o)
    0x08000404   0x000000b2   Code   RO         5242    .text               c_w.l(_printf_intcommon.o)
    0x080004b6   0x00000002   PAD
    0x080004b8   0x00000024   Code   RO         5244    .text               c_w.l(_printf_char_file.o)
    0x080004dc   0x00000030   Code   RO         5262    .text               c_w.l(_printf_char_common.o)
    0x0800050c   0x00000008   Code   RO         5264    .text               c_w.l(ferror.o)
    0x08000514   0x0000004a   Code   RO         5268    .text               c_w.l(sys_stackheap_outer.o)
    0x0800055e   0x00000012   Code   RO         5272    .text               c_w.l(exit.o)
    0x08000570   0x00000008   Code   RO         5280    .text               c_w.l(libspace.o)
    0x08000578   0x00000002   Code   RO          773    i.BusFault_Handler  stm32f1xx_it.o
    0x0800057a   0x00000002   Code   RO          774    i.DebugMon_Handler  stm32f1xx_it.o
    0x0800057c   0x00000006   Code   RO         1037    i.EXTI0_IRQHandler  bsp_exti.o
    0x08000582   0x00000004   Code   RO           13    i.Error_Handler     main.o
    0x08000586   0x00000002   PAD
    0x08000588   0x00000024   Code   RO         1772    i.HAL_Delay         stm32f1xx_hal.o
    0x080005ac   0x00000024   Code   RO         1039    i.HAL_GPIO_EXTI_Callback  bsp_exti.o
    0x080005d0   0x00000018   Code   RO         2079    i.HAL_GPIO_EXTI_IRQHandler  stm32f1xx_hal_gpio.o
    0x080005e8   0x000001f8   Code   RO         2080    i.HAL_GPIO_Init     stm32f1xx_hal_gpio.o
    0x080007e0   0x0000000a   Code   RO         2082    i.HAL_GPIO_ReadPin  stm32f1xx_hal_gpio.o
    0x080007ea   0x0000000a   Code   RO         2084    i.HAL_GPIO_WritePin  stm32f1xx_hal_gpio.o
    0x080007f4   0x0000000c   Code   RO         1776    i.HAL_GetTick       stm32f1xx_hal.o
    0x08000800   0x00000188   Code   RO         2751    i.HAL_I2C_Init      stm32f1xx_hal_i2c.o
    0x08000988   0x0000005c   Code   RO          254    i.HAL_I2C_MspInit   i2c.o
    0x080009e4   0x00000010   Code   RO         1782    i.HAL_IncTick       stm32f1xx_hal.o
    0x080009f4   0x00000024   Code   RO         1783    i.HAL_Init          stm32f1xx_hal.o
    0x08000a18   0x00000074   Code   RO          891    i.HAL_InitTick      stm32f1xx_hal_timebase_tim.o
    0x08000a8c   0x0000003c   Code   RO          867    i.HAL_MspInit       stm32f1xx_hal_msp.o
    0x08000ac8   0x0000001a   Code   RO         2240    i.HAL_NVIC_EnableIRQ  stm32f1xx_hal_cortex.o
    0x08000ae2   0x00000002   PAD
    0x08000ae4   0x00000040   Code   RO         2246    i.HAL_NVIC_SetPriority  stm32f1xx_hal_cortex.o
    0x08000b24   0x00000024   Code   RO         2247    i.HAL_NVIC_SetPriorityGrouping  stm32f1xx_hal_cortex.o
    0x08000b48   0x0000003c   Code   RO         1545    i.HAL_PCDEx_PMAConfig  stm32f1xx_hal_pcd_ex.o
    0x08000b84   0x00000002   Code   RO          475    i.HAL_PCDEx_SetConnectionState  usbd_conf.o
    0x08000b86   0x00000012   Code   RO          477    i.HAL_PCD_DataInStageCallback  usbd_conf.o
    0x08000b98   0x00000014   Code   RO          478    i.HAL_PCD_DataOutStageCallback  usbd_conf.o
    0x08000bac   0x0000004c   Code   RO         1321    i.HAL_PCD_EP_Close  stm32f1xx_hal_pcd.o
    0x08000bf8   0x0000005c   Code   RO         1322    i.HAL_PCD_EP_ClrStall  stm32f1xx_hal_pcd.o
    0x08000c54   0x000000e6   Code   RO         1323    i.HAL_PCD_EP_DB_Receive  stm32f1xx_hal_pcd.o
    0x08000d3a   0x00000330   Code   RO         1324    i.HAL_PCD_EP_DB_Transmit  stm32f1xx_hal_pcd.o
    0x0800106a   0x00000060   Code   RO         1327    i.HAL_PCD_EP_Open   stm32f1xx_hal_pcd.o
    0x080010ca   0x00000032   Code   RO         1328    i.HAL_PCD_EP_Receive  stm32f1xx_hal_pcd.o
    0x080010fc   0x00000072   Code   RO         1329    i.HAL_PCD_EP_SetStall  stm32f1xx_hal_pcd.o
    0x0800116e   0x00000034   Code   RO         1330    i.HAL_PCD_EP_Transmit  stm32f1xx_hal_pcd.o
    0x080011a2   0x00000154   Code   RO         1332    i.HAL_PCD_IRQHandler  stm32f1xx_hal_pcd.o
    0x080012f6   0x00000002   PAD
    0x080012f8   0x000000da   Code   RO         1335    i.HAL_PCD_Init      stm32f1xx_hal_pcd.o
    0x080013d2   0x00000002   PAD
    0x080013d4   0x0000003c   Code   RO          483    i.HAL_PCD_MspInit   usbd_conf.o
    0x08001410   0x00000026   Code   RO          484    i.HAL_PCD_ResetCallback  usbd_conf.o
    0x08001436   0x00000008   Code   RO          485    i.HAL_PCD_ResumeCallback  usbd_conf.o
    0x0800143e   0x00000008   Code   RO          486    i.HAL_PCD_SOFCallback  usbd_conf.o
    0x08001446   0x00000028   Code   RO         1341    i.HAL_PCD_SetAddress  stm32f1xx_hal_pcd.o
    0x0800146e   0x0000000e   Code   RO          487    i.HAL_PCD_SetupStageCallback  usbd_conf.o
    0x0800147c   0x00000032   Code   RO         1343    i.HAL_PCD_Start     stm32f1xx_hal_pcd.o
    0x080014ae   0x00000002   PAD
    0x080014b0   0x00000024   Code   RO          488    i.HAL_PCD_SuspendCallback  usbd_conf.o
    0x080014d4   0x000000ec   Code   RO         2043    i.HAL_RCCEx_PeriphCLKConfig  stm32f1xx_hal_rcc_ex.o
    0x080015c0   0x0000012c   Code   RO         1940    i.HAL_RCC_ClockConfig  stm32f1xx_hal_rcc.o
    0x080016ec   0x00000040   Code   RO         1944    i.HAL_RCC_GetClockConfig  stm32f1xx_hal_rcc.o
    0x0800172c   0x00000020   Code   RO         1947    i.HAL_RCC_GetPCLK1Freq  stm32f1xx_hal_rcc.o
    0x0800174c   0x00000020   Code   RO         1948    i.HAL_RCC_GetPCLK2Freq  stm32f1xx_hal_rcc.o
    0x0800176c   0x0000006c   Code   RO         1949    i.HAL_RCC_GetSysClockFreq  stm32f1xx_hal_rcc.o
    0x080017d8   0x00000320   Code   RO         1952    i.HAL_RCC_OscConfig  stm32f1xx_hal_rcc.o
    0x08001af8   0x000000b2   Code   RO         3183    i.HAL_SPI_Init      stm32f1xx_hal_spi.o
    0x08001baa   0x00000002   PAD
    0x08001bac   0x00000070   Code   RO          296    i.HAL_SPI_MspInit   spi.o
    0x08001c1c   0x000001e2   Code   RO         3192    i.HAL_SPI_TransmitReceive  stm32f1xx_hal_spi.o
    0x08001dfe   0x00000002   Code   RO         4200    i.HAL_TIMEx_BreakCallback  stm32f1xx_hal_tim_ex.o
    0x08001e00   0x00000002   Code   RO         4201    i.HAL_TIMEx_CommutCallback  stm32f1xx_hal_tim_ex.o
    0x08001e02   0x00000002   PAD
    0x08001e04   0x0000007c   Code   RO         4219    i.HAL_TIMEx_MasterConfigSynchronization  stm32f1xx_hal_tim_ex.o
    0x08001e80   0x0000005a   Code   RO         3496    i.HAL_TIM_Base_Init  stm32f1xx_hal_tim.o
    0x08001eda   0x00000002   PAD
    0x08001edc   0x00000038   Code   RO          338    i.HAL_TIM_Base_MspInit  tim.o
    0x08001f14   0x0000006c   Code   RO         3501    i.HAL_TIM_Base_Start_IT  stm32f1xx_hal_tim.o
    0x08001f80   0x000000d6   Code   RO         3505    i.HAL_TIM_ConfigClockSource  stm32f1xx_hal_tim.o
    0x08002056   0x00000002   Code   RO         3530    i.HAL_TIM_IC_CaptureCallback  stm32f1xx_hal_tim.o
    0x08002058   0x00000166   Code   RO         3544    i.HAL_TIM_IRQHandler  stm32f1xx_hal_tim.o
    0x080021be   0x00000002   Code   RO         3547    i.HAL_TIM_OC_DelayElapsedCallback  stm32f1xx_hal_tim.o
    0x080021c0   0x00000002   Code   RO         3574    i.HAL_TIM_PWM_PulseFinishedCallback  stm32f1xx_hal_tim.o
    0x080021c2   0x00000002   PAD
    0x080021c4   0x0000002c   Code   RO           14    i.HAL_TIM_PeriodElapsedCallback  main.o
    0x080021f0   0x00000002   Code   RO         3587    i.HAL_TIM_TriggerCallback  stm32f1xx_hal_tim.o
    0x080021f2   0x00000062   Code   RO         4496    i.HAL_UART_Init     stm32f1xx_hal_uart.o
    0x08002254   0x00000070   Code   RO          380    i.HAL_UART_MspInit  usart.o
    0x080022c4   0x000000b2   Code   RO         4504    i.HAL_UART_Transmit  stm32f1xx_hal_uart.o
    0x08002376   0x00000002   Code   RO          775    i.HardFault_Handler  stm32f1xx_it.o
    0x08002378   0x00000038   Code   RO          687    i.IntToUnicode      usbd_desc.o
    0x080023b0   0x00000088   Code   RO          930    i.LED_Init          bsp_led.o
    0x08002438   0x0000004c   Code   RO          931    i.LED_switch        bsp_led.o
    0x08002484   0x00000078   Code   RO          226    i.MX_GPIO_Init      gpio.o
    0x080024fc   0x00000040   Code   RO          255    i.MX_I2C1_Init      i2c.o
    0x0800253c   0x0000004c   Code   RO          297    i.MX_SPI1_Init      spi.o
    0x08002588   0x0000006c   Code   RO          339    i.MX_TIM2_Init      tim.o
    0x080025f4   0x00000038   Code   RO          381    i.MX_USART1_UART_Init  usart.o
    0x0800262c   0x00000040   Code   RO          444    i.MX_USB_DEVICE_Init  usb_device.o
    0x0800266c   0x00000002   Code   RO          776    i.MemManage_Handler  stm32f1xx_it.o
    0x0800266e   0x00000002   Code   RO          777    i.NMI_Handler       stm32f1xx_it.o
    0x08002670   0x0000004c   Code   RO         1172    i.NRF24L01_Check    bsp_nrf24l01.o
    0x080026bc   0x00000080   Code   RO         1173    i.NRF24L01_Init     bsp_nrf24l01.o
    0x0800273c   0x00000064   Code   RO         1174    i.NRF24L01_RX_Mode  bsp_nrf24l01.o
    0x080027a0   0x00000050   Code   RO         1175    i.NRF24L01_Read_Buf  bsp_nrf24l01.o
    0x080027f0   0x00000038   Code   RO         1176    i.NRF24L01_Read_Reg  bsp_nrf24l01.o
    0x08002828   0x00000038   Code   RO         1177    i.NRF24L01_RxPacket  bsp_nrf24l01.o
    0x08002860   0x0000002c   Code   RO         1178    i.NRF24L01_SPI_Init  bsp_nrf24l01.o
    0x0800288c   0x00000054   Code   RO         1181    i.NRF24L01_Write_Buf  bsp_nrf24l01.o
    0x080028e0   0x0000003c   Code   RO         1182    i.NRF24L01_Write_Reg  bsp_nrf24l01.o
    0x0800291c   0x0000002c   Code   RO         1076    i.OLED_Clear        oled.o
    0x08002948   0x00000150   Code   RO         1081    i.OLED_Init         oled.o
    0x08002a98   0x0000004c   Code   RO         1082    i.OLED_Refresh_Gram  oled.o
    0x08002ae4   0x00000034   Code   RO         1086    i.OLED_WR_Byte      oled.o
    0x08002b18   0x00000314   Code   RO         1347    i.PCD_EP_ISR_Handler  stm32f1xx_hal_pcd.o
    0x08002e2c   0x00000002   Code   RO          778    i.PendSV_Handler    stm32f1xx_it.o
    0x08002e2e   0x00000002   PAD
    0x08002e30   0x00000034   Code   RO         1184    i.SPI1_SetSpeed     bsp_nrf24l01.o
    0x08002e64   0x00000020   Code   RO         3221    i.SPI_EndRxTxTransaction  stm32f1xx_hal_spi.o
    0x08002e84   0x000000b8   Code   RO         3226    i.SPI_WaitFlagStateUntilTimeout  stm32f1xx_hal_spi.o
    0x08002f3c   0x00000020   Code   RO         1185    i.SPIx_ReadWriteByte  bsp_nrf24l01.o
    0x08002f5c   0x00000002   Code   RO          779    i.SVC_Handler       stm32f1xx_it.o
    0x08002f5e   0x00000002   Code   RO          780    i.SysTick_Handler   stm32f1xx_it.o
    0x08002f60   0x00000078   Code   RO           15    i.SystemClock_Config  main.o
    0x08002fd8   0x00000002   Code   RO         4825    i.SystemInit        system_stm32f1xx.o
    0x08002fda   0x00000002   PAD
    0x08002fdc   0x0000000c   Code   RO          781    i.TIM1_UP_IRQHandler  stm32f1xx_it.o
    0x08002fe8   0x0000000c   Code   RO          782    i.TIM2_IRQHandler   stm32f1xx_it.o
    0x08002ff4   0x0000008c   Code   RO         3589    i.TIM_Base_SetConfig  stm32f1xx_hal_tim.o
    0x08003080   0x00000014   Code   RO         3600    i.TIM_ETR_SetConfig  stm32f1xx_hal_tim.o
    0x08003094   0x00000010   Code   RO         3601    i.TIM_ITRx_SetConfig  stm32f1xx_hal_tim.o
    0x080030a4   0x00000022   Code   RO         3607    i.TIM_TI1_ConfigInputStage  stm32f1xx_hal_tim.o
    0x080030c6   0x00000024   Code   RO         3609    i.TIM_TI2_ConfigInputStage  stm32f1xx_hal_tim.o
    0x080030ea   0x00000002   PAD
    0x080030ec   0x000000b8   Code   RO         4522    i.UART_SetConfig    stm32f1xx_hal_uart.o
    0x080031a4   0x00000064   Code   RO         4525    i.UART_WaitOnFlagUntilTimeout  stm32f1xx_hal_uart.o
    0x08003208   0x0000000e   Code   RO         4862    i.USBD_ClrClassConfig  usbd_core.o
    0x08003216   0x00000010   Code   RO         5065    i.USBD_CtlContinueRx  usbd_ioreq.o
    0x08003226   0x00000010   Code   RO         5066    i.USBD_CtlContinueSendData  usbd_ioreq.o
    0x08003236   0x00000016   Code   RO         5000    i.USBD_CtlError     usbd_ctlreq.o
    0x0800324c   0x00000016   Code   RO         5068    i.USBD_CtlReceiveStatus  usbd_ioreq.o
    0x08003262   0x0000001a   Code   RO         5069    i.USBD_CtlSendData  usbd_ioreq.o
    0x0800327c   0x00000016   Code   RO         5070    i.USBD_CtlSendStatus  usbd_ioreq.o
    0x08003292   0x00000002   PAD
    0x08003294   0x00000020   Code   RO          688    i.USBD_FS_ConfigStrDescriptor  usbd_desc.o
    0x080032b4   0x0000000c   Code   RO          689    i.USBD_FS_DeviceDescriptor  usbd_desc.o
    0x080032c0   0x00000024   Code   RO          690    i.USBD_FS_InterfaceStrDescriptor  usbd_desc.o
    0x080032e4   0x0000000c   Code   RO          691    i.USBD_FS_LangIDStrDescriptor  usbd_desc.o
    0x080032f0   0x00000028   Code   RO          692    i.USBD_FS_ManufacturerStrDescriptor  usbd_desc.o
    0x08003318   0x0000002c   Code   RO          693    i.USBD_FS_ProductStrDescriptor  usbd_desc.o
    0x08003344   0x00000038   Code   RO          694    i.USBD_FS_SerialStrDescriptor  usbd_desc.o
    0x0800337c   0x000000e8   Code   RO         5001    i.USBD_GetDescriptor  usbd_ctlreq.o
    0x08003464   0x00000048   Code   RO         5002    i.USBD_GetString    usbd_ctlreq.o
    0x080034ac   0x00000018   Code   RO          489    i.USBD_Get_USB_Status  usbd_conf.o
    0x080034c4   0x0000000c   Code   RO         5125    i.USBD_HID_DataIn   usbd_hid.o
    0x080034d0   0x00000020   Code   RO         5126    i.USBD_HID_DeInit   usbd_hid.o
    0x080034f0   0x0000000c   Code   RO         5127    i.USBD_HID_GetDeviceQualifierDesc  usbd_hid.o
    0x080034fc   0x0000000c   Code   RO         5128    i.USBD_HID_GetFSCfgDesc  usbd_hid.o
    0x08003508   0x0000000c   Code   RO         5129    i.USBD_HID_GetHSCfgDesc  usbd_hid.o
    0x08003514   0x0000000c   Code   RO         5130    i.USBD_HID_GetOtherSpeedCfgDesc  usbd_hid.o
    0x08003520   0x0000002a   Code   RO         5132    i.USBD_HID_Init     usbd_hid.o
    0x0800354a   0x00000024   Code   RO         5133    i.USBD_HID_SendReport  usbd_hid.o
    0x0800356e   0x00000002   PAD
    0x08003570   0x000000c8   Code   RO         5134    i.USBD_HID_Setup    usbd_hid.o
    0x08003638   0x0000002a   Code   RO         4864    i.USBD_Init         usbd_core.o
    0x08003662   0x00000012   Code   RO          490    i.USBD_LL_ClearStallEP  usbd_conf.o
    0x08003674   0x00000012   Code   RO          491    i.USBD_LL_CloseEP   usbd_conf.o
    0x08003686   0x000000c6   Code   RO         4865    i.USBD_LL_DataInStage  usbd_core.o
    0x0800374c   0x00000082   Code   RO         4866    i.USBD_LL_DataOutStage  usbd_core.o
    0x080037ce   0x00000002   PAD
    0x080037d0   0x00000068   Code   RO          496    i.USBD_LL_Init      usbd_conf.o
    0x08003838   0x00000020   Code   RO          497    i.USBD_LL_IsStallEP  usbd_conf.o
    0x08003858   0x00000018   Code   RO          498    i.USBD_LL_OpenEP    usbd_conf.o
    0x08003870   0x00000012   Code   RO          499    i.USBD_LL_PrepareReceive  usbd_conf.o
    0x08003882   0x00000050   Code   RO         4871    i.USBD_LL_Reset     usbd_core.o
    0x080038d2   0x00000014   Code   RO         4872    i.USBD_LL_Resume    usbd_core.o
    0x080038e6   0x00000018   Code   RO         4873    i.USBD_LL_SOF       usbd_core.o
    0x080038fe   0x00000006   Code   RO         4874    i.USBD_LL_SetSpeed  usbd_core.o
    0x08003904   0x00000012   Code   RO          500    i.USBD_LL_SetUSBAddress  usbd_conf.o
    0x08003916   0x0000005a   Code   RO         4875    i.USBD_LL_SetupStage  usbd_core.o
    0x08003970   0x00000012   Code   RO          501    i.USBD_LL_StallEP   usbd_conf.o
    0x08003982   0x00000012   Code   RO          502    i.USBD_LL_Start     usbd_conf.o
    0x08003994   0x00000012   Code   RO         4876    i.USBD_LL_Suspend   usbd_core.o
    0x080039a6   0x00000012   Code   RO          504    i.USBD_LL_Transmit  usbd_conf.o
    0x080039b8   0x00000028   Code   RO         5003    i.USBD_ParseSetupRequest  usbd_ctlreq.o
    0x080039e0   0x00000010   Code   RO         4877    i.USBD_RegisterClass  usbd_core.o
    0x080039f0   0x00000016   Code   RO         4879    i.USBD_SetClassConfig  usbd_core.o
    0x08003a06   0x00000002   PAD
    0x08003a08   0x00000084   Code   RO         5004    i.USBD_SetConfig    usbd_ctlreq.o
    0x08003a8c   0x0000000a   Code   RO         4880    i.USBD_Start        usbd_core.o
    0x08003a96   0x00000112   Code   RO         5005    i.USBD_StdDevReq    usbd_ctlreq.o
    0x08003ba8   0x00000150   Code   RO         5006    i.USBD_StdEPReq     usbd_ctlreq.o
    0x08003cf8   0x0000004e   Code   RO         5007    i.USBD_StdItfReq    usbd_ctlreq.o
    0x08003d46   0x00000002   Code   RO          505    i.USBD_static_free  usbd_conf.o
    0x08003d48   0x00000008   Code   RO          506    i.USBD_static_malloc  usbd_conf.o
    0x08003d50   0x00000258   Code   RO         1585    i.USB_ActivateEndpoint  stm32f1xx_ll_usb.o
    0x08003fa8   0x00000004   Code   RO         1588    i.USB_CoreInit      stm32f1xx_ll_usb.o
    0x08003fac   0x0000010e   Code   RO         1590    i.USB_DeactivateEndpoint  stm32f1xx_ll_usb.o
    0x080040ba   0x00000004   Code   RO         1591    i.USB_DevConnect    stm32f1xx_ll_usb.o
    0x080040be   0x00000004   Code   RO         1592    i.USB_DevDisconnect  stm32f1xx_ll_usb.o
    0x080040c2   0x00000012   Code   RO         1593    i.USB_DevInit       stm32f1xx_ll_usb.o
    0x080040d4   0x0000000e   Code   RO         1594    i.USB_DisableGlobalInt  stm32f1xx_ll_usb.o
    0x080040e2   0x00000004   Code   RO         1595    i.USB_EP0_OutStart  stm32f1xx_ll_usb.o
    0x080040e6   0x00000078   Code   RO         1596    i.USB_EPClearStall  stm32f1xx_ll_usb.o
    0x0800415e   0x00000032   Code   RO         1597    i.USB_EPSetStall    stm32f1xx_ll_usb.o
    0x08004190   0x0000060c   Code   RO         1598    i.USB_EPStartXfer   stm32f1xx_ll_usb.o
    0x0800479c   0x00000012   Code   RO         1599    i.USB_EnableGlobalInt  stm32f1xx_ll_usb.o
    0x080047ae   0x00000002   PAD
    0x080047b0   0x0000000c   Code   RO          783    i.USB_LP_CAN1_RX0_IRQHandler  stm32f1xx_it.o
    0x080047bc   0x00000006   Code   RO         1606    i.USB_ReadInterrupts  stm32f1xx_ll_usb.o
    0x080047c2   0x00000002   PAD
    0x080047c4   0x0000002c   Code   RO         1607    i.USB_ReadPMA       stm32f1xx_ll_usb.o
    0x080047f0   0x00000004   Code   RO         1608    i.USB_SetCurrentMode  stm32f1xx_ll_usb.o
    0x080047f4   0x0000000c   Code   RO         1609    i.USB_SetDevAddress  stm32f1xx_ll_usb.o
    0x08004800   0x00000026   Code   RO         1611    i.USB_WritePMA      stm32f1xx_ll_usb.o
    0x08004826   0x00000002   Code   RO          784    i.UsageFault_Handler  stm32f1xx_it.o
    0x08004828   0x00000020   Code   RO         2253    i.__NVIC_SetPriority  stm32f1xx_hal_cortex.o
    0x08004848   0x00000002   Code   RO          382    i._sys_exit         usart.o
    0x0800484a   0x00000002   PAD
    0x0800484c   0x00000018   Code   RO          384    i.fputc             usart.o
    0x08004864   0x0000015c   Code   RO           16    i.main              main.o
    0x080049c0   0x0000000a   Data   RO         1186    .constdata          bsp_nrf24l01.o
    0x080049ca   0x00000010   Data   RO         4826    .constdata          system_stm32f1xx.o
    0x080049da   0x00000008   Data   RO         4827    .constdata          system_stm32f1xx.o
    0x080049e2   0x00000002   PAD
    0x080049e4   0x00000020   Data   RO         5403    Region$$Table       anon$$obj.o


    Execution Region RW_IRAM1 (Base: 0x20000000, Size: 0x00001520, Max: 0x0000c000, ABSOLUTE, COMPRESSED[0x000000dc])

    Base Addr    Size         Type   Attr      Idx    E Section Name        Object

    0x20000000   0x0000000c   Data   RW           18    .data               main.o
    0x2000000c   0x00000004   Data   RW          386    .data               usart.o
    0x20000010   0x0000001c   Data   RW          696    .data               usbd_desc.o
    0x2000002c   0x00000032   Data   RW          697    .data               usbd_desc.o
    0x2000005e   0x00000002   PAD
    0x20000060   0x0000000c   Data   RW         1790    .data               stm32f1xx_hal.o
    0x2000006c   0x00000004   Data   RW         4828    .data               system_stm32f1xx.o
    0x20000070   0x00000001   Data   RW         5008    .data               usbd_ctlreq.o
    0x20000071   0x00000003   PAD
    0x20000074   0x00000038   Data   RW         5135    .data               usbd_hid.o
    0x200000ac   0x000000ce   Data   RW         5136    .data               usbd_hid.o
    0x2000017a   0x00000002   PAD
    0x2000017c   0x00000054   Zero   RW          256    .bss                i2c.o
    0x200001d0   0x00000058   Zero   RW          298    .bss                spi.o
    0x20000228   0x00000048   Zero   RW          340    .bss                tim.o
    0x20000270   0x00000044   Zero   RW          385    .bss                usart.o
    0x200002b4   0x000002c4   Zero   RW          445    .bss                usb_device.o
    0x20000578   0x00000300   Zero   RW          507    .bss                usbd_conf.o
    0x20000878   0x00000200   Zero   RW          695    .bss                usbd_desc.o
    0x20000a78   0x00000048   Zero   RW          894    .bss                stm32f1xx_hal_timebase_tim.o
    0x20000ac0   0x00000400   Zero   RW         1088    .bss                oled.o
    0x20000ec0   0x00000060   Zero   RW         5281    .bss                c_w.l(libspace.o)
    0x20000f20   0x00000200   Zero   RW            2    HEAP                startup_stm32f103xe.o
    0x20001120   0x00000400   Zero   RW            1    STACK               startup_stm32f103xe.o


==============================================================================

Image component sizes


      Code (inc. data)   RO Data    RW Data    ZI Data      Debug   Object Name

        42          6          0          0          0       1012   bsp_exti.o
       212         22          0          0          0       1536   bsp_led.o
       768         76         10          0          0       7627   bsp_nrf24l01.o
       120         12          0          0          0        991   gpio.o
       156         26          0          0         84       1633   i2c.o
       516        116          0         12          0     521009   main.o
       508         40          0          0       1024       3568   oled.o
       188         22          0          0         88       1633   spi.o
        64         26        304          0       1536        820   startup_stm32f103xe.o
       100         18          0         12          0       5918   stm32f1xx_hal.o
       158         14          0          0          0      28238   stm32f1xx_hal_cortex.o
       548         48          0          0          0       4178   stm32f1xx_hal_gpio.o
       392         16          0          0          0       3119   stm32f1xx_hal_i2c.o
        60          8          0          0          0        866   stm32f1xx_hal_msp.o
      2962          0          0          0          0      13437   stm32f1xx_hal_pcd.o
        60          0          0          0          0       1198   stm32f1xx_hal_pcd_ex.o
      1336        110          0          0          0       5897   stm32f1xx_hal_rcc.o
       236         12          0          0          0       1404   stm32f1xx_hal_rcc_ex.o
       876          4          0          0          0       4753   stm32f1xx_hal_spi.o
      1024         40          0          0          0       9837   stm32f1xx_hal_tim.o
       128         20          0          0          0       2417   stm32f1xx_hal_tim_ex.o
       116         18          0          0         72       1427   stm32f1xx_hal_timebase_tim.o
       560          6          0          0          0       3996   stm32f1xx_hal_uart.o
        54         18          0          0          0       5214   stm32f1xx_it.o
      2758          0          0          0          0      16763   stm32f1xx_ll_usb.o
         2          0         24          4          0       1123   system_stm32f1xx.o
       164         10          0          0         72       1770   tim.o
       194         24          0          4         68       3894   usart.o
        64         12          0          0        708        768   usb_device.o
       524         30          0          0        768      13189   usbd_conf.o
       670          0          0          0          0       9619   usbd_core.o
      1186         28          0          1          0       8012   usbd_ctlreq.o
       288        104          0         78        512       5761   usbd_desc.o
       370         20          0        262          0       7905   usbd_hid.o
       102          0          0          0          0       3716   usbd_ioreq.o

    ----------------------------------------------------------------------
     17544        906        372        380       4932     704248   Object Totals
         0          0         32          0          0          0   (incl. Generated)
        38          0          2          7          0          0   (incl. Padding)

    ----------------------------------------------------------------------

      Code (inc. data)   RO Data    RW Data    ZI Data      Debug   Library Member Name

        90          0          0          0          0          0   __dczerorl2.o
         8          0          0          0          0         68   __main.o
       104          0          0          0          0         84   __printf.o
         0          0          0          0          0          0   __rtentry.o
        12          0          0          0          0          0   __rtentry2.o
         6          0          0          0          0          0   __rtentry4.o
        52          8          0          0          0          0   __scatter.o
        28          0          0          0          0          0   __scatter_zi.o
        48          6          0          0          0         96   _printf_char_common.o
        36          4          0          0          0         80   _printf_char_file.o
         6          0          0          0          0          0   _printf_d.o
       120         16          0          0          0         92   _printf_dec.o
       178          0          0          0          0         88   _printf_intcommon.o
         0          0          0          0          0          0   _printf_percent.o
         4          0          0          0          0          0   _printf_percent_end.o
        18          0          0          0          0         80   exit.o
         8          0          0          0          0         68   ferror.o
         6          0          0          0          0        152   heapauxi.o
         2          0          0          0          0          0   libinit.o
         2          0          0          0          0          0   libinit2.o
         2          0          0          0          0          0   libshutdown.o
         2          0          0          0          0          0   libshutdown2.o
         8          4          0          0         96         68   libspace.o
        24          4          0          0          0         84   noretval__2printf.o
        78          0          0          0          0         80   rt_memclr_w.o
       100          0          0          0          0         80   rt_memcpy_w.o
         2          0          0          0          0          0   rtexit.o
        10          0          0          0          0          0   rtexit2.o
        74          0          0          0          0         80   sys_stackheap_outer.o

    ----------------------------------------------------------------------
      1032         42          0          0         96       1200   Library Totals
         4          0          0          0          0          0   (incl. Padding)

    ----------------------------------------------------------------------

      Code (inc. data)   RO Data    RW Data    ZI Data      Debug   Library Name

      1028         42          0          0         96       1200   c_w.l

    ----------------------------------------------------------------------
      1032         42          0          0         96       1200   Library Totals

    ----------------------------------------------------------------------

==============================================================================


      Code (inc. data)   RO Data    RW Data    ZI Data      Debug   

     18576        948        372        380       5028     695356   Grand Totals
     18576        948        372        220       5028     695356   ELF Image Totals (compressed)
     18576        948        372        220          0          0   ROM Totals

==============================================================================

    Total RO  Size (Code + RO Data)                18948 (  18.50kB)
    Total RW  Size (RW Data + ZI Data)              5408 (   5.28kB)
    Total ROM Size (Code + RO Data + RW Data)      19168 (  18.72kB)

==============================================================================

