Component: ARM Compiler 5.06 update 3 (build 300) Tool: armlink [4d35c9]

==============================================================================

Section Cross References

    startup_stm32f103xb.o(STACK) refers (Special) to heapauxi.o(.text) for __use_two_region_memory
    startup_stm32f103xb.o(HEAP) refers (Special) to heapauxi.o(.text) for __use_two_region_memory
    startup_stm32f103xb.o(RESET) refers (Special) to heapauxi.o(.text) for __use_two_region_memory
    startup_stm32f103xb.o(RESET) refers to startup_stm32f103xb.o(STACK) for __initial_sp
    startup_stm32f103xb.o(RESET) refers to startup_stm32f103xb.o(.text) for Reset_Handler
    startup_stm32f103xb.o(RESET) refers to stm32f1xx_it.o(i.NMI_Handler) for NMI_Handler
    startup_stm32f103xb.o(RESET) refers to stm32f1xx_it.o(i.HardFault_Handler) for HardFault_Handler
    startup_stm32f103xb.o(RESET) refers to stm32f1xx_it.o(i.MemManage_Handler) for MemManage_Handler
    startup_stm32f103xb.o(RESET) refers to stm32f1xx_it.o(i.BusFault_Handler) for BusFault_Handler
    startup_stm32f103xb.o(RESET) refers to stm32f1xx_it.o(i.UsageFault_Handler) for UsageFault_Handler
    startup_stm32f103xb.o(RESET) refers to stm32f1xx_it.o(i.SVC_Handler) for SVC_Handler
    startup_stm32f103xb.o(RESET) refers to stm32f1xx_it.o(i.DebugMon_Handler) for DebugMon_Handler
    startup_stm32f103xb.o(RESET) refers to stm32f1xx_it.o(i.PendSV_Handler) for PendSV_Handler
    startup_stm32f103xb.o(RESET) refers to stm32f1xx_it.o(i.SysTick_Handler) for SysTick_Handler
    startup_stm32f103xb.o(RESET) refers to stm32f1xx_it.o(i.TIM1_UP_IRQHandler) for TIM1_UP_IRQHandler
    startup_stm32f103xb.o(RESET) refers to stm32f1xx_it.o(i.TIM2_IRQHandler) for TIM2_IRQHandler
    startup_stm32f103xb.o(.text) refers (Special) to heapauxi.o(.text) for __use_two_region_memory
    startup_stm32f103xb.o(.text) refers to system_stm32f1xx.o(i.SystemInit) for SystemInit
    startup_stm32f103xb.o(.text) refers to __main.o(!!!main) for __main
    startup_stm32f103xb.o(.text) refers to startup_stm32f103xb.o(HEAP) for Heap_Mem
    startup_stm32f103xb.o(.text) refers to startup_stm32f103xb.o(STACK) for Stack_Mem
    main.o(i.HAL_TIM_PeriodElapsedCallback) refers to stm32f1xx_hal.o(i.HAL_IncTick) for HAL_IncTick
    main.o(i.HAL_TIM_PeriodElapsedCallback) refers to bsp_led.o(i.LED_switch) for LED_switch
    main.o(i.SystemClock_Config) refers to rt_memclr_w.o(.text) for __aeabi_memclr4
    main.o(i.SystemClock_Config) refers to stm32f1xx_hal_rcc.o(i.HAL_RCC_OscConfig) for HAL_RCC_OscConfig
    main.o(i.SystemClock_Config) refers to stm32f1xx_hal_rcc.o(i.HAL_RCC_ClockConfig) for HAL_RCC_ClockConfig
    main.o(i.main) refers to _printf_percent.o(.ARM.Collect$$_printf_percent$$00000000) for _printf_percent
    main.o(i.main) refers to _printf_f.o(.ARM.Collect$$_printf_percent$$00000003) for _printf_f
    main.o(i.main) refers to printf1.o(x$fpl$printf1) for _printf_fp_dec
    main.o(i.main) refers to stm32f1xx_hal.o(i.HAL_Init) for HAL_Init
    main.o(i.main) refers to main.o(i.SystemClock_Config) for SystemClock_Config
    main.o(i.main) refers to gpio.o(i.MX_GPIO_Init) for MX_GPIO_Init
    main.o(i.main) refers to tim.o(i.MX_TIM2_Init) for MX_TIM2_Init
    main.o(i.main) refers to i2c.o(i.MX_I2C1_Init) for MX_I2C1_Init
    main.o(i.main) refers to usart.o(i.MX_USART1_UART_Init) for MX_USART1_UART_Init
    main.o(i.main) refers to spi.o(i.MX_SPI1_Init) for MX_SPI1_Init
    main.o(i.main) refers to bsp_mpu6050.o(i.MPU_Init) for MPU_Init
    main.o(i.main) refers to bsp_nrf24l01.o(i.NRF24L01_Init) for NRF24L01_Init
    main.o(i.main) refers to bsp_mpu6050.o(i.MPU_Get_Gyroscope) for MPU_Get_Gyroscope
    main.o(i.main) refers to bsp_mpu6050.o(i.Get_Kalman_Filter) for Get_Kalman_Filter
    main.o(i.main) refers to rt_memcpy_w.o(.text) for __aeabi_memcpy4
    main.o(i.main) refers to rt_memclr_w.o(.text) for __aeabi_memclr4
    main.o(i.main) refers to noretval__2printf.o(.text) for __2printf
    main.o(i.main) refers to stm32f1xx_hal.o(i.HAL_Delay) for HAL_Delay
    main.o(i.main) refers to bsp_nrf24l01.o(i.NRF24L01_Check) for NRF24L01_Check
    main.o(i.main) refers to bsp_nrf24l01.o(i.NRF24L01_TX_Mode) for NRF24L01_TX_Mode
    main.o(i.main) refers to bsp_mpu6050.o(i.MPU_Get_Accelerometer) for MPU_Get_Accelerometer
    main.o(i.main) refers to fflt_clz.o(x$fpl$fflt) for __aeabi_i2f
    main.o(i.main) refers to bsp_mpu6050.o(i.Accel_To_Angle) for Accel_To_Angle
    main.o(i.main) refers to faddsub_clz.o(x$fpl$fsub) for __aeabi_fsub
    main.o(i.main) refers to f2d.o(x$fpl$f2d) for __aeabi_f2d
    main.o(i.main) refers to ffix.o(x$fpl$ffix) for __aeabi_f2iz
    main.o(i.main) refers to bsp_nrf24l01.o(i.NRF24L01_TxPacket) for NRF24L01_TxPacket
    gpio.o(i.MX_GPIO_Init) refers to stm32f1xx_hal_gpio.o(i.HAL_GPIO_WritePin) for HAL_GPIO_WritePin
    gpio.o(i.MX_GPIO_Init) refers to stm32f1xx_hal_gpio.o(i.HAL_GPIO_Init) for HAL_GPIO_Init
[...]
    i.HAL_GPIO_WritePin                      0x080019de   Section        0  stm32f1xx_hal_gpio.o(i.HAL_GPIO_WritePin)
    i.HAL_GetTick                            0x080019e8   Section        0  stm32f1xx_hal.o(i.HAL_GetTick)
    i.HAL_I2C_Init                           0x080019f4   Section        0  stm32f1xx_hal_i2c.o(i.HAL_I2C_Init)
    i.HAL_I2C_Mem_Read                       0x08001b7c   Section        0  stm32f1xx_hal_i2c.o(i.HAL_I2C_Mem_Read)
    i.HAL_I2C_Mem_Write                      0x08001dcc   Section        0  stm32f1xx_hal_i2c.o(i.HAL_I2C_Mem_Write)
    i.HAL_I2C_MspInit                        0x08001efc   Section        0  i2c.o(i.HAL_I2C_MspInit)
    i.HAL_IncTick                            0x08001f58   Section        0  stm32f1xx_hal.o(i.HAL_IncTick)
    i.HAL_Init                               0x08001f68   Section        0  stm32f1xx_hal.o(i.HAL_Init)
    i.HAL_InitTick                           0x08001f8c   Section        0  stm32f1xx_hal_timebase_tim.o(i.HAL_InitTick)
    i.HAL_MspInit                            0x08002000   Section        0  stm32f1xx_hal_msp.o(i.HAL_MspInit)
    i.HAL_NVIC_EnableIRQ                     0x0800203c   Section        0  stm32f1xx_hal_cortex.o(i.HAL_NVIC_EnableIRQ)
    i.HAL_NVIC_SetPriority                   0x08002058   Section        0  stm32f1xx_hal_cortex.o(i.HAL_NVIC_SetPriority)
    i.HAL_NVIC_SetPriorityGrouping           0x08002098   Section        0  stm32f1xx_hal_cortex.o(i.HAL_NVIC_SetPriorityGrouping)
    i.HAL_RCC_ClockConfig                    0x080020bc   Section        0  stm32f1xx_hal_rcc.o(i.HAL_RCC_ClockConfig)
    i.HAL_RCC_GetClockConfig                 0x080021e8   Section        0  stm32f1xx_hal_rcc.o(i.HAL_RCC_GetClockConfig)
    i.HAL_RCC_GetPCLK1Freq                   0x08002228   Section        0  stm32f1xx_hal_rcc.o(i.HAL_RCC_GetPCLK1Freq)
    i.HAL_RCC_GetPCLK2Freq                   0x08002248   Section        0  stm32f1xx_hal_rcc.o(i.HAL_RCC_GetPCLK2Freq)
    i.HAL_RCC_GetSysClockFreq                0x08002268   Section        0  stm32f1xx_hal_rcc.o(i.HAL_RCC_GetSysClockFreq)
    i.HAL_RCC_OscConfig                      0x080022d4   Section        0  stm32f1xx_hal_rcc.o(i.HAL_RCC_OscConfig)
    i.HAL_SPI_Init                           0x080025f4   Section        0  stm32f1xx_hal_spi.o(i.HAL_SPI_Init)
    i.HAL_SPI_MspInit                        0x080026a8   Section        0  spi.o(i.HAL_SPI_MspInit)
    i.HAL_SPI_TransmitReceive                0x08002718   Section        0  stm32f1xx_hal_spi.o(i.HAL_SPI_TransmitReceive)
    i.HAL_TIMEx_BreakCallback                0x080028fa   Section        0  stm32f1xx_hal_tim_ex.o(i.HAL_TIMEx_BreakCallback)
    i.HAL_TIMEx_CommutCallback               0x080028fc   Section        0  stm32f1xx_hal_tim_ex.o(i.HAL_TIMEx_CommutCallback)
    i.HAL_TIMEx_MasterConfigSynchronization  0x08002900   Section        0  stm32f1xx_hal_tim_ex.o(i.HAL_TIMEx_MasterConfigSynchronization)
    i.HAL_TIM_Base_Init                      0x08002968   Section        0  stm32f1xx_hal_tim.o(i.HAL_TIM_Base_Init)
    i.HAL_TIM_Base_MspInit                   0x080029c4   Section        0  tim.o(i.HAL_TIM_Base_MspInit)
    i.HAL_TIM_Base_Start_IT                  0x080029fc   Section        0  stm32f1xx_hal_tim.o(i.HAL_TIM_Base_Start_IT)
    i.HAL_TIM_ConfigClockSource              0x08002a54   Section        0  stm32f1xx_hal_tim.o(i.HAL_TIM_ConfigClockSource)
    i.HAL_TIM_IC_CaptureCallback             0x08002b2a   Section        0  stm32f1xx_hal_tim.o(i.HAL_TIM_IC_CaptureCallback)
    i.HAL_TIM_IRQHandler                     0x08002b2c   Section        0  stm32f1xx_hal_tim.o(i.HAL_TIM_IRQHandler)
    i.HAL_TIM_OC_DelayElapsedCallback        0x08002c92   Section        0  stm32f1xx_hal_tim.o(i.HAL_TIM_OC_DelayElapsedCallback)
    i.HAL_TIM_PWM_PulseFinishedCallback      0x08002c94   Section        0  stm32f1xx_hal_tim.o(i.HAL_TIM_PWM_PulseFinishedCallback)
    i.HAL_TIM_PeriodElapsedCallback          0x08002c98   Section        0  main.o(i.HAL_TIM_PeriodElapsedCallback)
    i.HAL_TIM_TriggerCallback                0x08002cc0   Section        0  stm32f1xx_hal_tim.o(i.HAL_TIM_TriggerCallback)
    i.HAL_UART_Init                          0x08002cc2   Section        0  stm32f1xx_hal_uart.o(i.HAL_UART_Init)
    i.HAL_UART_MspInit                       0x08002d24   Section        0  usart.o(i.HAL_UART_MspInit)
    i.HAL_UART_Transmit                      0x08002d94   Section        0  stm32f1xx_hal_uart.o(i.HAL_UART_Transmit)
    i.HardFault_Handler                      0x08002e46   Section        0  stm32f1xx_it.o(i.HardFault_Handler)
    i.I2C_IsAcknowledgeFailed                0x08002e48   Section        0  stm32f1xx_hal_i2c.o(i.I2C_IsAcknowledgeFailed)
    I2C_IsAcknowledgeFailed                  0x08002e49   Thumb Code    46  stm32f1xx_hal_i2c.o(i.I2C_IsAcknowledgeFailed)
    i.I2C_RequestMemoryRead                  0x08002e78   Section        0  stm32f1xx_hal_i2c.o(i.I2C_RequestMemoryRead)
    I2C_RequestMemoryRead                    0x08002e79   Thumb Code   246  stm32f1xx_hal_i2c.o(i.I2C_RequestMemoryRead)
    i.I2C_RequestMemoryWrite                 0x08002f74   Section        0  stm32f1xx_hal_i2c.o(i.I2C_RequestMemoryWrite)
    I2C_RequestMemoryWrite                   0x08002f75   Thumb Code   162  stm32f1xx_hal_i2c.o(i.I2C_RequestMemoryWrite)
    i.I2C_WaitOnBTFFlagUntilTimeout          0x0800301c   Section        0  stm32f1xx_hal_i2c.o(i.I2C_WaitOnBTFFlagUntilTimeout)
    I2C_WaitOnBTFFlagUntilTimeout            0x0800301d   Thumb Code    76  stm32f1xx_hal_i2c.o(i.I2C_WaitOnBTFFlagUntilTimeout)
    i.I2C_WaitOnFlagUntilTimeout             0x08003068   Section        0  stm32f1xx_hal_i2c.o(i.I2C_WaitOnFlagUntilTimeout)
    I2C_WaitOnFlagUntilTimeout               0x08003069   Thumb Code   104  stm32f1xx_hal_i2c.o(i.I2C_WaitOnFlagUntilTimeout)
    i.I2C_WaitOnMasterAddressFlagUntilTimeout 0x080030d0   Section        0  stm32f1xx_hal_i2c.o(i.I2C_WaitOnMasterAddressFlagUntilTimeout)
    I2C_WaitOnMasterAddressFlagUntilTimeout  0x080030d1   Thumb Code   150  stm32f1xx_hal_i2c.o(i.I2C_WaitOnMasterAddressFlagUntilTimeout)
    i.I2C_WaitOnRXNEFlagUntilTimeout         0x08003166   Section        0  stm32f1xx_hal_i2c.o(i.I2C_WaitOnRXNEFlagUntilTimeout)
    I2C_WaitOnRXNEFlagUntilTimeout           0x08003167   Thumb Code   102  stm32f1xx_hal_i2c.o(i.I2C_WaitOnRXNEFlagUntilTimeout)
    i.I2C_WaitOnTXEFlagUntilTimeout          0x080031cc   Section        0  stm32f1xx_hal_i2c.o(i.I2C_WaitOnTXEFlagUntilTimeout)
    I2C_WaitOnTXEFlagUntilTimeout            0x080031cd   Thumb Code    76  stm32f1xx_hal_i2c.o(i.I2C_WaitOnTXEFlagUntilTimeout)
    i.LED_switch                             0x08003218   Section        0  bsp_led.o(i.LED_switch)
    i.MPU_Get_Accelerometer                  0x08003240   Section        0  bsp_mpu6050.o(i.MPU_Get_Accelerometer)
    i.MPU_Get_Gyroscope                      0x08003270   Section        0  bsp_mpu6050.o(i.MPU_Get_Gyroscope)
    i.MPU_Init                               0x080032b4   Section        0  bsp_mpu6050.o(i.MPU_Init)
    i.MPU_Read_Byte                          0x0800332c   Section        0  bsp_mpu6050.o(i.MPU_Read_Byte)
    i.MPU_Read_Len                           0x08003360   Section        0  bsp_mpu6050.o(i.MPU_Read_Len)
    i.MPU_Set_Accel_Fsr                      0x08003388   Section        0  bsp_mpu6050.o(i.MPU_Set_Accel_Fsr)
    i.MPU_Set_Gyro_Fsr                       0x08003392   Section        0  bsp_mpu6050.o(i.MPU_Set_Gyro_Fsr)
    i.MPU_Set_LPF                            0x0800339c   Section        0  bsp_mpu6050.o(i.MPU_Set_LPF)
    i.MPU_Set_Rate                           0x080033cc   Section        0  bsp_mpu6050.o(i.MPU_Set_Rate)
    i.MPU_Write_Byte                         0x080033fc   Section        0  bsp_mpu6050.o(i.MPU_Write_Byte)
    i.MX_GPIO_Init                           0x0800342c   Section        0  gpio.o(i.MX_GPIO_Init)
    i.MX_I2C1_Init                           0x080034d4   Section        0  i2c.o(i.MX_I2C1_Init)
    i.MX_SPI1_Init                           0x08003514   Section        0  spi.o(i.MX_SPI1_Init)
    i.MX_TIM2_Init                           0x0800355c   Section        0  tim.o(i.MX_TIM2_Init)
    i.MX_USART1_UART_Init                    0x080035c8   Section        0  usart.o(i.MX_USART1_UART_Init)
    i.MemManage_Handler                      0x08003600   Section        0  stm32f1xx_it.o(i.MemManage_Handler)
    i.NMI_Handler                            0x08003602   Section        0  stm32f1xx_it.o(i.NMI_Handler)
    i.NRF24L01_Check                         0x08003604   Section        0  bsp_nrf24l01.o(i.NRF24L01_Check)
    i.NRF24L01_Init                          0x08003650   Section        0  bsp_nrf24l01.o(i.NRF24L01_Init)
    i.NRF24L01_Read_Buf                      0x080036c4   Section        0  bsp_nrf24l01.o(i.NRF24L01_Read_Buf)
    i.NRF24L01_Read_Reg                      0x08003714   Section        0  bsp_nrf24l01.o(i.NRF24L01_Read_Reg)
    i.NRF24L01_SPI_Init                      0x0800374c   Section        0  bsp_nrf24l01.o(i.NRF24L01_SPI_Init)
    i.NRF24L01_TX_Mode                       0x08003778   Section        0  bsp_nrf24l01.o(i.NRF24L01_TX_Mode)
    i.NRF24L01_TxPacket                      0x080037e8   Section        0  bsp_nrf24l01.o(i.NRF24L01_TxPacket)
    i.NRF24L01_Write_Buf                     0x08003854   Section        0  bsp_nrf24l01.o(i.NRF24L01_Write_Buf)
    i.NRF24L01_Write_Reg                     0x080038a8   Section        0  bsp_nrf24l01.o(i.NRF24L01_Write_Reg)
    i.PendSV_Handler                         0x080038e4   Section        0  stm32f1xx_it.o(i.PendSV_Handler)
    i.SPI1_SetSpeed                          0x080038e8   Section        0  bsp_nrf24l01.o(i.SPI1_SetSpeed)
    SPI1_SetSpeed                            0x080038e9   Thumb Code    46  bsp_nrf24l01.o(i.SPI1_SetSpeed)
    i.SPI_EndRxTxTransaction                 0x0800391c   Section        0  stm32f1xx_hal_spi.o(i.SPI_EndRxTxTransaction)
    SPI_EndRxTxTransaction                   0x0800391d   Thumb Code    32  stm32f1xx_hal_spi.o(i.SPI_EndRxTxTransaction)
    i.SPI_WaitFlagStateUntilTimeout          0x0800393c   Section        0  stm32f1xx_hal_spi.o(i.SPI_WaitFlagStateUntilTimeout)
    SPI_WaitFlagStateUntilTimeout            0x0800393d   Thumb Code   180  stm32f1xx_hal_spi.o(i.SPI_WaitFlagStateUntilTimeout)
    i.SPIx_ReadWriteByte                     0x080039f4   Section        0  bsp_nrf24l01.o(i.SPIx_ReadWriteByte)
    i.SVC_Handler                            0x08003a14   Section        0  stm32f1xx_it.o(i.SVC_Handler)
    i.SysTick_Handler                        0x08003a16   Section        0  stm32f1xx_it.o(i.SysTick_Handler)
    i.SystemClock_Config                     0x08003a18   Section        0  main.o(i.SystemClock_Config)
    i.SystemInit                             0x08003a76   Section        0  system_stm32f1xx.o(i.SystemInit)
    i.TIM1_UP_IRQHandler                     0x08003a78   Section        0  stm32f1xx_it.o(i.TIM1_UP_IRQHandler)
    i.TIM2_IRQHandler                        0x08003a84   Section        0  stm32f1xx_it.o(i.TIM2_IRQHandler)
    i.TIM_Base_SetConfig                     0x08003a90   Section        0  stm32f1xx_hal_tim.o(i.TIM_Base_SetConfig)
    i.TIM_ETR_SetConfig                      0x08003afc   Section        0  stm32f1xx_hal_tim.o(i.TIM_ETR_SetConfig)
    i.TIM_ITRx_SetConfig                     0x08003b10   Section        0  stm32f1xx_hal_tim.o(i.TIM_ITRx_SetConfig)
    TIM_ITRx_SetConfig                       0x08003b11   Thumb Code    16  stm32f1xx_hal_tim.o(i.TIM_ITRx_SetConfig)
    i.TIM_TI1_ConfigInputStage               0x08003b20   Section        0  stm32f1xx_hal_tim.o(i.TIM_TI1_ConfigInputStage)
    TIM_TI1_ConfigInputStage                 0x08003b21   Thumb Code    34  stm32f1xx_hal_tim.o(i.TIM_TI1_ConfigInputStage)
    i.TIM_TI2_ConfigInputStage               0x08003b42   Section        0  stm32f1xx_hal_tim.o(i.TIM_TI2_ConfigInputStage)
    TIM_TI2_ConfigInputStage                 0x08003b43   Thumb Code    36  stm32f1xx_hal_tim.o(i.TIM_TI2_ConfigInputStage)
    i.UART_SetConfig                         0x08003b68   Section        0  stm32f1xx_hal_uart.o(i.UART_SetConfig)
    UART_SetConfig                           0x08003b69   Thumb Code   178  stm32f1xx_hal_uart.o(i.UART_SetConfig)
    i.UART_WaitOnFlagUntilTimeout            0x08003c20   Section        0  stm32f1xx_hal_uart.o(i.UART_WaitOnFlagUntilTimeout)
    UART_WaitOnFlagUntilTimeout              0x08003c21   Thumb Code   100  stm32f1xx_hal_uart.o(i.UART_WaitOnFlagUntilTimeout)
    i.UsageFault_Handler                     0x08003c84   Section        0  stm32f1xx_it.o(i.UsageFault_Handler)
    i.__ARM_fpclassify                       0x08003c86   Section        0  fpclassify.o(i.__ARM_fpclassify)
    i.__NVIC_SetPriority                     0x08003cae   Section        0  stm32f1xx_hal_cortex.o(i.__NVIC_SetPriority)
    __NVIC_SetPriority                       0x08003caf   Thumb Code    32  stm32f1xx_hal_cortex.o(i.__NVIC_SetPriority)
    i.__kernel_poly                          0x08003cce   Section        0  poly.o(i.__kernel_poly)
    i.__mathlib_dbl_infnan                   0x08003d78   Section        0  dunder.o(i.__mathlib_dbl_infnan)
    i.__mathlib_dbl_underflow                0x08003d80   Section        0  dunder.o(i.__mathlib_dbl_underflow)
    i._is_digit                              0x08003d90   Section        0  __printf_wp.o(i._is_digit)
    i._sys_exit                              0x08003d9e   Section        0  usart.o(i._sys_exit)
    i._ttywrch                               0x08003da0   Section        0  usart.o(i._ttywrch)
    i.atan                                   0x08003da4   Section        0  atan.o(i.atan)
    i.fputc                                  0x08003fc4   Section        0  usart.o(i.fputc)
    i.main                                   0x08003fdc   Section        0  main.o(i.main)
    i.sqrt                                   0x080041b8   Section        0  sqrt.o(i.sqrt)
    locale$$code                             0x08004204   Section       44  lc_numeric_c.o(locale$$code)
    x$fpl$d2f                                0x08004230   Section       98  d2f.o(x$fpl$d2f)
    x$fpl$dadd                               0x08004294   Section      336  daddsub_clz.o(x$fpl$dadd)
    _dadd1                                   0x080042a5   Thumb Code     0  daddsub_clz.o(x$fpl$dadd)
    x$fpl$dcheck1                            0x080043e4   Section       16  dcheck1.o(x$fpl$dcheck1)
    x$fpl$ddiv                               0x080043f4   Section      688  ddiv.o(x$fpl$ddiv)
    ddiv_entry                               0x080043fb   Thumb Code     0  ddiv.o(x$fpl$ddiv)
    x$fpl$dmul                               0x080046a4   Section      340  dmul.o(x$fpl$dmul)
    x$fpl$dnaninf                            0x080047f8   Section      156  dnaninf.o(x$fpl$dnaninf)
    x$fpl$dretinf                            0x08004894   Section       12  dretinf.o(x$fpl$dretinf)
    x$fpl$drsb                               0x080048a0   Section       22  daddsub_clz.o(x$fpl$drsb)
    x$fpl$dsqrt                              0x080048b8   Section      460  dsqrt_noumaal.o(x$fpl$dsqrt)
    x$fpl$dsub                               0x08004a84   Section      468  daddsub_clz.o(x$fpl$dsub)
    _dsub1                                   0x08004a95   Thumb Code     0  daddsub_clz.o(x$fpl$dsub)
    x$fpl$f2d                                0x08004c58   Section       86  f2d.o(x$fpl$f2d)
    x$fpl$fadd                               0x08004cb0   Section      196  faddsub_clz.o(x$fpl$fadd)
    _fadd1                                   0x08004cbf   Thumb Code     0  faddsub_clz.o(x$fpl$fadd)
    x$fpl$ffix                               0x08004d74   Section       54  ffix.o(x$fpl$ffix)
    x$fpl$fflt                               0x08004dac   Section       48  fflt_clz.o(x$fpl$fflt)
    x$fpl$ffltu                              0x08004ddc   Section       38  fflt_clz.o(x$fpl$ffltu)
    x$fpl$fmul                               0x08004e04   Section      258  fmul.o(x$fpl$fmul)
    x$fpl$fnaninf                            0x08004f06   Section      140  fnaninf.o(x$fpl$fnaninf)
    x$fpl$fretinf                            0x08004f92   Section       10  fretinf.o(x$fpl$fretinf)
    x$fpl$fsub                               0x08004f9c   Section      234  faddsub_clz.o(x$fpl$fsub)
    _fsub1                                   0x08004fab   Thumb Code     0  faddsub_clz.o(x$fpl$fsub)
    x$fpl$printf1                            0x08005086   Section        4  printf1.o(x$fpl$printf1)
    x$fpl$retnan                             0x0800508a   Section      100  retnan.o(x$fpl$retnan)
    x$fpl$scalbn                             0x080050ee   Section       92  scalbn.o(x$fpl$scalbn)
    x$fpl$trapveneer                         0x0800514a   Section       48  trapv.o(x$fpl$trapveneer)
    .constdata                               0x0800517a   Section       16  system_stm32f1xx.o(.constdata)
    x$fpl$usenofp                            0x0800517a   Section        0  usenofp.o(x$fpl$usenofp)
    .constdata                               0x0800518a   Section        8  system_stm32f1xx.o(.constdata)
    .constdata                               0x08005192   Section       10  bsp_nrf24l01.o(.constdata)
    .constdata                               0x0800519c   Section       40  _printf_hex_int.o(.constdata)
    uc_hextab                                0x0800519c   Data          20  _printf_hex_int.o(.constdata)
    lc_hextab                                0x080051b0   Data          20  _printf_hex_int.o(.constdata)
    .constdata                               0x080051c8   Section      152  atan.o(.constdata)
    atanhi                                   0x080051c8   Data          32  atan.o(.constdata)
    atanlo                                   0x080051e8   Data          32  atan.o(.constdata)
    aTodd                                    0x08005208   Data          40  atan.o(.constdata)
    aTeven                                   0x08005230   Data          48  atan.o(.constdata)
    .constdata                               0x08005260   Section      148  bigflt0.o(.constdata)
    tenpwrs_x                                0x08005260   Data          60  bigflt0.o(.constdata)
    tenpwrs_i                                0x0800529c   Data          64  bigflt0.o(.constdata)
    locale$$data                             0x08005314   Section       28  lc_numeric_c.o(locale$$data)
    __lcnum_c_name                           0x08005318   Data           2  lc_numeric_c.o(locale$$data)
    __lcnum_c_start                          0x08005320   Data           0  lc_numeric_c.o(locale$$data)
    __lcnum_c_point                          0x0800532c   Data           0  lc_numeric_c.o(locale$$data)
    __lcnum_c_thousands                      0x0800532e   Data           0  lc_numeric_c.o(locale$$data)
    __lcnum_c_grouping                       0x0800532f   Data           0  lc_numeric_c.o(locale$$data)
    __lcnum_c_end                            0x08005330   Data           0  lc_numeric_c.o(locale$$data)
    .data                                    0x20000000   Section        4  usart.o(.data)
    .data                                    0x20000004   Section       12  stm32f1xx_hal.o(.data)
    .data                                    0x20000010   Section        4  system_stm32f1xx.o(.data)
    .bss                                     0x20000014   Section       84  i2c.o(.bss)
    .bss                                     0x20000068   Section       88  spi.o(.bss)
    .bss                                     0x200000c0   Section       72  tim.o(.bss)
    .bss                                     0x20000108   Section       68  usart.o(.bss)
    .bss                                     0x2000014c   Section       72  stm32f1xx_hal_timebase_tim.o(.bss)
    .bss                                     0x20000194   Section       96  libspace.o(.bss)
    HEAP                                     0x200001f8   Section      512  startup_stm32f103xb.o(HEAP)
    Heap_Mem                                 0x200001f8   Data         512  startup_stm32f103xb.o(HEAP)
    STACK                                    0x200003f8   Section     1024  startup_stm32f103xb.o(STACK)
    Stack_Mem                                0x200003f8   Data        1024  startup_stm32f103xb.o(STACK)
    __initial_sp                             0x200007f8   Data           0  startup_stm32f103xb.o(STACK)

    Global Symbols

    Symbol Name                              Value     Ov Type        Size  Object(Section)

    BuildAttributes$$THM_ISAv4$P$D$K$B$S$PE$A:L22UL41UL21$X:L11$S22US41US21$IEEE1$IW$USESV6$~STKCKD$USESV7$~SHL$OTIME$ROPI$IEEEX$EBA8$UX$STANDARDLIB$REQ8$PRES8$EABIv2 0x00000000   Number         0  anon$$obj.o ABSOLUTE
    __ARM_use_no_argv                        0x00000000   Number         0  main.o ABSOLUTE
    _printf_flags                            0x00000000   Number         0  printf_stubs.o ABSOLUTE
    _printf_return_value                     0x00000000   Number         0  printf_stubs.o ABSOLUTE
    _printf_sizespec                         0x00000000   Number         0  printf_stubs.o ABSOLUTE
    _printf_widthprec                        0x00000000   Number         0  printf_stubs.o ABSOLUTE
    __ARM_exceptions_init                     - Undefined Weak Reference
    __alloca_initialize                       - Undefined Weak Reference
    __arm_preinit_                            - Undefined Weak Reference
    __cpp_initialize__aeabi_                  - Undefined Weak Reference
    __cxa_finalize                            - Undefined Weak Reference
    __sigvec_lookup                           - Undefined Weak Reference
    __user_heap_extent                        - Undefined Weak Reference
    _atexit_init                              - Undefined Weak Reference
    _call_atexit_fns                          - Undefined Weak Reference
    _clock_init                               - Undefined Weak Reference
    _fp_trap_init                             - Undefined Weak Reference
    _fp_trap_shutdown                         - Undefined Weak Reference
    _get_lc_collate                           - Undefined Weak Reference
    _get_lc_ctype                             - Undefined Weak Reference
    _get_lc_monetary                          - Undefined Weak Reference
    _get_lc_time                              - Undefined Weak Reference
    _getenv_init                              - Undefined Weak Reference
    _handle_redirection                       - Undefined Weak Reference
    _initio                                   - Undefined Weak Reference
    _mutex_acquire                            - Undefined Weak Reference
    _mutex_free                               - Undefined Weak Reference
    _mutex_release                            - Undefined Weak Reference
    _printf_truncate_unsigned                 - Undefined Weak Reference
    _rand_init                                - Undefined Weak Reference
    _signal_finish                            - Undefined Weak Reference
    _signal_init                              - Undefined Weak Reference
    _terminateio                              - Undefined Weak Reference
    __Vectors_Size                           0x000000ec   Number         0  startup_stm32f103xb.o ABSOLUTE
    __Vectors                                0x08000000   Data           4  startup_stm32f103xb.o(RESET)
    __Vectors_End                            0x080000ec   Data           0  startup_stm32f103xb.o(RESET)
    __main                                   0x080000ed   Thumb Code     8  __main.o(!!!main)
    __scatterload                            0x080000f5   Thumb Code     0  __scatter.o(!!!scatter)
    __scatterload_rt2                        0x080000f5   Thumb Code    44  __scatter.o(!!!scatter)
    __scatterload_rt2_thumb_only             0x080000f5   Thumb Code     0  __scatter.o(!!!scatter)
    __scatterload_null                       0x08000103   Thumb Code     0  __scatter.o(!!!scatter)
    __scatterload_copy                       0x08000129   Thumb Code    26  __scatter_copy.o(!!handler_copy)
    __scatterload_zeroinit                   0x08000145   Thumb Code    28  __scatter_zi.o(!!handler_zi)
    _printf_f                                0x08000161   Thumb Code     0  _printf_f.o(.ARM.Collect$$_printf_percent$$00000003)
    _printf_percent                          0x08000161   Thumb Code     0  _printf_percent.o(.ARM.Collect$$_printf_percent$$00000000)
    _printf_x                                0x08000167   Thumb Code     0  _printf_x.o(.ARM.Collect$$_printf_percent$$0000000C)
    _printf_percent_end                      0x0800016d   Thumb Code     0  _printf_percent_end.o(.ARM.Collect$$_printf_percent$$00000017)
    __rt_lib_init                            0x08000171   Thumb Code     0  libinit.o(.ARM.Collect$$libinit$$00000000)
    __rt_lib_init_fp_1                       0x08000173   Thumb Code     0  libinit2.o(.ARM.Collect$$libinit$$00000002)
    __rt_lib_init_heap_2                     0x08000173   Thumb Code     0  libinit2.o(.ARM.Collect$$libinit$$00000005)
    __rt_lib_init_preinit_1                  0x08000173   Thumb Code     0  libinit2.o(.ARM.Collect$$libinit$$00000004)
    __rt_lib_init_heap_1                     0x0800017b   Thumb Code     0  libinit2.o(.ARM.Collect$$libinit$$0000000A)
    __rt_lib_init_lc_common                  0x0800017b   Thumb Code     0  libinit2.o(.ARM.Collect$$libinit$$0000000F)
    __rt_lib_init_rand_1                     0x0800017b   Thumb Code     0  libinit2.o(.ARM.Collect$$libinit$$0000000E)
    __rt_lib_init_user_alloc_1               0x0800017b   Thumb Code     0  libinit2.o(.ARM.Collect$$libinit$$0000000C)
    __rt_lib_init_lc_collate_1               0x08000181   Thumb Code     0  libinit2.o(.ARM.Collect$$libinit$$00000011)
    __rt_lib_init_lc_ctype_1                 0x08000181   Thumb Code     0  libinit2.o(.ARM.Collect$$libinit$$00000013)
    __rt_lib_init_lc_monetary_1              0x08000181   Thumb Code     0  libinit2.o(.ARM.Collect$$libinit$$00000015)
    __rt_lib_init_lc_numeric_2               0x08000181   Thumb Code     0  libinit2.o(.ARM.Collect$$libinit$$00000016)
    __rt_lib_init_alloca_1                   0x0800018b   Thumb Code     0  libinit2.o(.ARM.Collect$$libinit$$0000002E)
    __rt_lib_init_argv_1                     0x0800018b   Thumb Code     0  libinit2.o(.ARM.Collect$$libinit$$0000002C)
    __rt_lib_init_atexit_1                   0x0800018b   Thumb Code     0  libinit2.o(.ARM.Collect$$libinit$$0000001B)
    __rt_lib_init_clock_1                    0x0800018b   Thumb Code     0  libinit2.o(.ARM.Collect$$libinit$$00000021)
    __rt_lib_init_cpp_1                      0x0800018b   Thumb Code     0  libinit2.o(.ARM.Collect$$libinit$$00000032)
    __rt_lib_init_exceptions_1               0x0800018b   Thumb Code     0  libinit2.o(.ARM.Collect$$libinit$$00000030)
    __rt_lib_init_fp_trap_1                  0x0800018b   Thumb Code     0  libinit2.o(.ARM.Collect$$libinit$$0000001F)
    __rt_lib_init_getenv_1                   0x0800018b   Thumb Code     0  libinit2.o(.ARM.Collect$$libinit$$00000023)
    __rt_lib_init_lc_numeric_1               0x0800018b   Thumb Code     0  libinit2.o(.ARM.Collect$$libinit$$00000017)
    __rt_lib_init_lc_time_1                  0x0800018b   Thumb Code     0  libinit2.o(.ARM.Collect$$libinit$$00000019)
    __rt_lib_init_return                     0x0800018b   Thumb Code     0  libinit2.o(.ARM.Collect$$libinit$$00000033)
    __rt_lib_init_signal_1                   0x0800018b   Thumb Code     0  libinit2.o(.ARM.Collect$$libinit$$0000001D)
    __rt_lib_init_stdio_1                    0x0800018b   Thumb Code     0  libinit2.o(.ARM.Collect$$libinit$$00000025)
    __rt_lib_shutdown                        0x0800018d   Thumb Code     0  libshutdown.o(.ARM.Collect$$libshutdown$$00000000)
    __rt_lib_shutdown_cpp_1                  0x0800018f   Thumb Code     0  libshutdown2.o(.ARM.Collect$$libshutdown$$00000002)
    __rt_lib_shutdown_fp_trap_1              0x0800018f   Thumb Code     0  libshutdown2.o(.ARM.Collect$$libshutdown$$00000007)
    __rt_lib_shutdown_heap_1                 0x0800018f   Thumb Code     0  libshutdown2.o(.ARM.Collect$$libshutdown$$0000000F)
    __rt_lib_shutdown_return                 0x0800018f   Thumb Code     0  libshutdown2.o(.ARM.Collect$$libshutdown$$00000010)
    __rt_lib_shutdown_signal_1               0x0800018f   Thumb Code     0  libshutdown2.o(.ARM.Collect$$libshutdown$$0000000A)
    __rt_lib_shutdown_stdio_1                0x0800018f   Thumb Code     0  libshutdown2.o(.ARM.Collect$$libshutdown$$00000004)
    __rt_lib_shutdown_user_alloc_1           0x0800018f   Thumb Code     0  libshutdown2.o(.ARM.Collect$$libshutdown$$0000000C)
    __rt_entry                               0x08000191   Thumb Code     0  __rtentry.o(.ARM.Collect$$rtentry$$00000000)
    __rt_entry_presh_1                       0x08000191   Thumb Code     0  __rtentry2.o(.ARM.Collect$$rtentry$$00000002)
    __rt_entry_sh                            0x08000191   Thumb Code     0  __rtentry4.o(.ARM.Collect$$rtentry$$00000004)
    __rt_entry_li                            0x08000197   Thumb Code     0  __rtentry2.o(.ARM.Collect$$rtentry$$0000000A)
    __rt_entry_postsh_1                      0x08000197   Thumb Code     0  __rtentry2.o(.ARM.Collect$$rtentry$$00000009)
    __rt_entry_main                          0x0800019b   Thumb Code     0  __rtentry2.o(.ARM.Collect$$rtentry$$0000000D)
    __rt_entry_postli_1                      0x0800019b   Thumb Code     0  __rtentry2.o(.ARM.Collect$$rtentry$$0000000C)
    __rt_exit                                0x080001a3   Thumb Code     0  rtexit.o(.ARM.Collect$$rtexit$$00000000)
    __rt_exit_ls                             0x080001a5   Thumb Code     0  rtexit2.o(.ARM.Collect$$rtexit$$00000003)
    __rt_exit_prels_1                        0x080001a5   Thumb Code     0  rtexit2.o(.ARM.Collect$$rtexit$$00000002)
    __rt_exit_exit                           0x080001a9   Thumb Code     0  rtexit2.o(.ARM.Collect$$rtexit$$00000004)
    Reset_Handler                            0x080001b1   Thumb Code     8  startup_stm32f103xb.o(.text)
    _maybe_terminate_alloc                   0x080001b1   Thumb Code     0  maybetermalloc1.o(.emb_text)
    ADC1_2_IRQHandler                        0x080001cb   Thumb Code     0  startup_stm32f103xb.o(.text)
    CAN1_RX1_IRQHandler                      0x080001cb   Thumb Code     0  startup_stm32f103xb.o(.text)
    CAN1_SCE_IRQHandler                      0x080001cb   Thumb Code     0  startup_stm32f103xb.o(.text)
    DMA1_Channel1_IRQHandler                 0x080001cb   Thumb Code     0  startup_stm32f103xb.o(.text)
    DMA1_Channel2_IRQHandler                 0x080001cb   Thumb Code     0  startup_stm32f103xb.o(.text)
    DMA1_Channel3_IRQHandler                 0x080001cb   Thumb Code     0  startup_stm32f103xb.o(.text)
    DMA1_Channel4_IRQHandler                 0x080001cb   Thumb Code     0  startup_stm32f103xb.o(.text)
    DMA1_Channel5_IRQHandler                 0x080001cb   Thumb Code     0  startup_stm32f103xb.o(.text)
    DMA1_Channel6_IRQHandler                 0x080001cb   Thumb Code     0  startup_stm32f103xb.o(.text)
    DMA1_Channel7_IRQHandler                 0x080001cb   Thumb Code     0  startup_stm32f103xb.o(.text)
    EXTI0_IRQHandler                         0x080001cb   Thumb Code     0  startup_stm32f103xb.o(.text)
    EXTI15_10_IRQHandler                     0x080001cb   Thumb Code     0  startup_stm32f103xb.o(.text)
    EXTI1_IRQHandler                         0x080001cb   Thumb Code     0  startup_stm32f103xb.o(.text)
    EXTI2_IRQHandler                         0x080001cb   Thumb Code     0  startup_stm32f103xb.o(.text)
    EXTI3_IRQHandler                         0x080001cb   Thumb Code     0  startup_stm32f103xb.o(.text)
    EXTI4_IRQHandler                         0x080001cb   Thumb Code     0  startup_stm32f103xb.o(.text)
    EXTI9_5_IRQHandler                       0x080001cb   Thumb Code     0  startup_stm32f103xb.o(.text)
    FLASH_IRQHandler                         0x080001cb   Thumb Code     0  startup_stm32f103xb.o(.text)
    I2C1_ER_IRQHandler                       0x080001cb   Thumb Code     0  startup_stm32f103xb.o(.text)
    I2C1_EV_IRQHandler                       0x080001cb   Thumb Code     0  startup_stm32f103xb.o(.text)
    I2C2_ER_IRQHandler                       0x080001cb   Thumb Code     0  startup_stm32f103xb.o(.text)
    I2C2_EV_IRQHandler                       0x080001cb   Thumb Code     0  startup_stm32f103xb.o(.text)
    PVD_IRQHandler                           0x080001cb   Thumb Code     0  startup_stm32f103xb.o(.text)
    RCC_IRQHandler                           0x080001cb   Thumb Code     0  startup_stm32f103xb.o(.text)
    RTC_Alarm_IRQHandler                     0x080001cb   Thumb Code     0  startup_stm32f103xb.o(.text)
    RTC_IRQHandler                           0x080001cb   Thumb Code     0  startup_stm32f103xb.o(.text)
    SPI1_IRQHandler                          0x080001cb   Thumb Code     0  startup_stm32f103xb.o(.text)
    SPI2_IRQHandler                          0x080001cb   Thumb Code     0  startup_stm32f103xb.o(.text)
    TAMPER_IRQHandler                        0x080001cb   Thumb Code     0  startup_stm32f103xb.o(.text)
    TIM1_BRK_IRQHandler                      0x080001cb   Thumb Code     0  startup_stm32f103xb.o(.text)
    TIM1_CC_IRQHandler                       0x080001cb   Thumb Code     0  startup_stm32f103xb.o(.text)
    TIM1_TRG_COM_IRQHandler                  0x080001cb   Thumb Code     0  startup_stm32f103xb.o(.text)
    TIM3_IRQHandler                          0x080001cb   Thumb Code     0  startup_stm32f103xb.o(.text)
    TIM4_IRQHandler                          0x080001cb   Thumb Code     0  startup_stm32f103xb.o(.text)
    USART1_IRQHandler                        0x080001cb   Thumb Code     0  startup_stm32f103xb.o(.text)
    USART2_IRQHandler                        0x080001cb   Thumb Code     0  startup_stm32f103xb.o(.text)
    USART3_IRQHandler                        0x080001cb   Thumb Code     0  startup_stm32f103xb.o(.text)
    USBWakeUp_IRQHandler                     0x080001cb   Thumb Code     0  startup_stm32f103xb.o(.text)
    USB_HP_CAN1_TX_IRQHandler                0x080001cb   Thumb Code     0  startup_stm32f103xb.o(.text)
    USB_LP_CAN1_RX0_IRQHandler               0x080001cb   Thumb Code     0  startup_stm32f103xb.o(.text)
    WWDG_IRQHandler                          0x080001cb   Thumb Code     0  startup_stm32f103xb.o(.text)
    __user_initial_stackheap                 0x080001cd   Thumb Code     0  startup_stm32f103xb.o(.text)
    calloc                                   0x080001f1   Thumb Code    40  calloc.o(.text)
    free                                     0x08000219   Thumb Code    78  h1_free.o(.text)
    __2printf                                0x08000269   Thumb Code    20  noretval__2printf.o(.text)
    _printf_pre_padding                      0x08000281   Thumb Code    44  _printf_pad.o(.text)
    _printf_post_padding                     0x080002ad   Thumb Code    34  _printf_pad.o(.text)
    _printf_int_hex                          0x080002d1   Thumb Code    84  _printf_hex_int.o(.text)
    _printf_longlong_hex                     0x080002d1   Thumb Code     0  _printf_hex_int.o(.text)
    __printf                                 0x08000329   Thumb Code   270  __printf_wp.o(.text)
    __aeabi_memcpy4                          0x08000437   Thumb Code     0  rt_memcpy_w.o(.text)
    __aeabi_memcpy8                          0x08000437   Thumb Code     0  rt_memcpy_w.o(.text)
    __rt_memcpy_w                            0x08000437   Thumb Code   100  rt_memcpy_w.o(.text)
    _memcpy_lastbytes_aligned                0x0800047f   Thumb Code     0  rt_memcpy_w.o(.text)
    __aeabi_memclr4                          0x0800049b   Thumb Code     0  rt_memclr_w.o(.text)
    __aeabi_memclr8                          0x0800049b   Thumb Code     0  rt_memclr_w.o(.text)
    __rt_memclr_w                            0x0800049b   Thumb Code    78  rt_memclr_w.o(.text)
    _memset_w                                0x0800049f   Thumb Code     0  rt_memclr_w.o(.text)
    __use_two_region_memory                  0x080004e9   Thumb Code     2  heapauxi.o(.text)
    __rt_heap_escrow                         0x080004eb   Thumb Code     2  heapauxi.o(.text)
    __rt_heap_expand                         0x080004ed   Thumb Code     2  heapauxi.o(.text)
    __rt_heap_descriptor                     0x080004f1   Thumb Code     8  rt_heap_descriptor_intlibspace.o(.text)
    __use_no_heap                            0x080004f9   Thumb Code     2  hguard.o(.text)
    __heap$guard                             0x080004fb   Thumb Code     2  hguard.o(.text)
    _terminate_user_alloc                    0x080004fd   Thumb Code     2  init_alloc.o(.text)
    _init_user_alloc                         0x080004ff   Thumb Code     2  init_alloc.o(.text)
    __Heap_Full                              0x08000501   Thumb Code    34  init_alloc.o(.text)
    __Heap_Broken                            0x08000523   Thumb Code     6  init_alloc.o(.text)
    _init_alloc                              0x08000529   Thumb Code    94  init_alloc.o(.text)
    malloc                                   0x08000587   Thumb Code    94  h1_alloc.o(.text)
    __read_errno                             0x080005e5   Thumb Code    10  _rserrno.o(.text)
    __set_errno                              0x080005ef   Thumb Code    12  _rserrno.o(.text)
    _printf_int_common                       0x080005fb   Thumb Code   178  _printf_intcommon.o(.text)
    __lib_sel_fp_printf                      0x080006ad   Thumb Code     2  _printf_fp_dec.o(.text)
    _printf_fp_dec_real                      0x0800085b   Thumb Code   620  _printf_fp_dec.o(.text)
    _printf_char_file                        0x08000ac9   Thumb Code    32  _printf_char_file.o(.text)
    __aeabi_memclr                           0x08000aed   Thumb Code     0  rt_memclr.o(.text)
    __rt_memclr                              0x08000aed   Thumb Code    68  rt_memclr.o(.text)
    _memset                                  0x08000af1   Thumb Code     0  rt_memclr.o(.text)
    __user_libspace                          0x08000b31   Thumb Code     8  libspace.o(.text)
    __user_perproc_libspace                  0x08000b31   Thumb Code     0  libspace.o(.text)
    __user_perthread_libspace                0x08000b31   Thumb Code     0  libspace.o(.text)
    __rt_locale                              0x08000b39   Thumb Code     8  rt_locale_intlibspace.o(.text)
    __aeabi_errno_addr                       0x08000b41   Thumb Code     8  rt_errno_addr_intlibspace.o(.text)
    __errno$intlibspace                      0x08000b41   Thumb Code     0  rt_errno_addr_intlibspace.o(.text)
    __rt_errno_addr$intlibspace              0x08000b41   Thumb Code     0  rt_errno_addr_intlibspace.o(.text)
    __Heap_Initialize                        0x08000b49   Thumb Code    10  h1_init.o(.text)
    __Heap_DescSize                          0x08000b53   Thumb Code     4  h1_init.o(.text)
    __Heap_ProvideMemory                     0x08000b57   Thumb Code    52  h1_extend.o(.text)
    _ll_udiv10                               0x08000b8b   Thumb Code   138  lludiv10.o(.text)
    _printf_char_common                      0x08000c1f   Thumb Code    32  _printf_char_common.o(.text)
    _printf_fp_infnan                        0x08000c45   Thumb Code   112  _printf_fp_infnan.o(.text)
    _btod_etento                             0x08000cc5   Thumb Code   216  bigflt0.o(.text)
    ferror                                   0x08000da1   Thumb Code     8  ferror.o(.text)
    __rt_SIGRTMEM                            0x08000da9   Thumb Code    14  defsig_rtmem_outer.o(.text)
    __user_setup_stackheap                   0x08000db7   Thumb Code    74  sys_stackheap_outer.o(.text)
    exit                                     0x08000e01   Thumb Code    18  exit.o(.text)
    __sig_exit                               0x08000e13   Thumb Code    10  defsig_exit.o(.text)
    __rt_SIGRTMEM_inner                      0x08000e1d   Thumb Code    22  defsig_rtmem_inner.o(.text)
    strcmp                                   0x08000e6d   Thumb Code   128  strcmpv7m.o(.text)
    __default_signal_display                 0x08000eed   Thumb Code    50  defsig_general.o(.text)
    _btod_d2e                                0x08000f1f   Thumb Code    62  btod.o(CL$$btod_d2e)
    _d2e_denorm_low                          0x08000f5d   Thumb Code    70  btod.o(CL$$btod_d2e_denorm_low)
    _d2e_norm_op1                            0x08000fa3   Thumb Code    96  btod.o(CL$$btod_d2e_norm_op1)
    __btod_div_common                        0x08001003   Thumb Code   696  btod.o(CL$$btod_div_common)
    _e2e                                     0x0800133b   Thumb Code   198  btod.o(CL$$btod_e2e)
    _btod_ediv                               0x08001401   Thumb Code    40  btod.o(CL$$btod_ediv)
    _btod_emul                               0x08001429   Thumb Code    40  btod.o(CL$$btod_emul)
    __btod_mult_common                       0x08001451   Thumb Code   580  btod.o(CL$$btod_mult_common)
    Accel_To_Angle                           0x08001695   Thumb Code   152  bsp_mpu6050.o(i.Accel_To_Angle)
    BusFault_Handler                         0x08001735   Thumb Code     2  stm32f1xx_it.o(i.BusFault_Handler)
    DebugMon_Handler                         0x08001737   Thumb Code     2  stm32f1xx_it.o(i.DebugMon_Handler)
    Error_Handler                            0x08001739   Thumb Code     4  main.o(i.Error_Handler)
    Get_Kalman_Filter                        0x0800173d   Thumb Code   134  bsp_mpu6050.o(i.Get_Kalman_Filter)
    HAL_Delay                                0x080017d1   Thumb Code    32  stm32f1xx_hal.o(i.HAL_Delay)
    HAL_GPIO_Init                            0x080017f5   Thumb Code   446  stm32f1xx_hal_gpio.o(i.HAL_GPIO_Init)
    HAL_GPIO_ReadPin                         0x080019d5   Thumb Code    10  stm32f1xx_hal_gpio.o(i.HAL_GPIO_ReadPin)
    HAL_GPIO_WritePin                        0x080019df   Thumb Code    10  stm32f1xx_hal_gpio.o(i.HAL_GPIO_WritePin)
    HAL_GetTick                              0x080019e9   Thumb Code     6  stm32f1xx_hal.o(i.HAL_GetTick)
    HAL_I2C_Init                             0x080019f5   Thumb Code   376  stm32f1xx_hal_i2c.o(i.HAL_I2C_Init)
    HAL_I2C_Mem_Read                         0x08001b7d   Thumb Code   574  stm32f1xx_hal_i2c.o(i.HAL_I2C_Mem_Read)
    HAL_I2C_Mem_Write                        0x08001dcd   Thumb Code   294  stm32f1xx_hal_i2c.o(i.HAL_I2C_Mem_Write)
    HAL_I2C_MspInit                          0x08001efd   Thumb Code    80  i2c.o(i.HAL_I2C_MspInit)
    HAL_IncTick                              0x08001f59   Thumb Code    12  stm32f1xx_hal.o(i.HAL_IncTick)
    HAL_Init                                 0x08001f69   Thumb Code    32  stm32f1xx_hal.o(i.HAL_Init)
    HAL_InitTick                             0x08001f8d   Thumb Code    98  stm32f1xx_hal_timebase_tim.o(i.HAL_InitTick)
    HAL_MspInit                              0x08002001   Thumb Code    52  stm32f1xx_hal_msp.o(i.HAL_MspInit)
    HAL_NVIC_EnableIRQ                       0x0800203d   Thumb Code    26  stm32f1xx_hal_cortex.o(i.HAL_NVIC_EnableIRQ)
    HAL_NVIC_SetPriority                     0x08002059   Thumb Code    60  stm32f1xx_hal_cortex.o(i.HAL_NVIC_SetPriority)
    HAL_NVIC_SetPriorityGrouping             0x08002099   Thumb Code    26  stm32f1xx_hal_cortex.o(i.HAL_NVIC_SetPriorityGrouping)
    HAL_RCC_ClockConfig                      0x080020bd   Thumb Code   280  stm32f1xx_hal_rcc.o(i.HAL_RCC_ClockConfig)
    HAL_RCC_GetClockConfig                   0x080021e9   Thumb Code    54  stm32f1xx_hal_rcc.o(i.HAL_RCC_GetClockConfig)
    HAL_RCC_GetPCLK1Freq                     0x08002229   Thumb Code    20  stm32f1xx_hal_rcc.o(i.HAL_RCC_GetPCLK1Freq)
    HAL_RCC_GetPCLK2Freq                     0x08002249   Thumb Code    20  stm32f1xx_hal_rcc.o(i.HAL_RCC_GetPCLK2Freq)
    HAL_RCC_GetSysClockFreq                  0x08002269   Thumb Code    74  stm32f1xx_hal_rcc.o(i.HAL_RCC_GetSysClockFreq)
    HAL_RCC_OscConfig                        0x080022d5   Thumb Code   778  stm32f1xx_hal_rcc.o(i.HAL_RCC_OscConfig)
    HAL_SPI_Init                             0x080025f5   Thumb Code   178  stm32f1xx_hal_spi.o(i.HAL_SPI_Init)
    HAL_SPI_MspInit                          0x080026a9   Thumb Code    98  spi.o(i.HAL_SPI_MspInit)
    HAL_SPI_TransmitReceive                  0x08002719   Thumb Code   482  stm32f1xx_hal_spi.o(i.HAL_SPI_TransmitReceive)
    HAL_TIMEx_BreakCallback                  0x080028fb   Thumb Code     2  stm32f1xx_hal_tim_ex.o(i.HAL_TIMEx_BreakCallback)
    HAL_TIMEx_CommutCallback                 0x080028fd   Thumb Code     2  stm32f1xx_hal_tim_ex.o(i.HAL_TIMEx_CommutCallback)
    HAL_TIMEx_MasterConfigSynchronization    0x08002901   Thumb Code    92  stm32f1xx_hal_tim_ex.o(i.HAL_TIMEx_MasterConfigSynchronization)
    HAL_TIM_Base_Init                        0x08002969   Thumb Code    90  stm32f1xx_hal_tim.o(i.HAL_TIM_Base_Init)
    HAL_TIM_Base_MspInit                     0x080029c5   Thumb Code    50  tim.o(i.HAL_TIM_Base_MspInit)
    HAL_TIM_Base_Start_IT                    0x080029fd   Thumb Code    76  stm32f1xx_hal_tim.o(i.HAL_TIM_Base_Start_IT)
    HAL_TIM_ConfigClockSource                0x08002a55   Thumb Code   214  stm32f1xx_hal_tim.o(i.HAL_TIM_ConfigClockSource)
    HAL_TIM_IC_CaptureCallback               0x08002b2b   Thumb Code     2  stm32f1xx_hal_tim.o(i.HAL_TIM_IC_CaptureCallback)
    HAL_TIM_IRQHandler                       0x08002b2d   Thumb Code   358  stm32f1xx_hal_tim.o(i.HAL_TIM_IRQHandler)
    HAL_TIM_OC_DelayElapsedCallback          0x08002c93   Thumb Code     2  stm32f1xx_hal_tim.o(i.HAL_TIM_OC_DelayElapsedCallback)
    HAL_TIM_PWM_PulseFinishedCallback        0x08002c95   Thumb Code     2  stm32f1xx_hal_tim.o(i.HAL_TIM_PWM_PulseFinishedCallback)
    HAL_TIM_PeriodElapsedCallback            0x08002c99   Thumb Code    34  main.o(i.HAL_TIM_PeriodElapsedCallback)
    HAL_TIM_TriggerCallback                  0x08002cc1   Thumb Code     2  stm32f1xx_hal_tim.o(i.HAL_TIM_TriggerCallback)
    HAL_UART_Init                            0x08002cc3   Thumb Code    98  stm32f1xx_hal_uart.o(i.HAL_UART_Init)
    HAL_UART_MspInit                         0x08002d25   Thumb Code   100  usart.o(i.HAL_UART_MspInit)
    HAL_UART_Transmit                        0x08002d95   Thumb Code   178  stm32f1xx_hal_uart.o(i.HAL_UART_Transmit)
    HardFault_Handler                        0x08002e47   Thumb Code     2  stm32f1xx_it.o(i.HardFault_Handler)
    LED_switch                               0x08003219   Thumb Code    36  bsp_led.o(i.LED_switch)
    MPU_Get_Accelerometer                    0x08003241   Thumb Code    48  bsp_mpu6050.o(i.MPU_Get_Accelerometer)
    MPU_Get_Gyroscope                        0x08003271   Thumb Code    66  bsp_mpu6050.o(i.MPU_Get_Gyroscope)
    MPU_Init                                 0x080032b5   Thumb Code    94  bsp_mpu6050.o(i.MPU_Init)
    MPU_Read_Byte                            0x0800332d   Thumb Code    46  bsp_mpu6050.o(i.MPU_Read_Byte)
    MPU_Read_Len                             0x08003361   Thumb Code    34  bsp_mpu6050.o(i.MPU_Read_Len)
    MPU_Set_Accel_Fsr                        0x08003389   Thumb Code    10  bsp_mpu6050.o(i.MPU_Set_Accel_Fsr)
    MPU_Set_Gyro_Fsr                         0x08003393   Thumb Code    10  bsp_mpu6050.o(i.MPU_Set_Gyro_Fsr)
    MPU_Set_LPF                              0x0800339d   Thumb Code    48  bsp_mpu6050.o(i.MPU_Set_LPF)
    MPU_Set_Rate                             0x080033cd   Thumb Code    46  bsp_mpu6050.o(i.MPU_Set_Rate)
    MPU_Write_Byte                           0x080033fd   Thumb Code    42  bsp_mpu6050.o(i.MPU_Write_Byte)
    MX_GPIO_Init                             0x0800342d   Thumb Code   152  gpio.o(i.MX_GPIO_Init)
    MX_I2C1_Init                             0x080034d5   Thumb Code    50  i2c.o(i.MX_I2C1_Init)
    MX_SPI1_Init                             0x08003515   Thumb Code    62  spi.o(i.MX_SPI1_Init)
    MX_TIM2_Init                             0x0800355d   Thumb Code   104  tim.o(i.MX_TIM2_Init)
    MX_USART1_UART_Init                      0x080035c9   Thumb Code    48  usart.o(i.MX_USART1_UART_Init)
    MemManage_Handler                        0x08003601   Thumb Code     2  stm32f1xx_it.o(i.MemManage_Handler)
    NMI_Handler                              0x08003603   Thumb Code     2  stm32f1xx_it.o(i.NMI_Handler)
    NRF24L01_Check                           0x08003605   Thumb Code    68  bsp_nrf24l01.o(i.NRF24L01_Check)
    NRF24L01_Init                            0x08003651   Thumb Code   104  bsp_nrf24l01.o(i.NRF24L01_Init)
    NRF24L01_Read_Buf                        0x080036c5   Thumb Code    72  bsp_nrf24l01.o(i.NRF24L01_Read_Buf)
    NRF24L01_Read_Reg                        0x08003715   Thumb Code    48  bsp_nrf24l01.o(i.NRF24L01_Read_Reg)
    NRF24L01_SPI_Init                        0x0800374d   Thumb Code    38  bsp_nrf24l01.o(i.NRF24L01_SPI_Init)
    NRF24L01_TX_Mode                         0x08003779   Thumb Code   104  bsp_nrf24l01.o(i.NRF24L01_TX_Mode)
    NRF24L01_TxPacket                        0x080037e9   Thumb Code   100  bsp_nrf24l01.o(i.NRF24L01_TxPacket)
    NRF24L01_Write_Buf                       0x08003855   Thumb Code    74  bsp_nrf24l01.o(i.NRF24L01_Write_Buf)
    NRF24L01_Write_Reg                       0x080038a9   Thumb Code    50  bsp_nrf24l01.o(i.NRF24L01_Write_Reg)
    PendSV_Handler                           0x080038e5   Thumb Code     2  stm32f1xx_it.o(i.PendSV_Handler)
    SPIx_ReadWriteByte                       0x080039f5   Thumb Code    32  bsp_nrf24l01.o(i.SPIx_ReadWriteByte)
    SVC_Handler                              0x08003a15   Thumb Code     2  stm32f1xx_it.o(i.SVC_Handler)
    SysTick_Handler                          0x08003a17   Thumb Code     2  stm32f1xx_it.o(i.SysTick_Handler)
    SystemClock_Config                       0x08003a19   Thumb Code    94  main.o(i.SystemClock_Config)
    SystemInit                               0x08003a77   Thumb Code     2  system_stm32f1xx.o(i.SystemInit)
    TIM1_UP_IRQHandler                       0x08003a79   Thumb Code     6  stm32f1xx_it.o(i.TIM1_UP_IRQHandler)
    TIM2_IRQHandler                          0x08003a85   Thumb Code     6  stm32f1xx_it.o(i.TIM2_IRQHandler)
    TIM_Base_SetConfig                       0x08003a91   Thumb Code    94  stm32f1xx_hal_tim.o(i.TIM_Base_SetConfig)
    TIM_ETR_SetConfig                        0x08003afd   Thumb Code    20  stm32f1xx_hal_tim.o(i.TIM_ETR_SetConfig)
    UsageFault_Handler                       0x08003c85   Thumb Code     2  stm32f1xx_it.o(i.UsageFault_Handler)
    __ARM_fpclassify                         0x08003c87   Thumb Code    40  fpclassify.o(i.__ARM_fpclassify)
    __kernel_poly                            0x08003ccf   Thumb Code   170  poly.o(i.__kernel_poly)
    __mathlib_dbl_infnan                     0x08003d79   Thumb Code     6  dunder.o(i.__mathlib_dbl_infnan)
    __mathlib_dbl_underflow                  0x08003d81   Thumb Code    10  dunder.o(i.__mathlib_dbl_underflow)
    _is_digit                                0x08003d91   Thumb Code    14  __printf_wp.o(i._is_digit)
    _sys_exit                                0x08003d9f   Thumb Code     2  usart.o(i._sys_exit)
    _ttywrch                                 0x08003da1   Thumb Code     2  usart.o(i._ttywrch)
    atan                                     0x08003da5   Thumb Code   474  atan.o(i.atan)
    fputc                                    0x08003fc5   Thumb Code    20  usart.o(i.fputc)
    main                                     0x08003fdd   Thumb Code   366  main.o(i.main)
    sqrt                                     0x080041b9   Thumb Code    76  sqrt.o(i.sqrt)
    _get_lc_numeric                          0x08004205   Thumb Code    44  lc_numeric_c.o(locale$$code)
    __aeabi_d2f                              0x08004231   Thumb Code     0  d2f.o(x$fpl$d2f)
    _d2f                                     0x08004231   Thumb Code    98  d2f.o(x$fpl$d2f)
    __aeabi_dadd                             0x08004295   Thumb Code     0  daddsub_clz.o(x$fpl$dadd)
    _dadd                                    0x08004295   Thumb Code   332  daddsub_clz.o(x$fpl$dadd)
    __fpl_dcheck_NaN1                        0x080043e5   Thumb Code    10  dcheck1.o(x$fpl$dcheck1)
    __aeabi_ddiv                             0x080043f5   Thumb Code     0  ddiv.o(x$fpl$ddiv)
    _ddiv                                    0x080043f5   Thumb Code   552  ddiv.o(x$fpl$ddiv)
    __aeabi_dmul                             0x080046a5   Thumb Code     0  dmul.o(x$fpl$dmul)
    _dmul                                    0x080046a5   Thumb Code   332  dmul.o(x$fpl$dmul)
    __fpl_dnaninf                            0x080047f9   Thumb Code   156  dnaninf.o(x$fpl$dnaninf)
    __fpl_dretinf                            0x08004895   Thumb Code    12  dretinf.o(x$fpl$dretinf)
    __aeabi_drsub                            0x080048a1   Thumb Code     0  daddsub_clz.o(x$fpl$drsb)
    _drsb                                    0x080048a1   Thumb Code    22  daddsub_clz.o(x$fpl$drsb)
    _dsqrt                                   0x080048b9   Thumb Code   456  dsqrt_noumaal.o(x$fpl$dsqrt)
    __aeabi_dsub                             0x08004a85   Thumb Code     0  daddsub_clz.o(x$fpl$dsub)
    _dsub                                    0x08004a85   Thumb Code   464  daddsub_clz.o(x$fpl$dsub)
    __aeabi_f2d                              0x08004c59   Thumb Code     0  f2d.o(x$fpl$f2d)
    _f2d                                     0x08004c59   Thumb Code    86  f2d.o(x$fpl$f2d)
    __aeabi_fadd                             0x08004cb1   Thumb Code     0  faddsub_clz.o(x$fpl$fadd)
    _fadd                                    0x08004cb1   Thumb Code   196  faddsub_clz.o(x$fpl$fadd)
    __aeabi_f2iz                             0x08004d75   Thumb Code     0  ffix.o(x$fpl$ffix)
    _ffix                                    0x08004d75   Thumb Code    54  ffix.o(x$fpl$ffix)
    __aeabi_i2f                              0x08004dad   Thumb Code     0  fflt_clz.o(x$fpl$fflt)
    _fflt                                    0x08004dad   Thumb Code    48  fflt_clz.o(x$fpl$fflt)
    __aeabi_ui2f                             0x08004ddd   Thumb Code     0  fflt_clz.o(x$fpl$ffltu)
    _ffltu                                   0x08004ddd   Thumb Code    38  fflt_clz.o(x$fpl$ffltu)
    __aeabi_fmul                             0x08004e05   Thumb Code     0  fmul.o(x$fpl$fmul)
    _fmul                                    0x08004e05   Thumb Code   258  fmul.o(x$fpl$fmul)
    __fpl_fnaninf                            0x08004f07   Thumb Code   140  fnaninf.o(x$fpl$fnaninf)
    __fpl_fretinf                            0x08004f93   Thumb Code    10  fretinf.o(x$fpl$fretinf)
    __aeabi_fsub                             0x08004f9d   Thumb Code     0  faddsub_clz.o(x$fpl$fsub)
    _fsub                                    0x08004f9d   Thumb Code   234  faddsub_clz.o(x$fpl$fsub)
    _printf_fp_dec                           0x08005087   Thumb Code     4  printf1.o(x$fpl$printf1)
    __fpl_return_NaN                         0x0800508b   Thumb Code   100  retnan.o(x$fpl$retnan)
    __ARM_scalbn                             0x080050ef   Thumb Code    92  scalbn.o(x$fpl$scalbn)
    __fpl_cmpreturn                          0x0800514b   Thumb Code    48  trapv.o(x$fpl$trapveneer)
    AHBPrescTable                            0x0800517a   Data          16  system_stm32f1xx.o(.constdata)
    __I$use$fp                               0x0800517a   Number         0  usenofp.o(x$fpl$usenofp)
    APBPrescTable                            0x0800518a   Data           8  system_stm32f1xx.o(.constdata)
    TX_ADDRESS                               0x08005192   Data           5  bsp_nrf24l01.o(.constdata)
    RX_ADDRESS                               0x08005197   Data           5  bsp_nrf24l01.o(.constdata)
    Region$$Table$$Base                      0x080052f4   Number         0  anon$$obj.o(Region$$Table)
    Region$$Table$$Limit                     0x08005314   Number         0  anon$$obj.o(Region$$Table)
    __stdout                                 0x20000000   Data           4  usart.o(.data)
    uwTickFreq                               0x20000004   Data           1  stm32f1xx_hal.o(.data)
    uwTickPrio                               0x20000008   Data           4  stm32f1xx_hal.o(.data)
    uwTick                                   0x2000000c   Data           4  stm32f1xx_hal.o(.data)
    SystemCoreClock                          0x20000010   Data           4  system_stm32f1xx.o(.data)
    hi2c1                                    0x20000014   Data          84  i2c.o(.bss)
    hspi1                                    0x20000068   Data          88  spi.o(.bss)
    htim2                                    0x200000c0   Data          72  tim.o(.bss)
    huart1                                   0x20000108   Data          68  usart.o(.bss)
    htim1                                    0x2000014c   Data          72  stm32f1xx_hal_timebase_tim.o(.bss)
    __libspace_start                         0x20000194   Data          96  libspace.o(.bss)
    __temporary_stack_top$libspace           0x200001f4   Data           0  libspace.o(.bss)



==============================================================================

Memory Map of the image

  Image Entry point : 0x080000ed

  Load Region LR_IROM1 (Base: 0x08000000, Size: 0x00005344, Max: 0x00020000, ABSOLUTE)

    Execution Region ER_IROM1 (Base: 0x08000000, Size: 0x00005330, Max: 0x00020000, ABSOLUTE)

    Base Addr    Size         Type   Attr      Idx    E Section Name        Object

    0x08000000   0x000000ec   Data   RO            3    RESET               startup_stm32f103xb.o
    0x080000ec   0x00000008   Code   RO         4104  * !!!main             c_w.l(__main.o)
    0x080000f4   0x00000034   Code   RO         4477    !!!scatter          c_w.l(__scatter.o)
    0x08000128   0x0000001a   Code   RO         4479    !!handler_copy      c_w.l(__scatter_copy.o)
    0x08000142   0x00000002   PAD
    0x08000144   0x0000001c   Code   RO         4481    !!handler_zi        c_w.l(__scatter_zi.o)
    0x08000160   0x00000000   Code   RO         4097    .ARM.Collect$$_printf_percent$$00000000  c_w.l(_printf_percent.o)
    0x08000160   0x00000006   Code   RO         4096    .ARM.Collect$$_printf_percent$$00000003  c_w.l(_printf_f.o)
    0x08000166   0x00000006   Code   RO         4095    .ARM.Collect$$_printf_percent$$0000000C  c_w.l(_printf_x.o)
    0x0800016c   0x00000004   Code   RO         4208    .ARM.Collect$$_printf_percent$$00000017  c_w.l(_printf_percent_end.o)
    0x08000170   0x00000002   Code   RO         4407    .ARM.Collect$$libinit$$00000000  c_w.l(libinit.o)
    0x08000172   0x00000000   Code   RO         4330    .ARM.Collect$$libinit$$00000002  c_w.l(libinit2.o)
    0x08000172   0x00000000   Code   RO         4332    .ARM.Collect$$libinit$$00000004  c_w.l(libinit2.o)
    0x08000172   0x00000008   Code   RO         4333    .ARM.Collect$$libinit$$00000005  c_w.l(libinit2.o)
    0x0800017a   0x00000000   Code   RO         4335    .ARM.Collect$$libinit$$0000000A  c_w.l(libinit2.o)
    0x0800017a   0x00000000   Code   RO         4337    .ARM.Collect$$libinit$$0000000C  c_w.l(libinit2.o)
    0x0800017a   0x00000000   Code   RO         4339    .ARM.Collect$$libinit$$0000000E  c_w.l(libinit2.o)
    0x0800017a   0x00000006   Code   RO         4340    .ARM.Collect$$libinit$$0000000F  c_w.l(libinit2.o)
    0x08000180   0x00000000   Code   RO         4342    .ARM.Collect$$libinit$$00000011  c_w.l(libinit2.o)
    0x08000180   0x00000000   Code   RO         4344    .ARM.Collect$$libinit$$00000013  c_w.l(libinit2.o)
    0x08000180   0x00000000   Code   RO         4346    .ARM.Collect$$libinit$$00000015  c_w.l(libinit2.o)
    0x08000180   0x0000000a   Code   RO         4347    .ARM.Collect$$libinit$$00000016  c_w.l(libinit2.o)
    0x0800018a   0x00000000   Code   RO         4348    .ARM.Collect$$libinit$$00000017  c_w.l(libinit2.o)
    0x0800018a   0x00000000   Code   RO         4350    .ARM.Collect$$libinit$$00000019  c_w.l(libinit2.o)
    0x0800018a   0x00000000   Code   RO         4352    .ARM.Collect$$libinit$$0000001B  c_w.l(libinit2.o)
    0x0800018a   0x00000000   Code   RO         4354    .ARM.Collect$$libinit$$0000001D  c_w.l(libinit2.o)
    0x0800018a   0x00000000   Code   RO         4356    .ARM.Collect$$libinit$$0000001F  c_w.l(libinit2.o)
    0x0800018a   0x00000000   Code   RO         4358    .ARM.Collect$$libinit$$00000021  c_w.l(libinit2.o)
    0x0800018a   0x00000000   Code   RO         4360    .ARM.Collect$$libinit$$00000023  c_w.l(libinit2.o)
    0x0800018a   0x00000000   Code   RO         4362    .ARM.Collect$$libinit$$00000025  c_w.l(libinit2.o)
    0x0800018a   0x00000000   Code   RO         4366    .ARM.Collect$$libinit$$0000002C  c_w.l(libinit2.o)
    0x0800018a   0x00000000   Code   RO         4368    .ARM.Collect$$libinit$$0000002E  c_w.l(libinit2.o)
    0x0800018a   0x00000000   Code   RO         4370    .ARM.Collect$$libinit$$00000030  c_w.l(libinit2.o)
    0x0800018a   0x00000000   Code   RO         4372    .ARM.Collect$$libinit$$00000032  c_w.l(libinit2.o)
    0x0800018a   0x00000002   Code   RO         4373    .ARM.Collect$$libinit$$00000033  c_w.l(libinit2.o)
    0x0800018c   0x00000002   Code   RO         4474    .ARM.Collect$$libshutdown$$00000000  c_w.l(libshutdown.o)
    0x0800018e   0x00000000   Code   RO         4430    .ARM.Collect$$libshutdown$$00000002  c_w.l(libshutdown2.o)
    0x0800018e   0x00000000   Code   RO         4432    .ARM.Collect$$libshutdown$$00000004  c_w.l(libshutdown2.o)
    0x0800018e   0x00000000   Code   RO         4435    .ARM.Collect$$libshutdown$$00000007  c_w.l(libshutdown2.o)
    0x0800018e   0x00000000   Code   RO         4438    .ARM.Collect$$libshutdown$$0000000A  c_w.l(libshutdown2.o)
    0x0800018e   0x00000000   Code   RO         4440    .ARM.Collect$$libshutdown$$0000000C  c_w.l(libshutdown2.o)
    0x0800018e   0x00000000   Code   RO         4443    .ARM.Collect$$libshutdown$$0000000F  c_w.l(libshutdown2.o)
    0x0800018e   0x00000002   Code   RO         4444    .ARM.Collect$$libshutdown$$00000010  c_w.l(libshutdown2.o)
    0x08000190   0x00000000   Code   RO         4172    .ARM.Collect$$rtentry$$00000000  c_w.l(__rtentry.o)
    0x08000190   0x00000000   Code   RO         4248    .ARM.Collect$$rtentry$$00000002  c_w.l(__rtentry2.o)
    0x08000190   0x00000006   Code   RO         4260    .ARM.Collect$$rtentry$$00000004  c_w.l(__rtentry4.o)
    0x08000196   0x00000000   Code   RO         4250    .ARM.Collect$$rtentry$$00000009  c_w.l(__rtentry2.o)
    0x08000196   0x00000004   Code   RO         4251    .ARM.Collect$$rtentry$$0000000A  c_w.l(__rtentry2.o)
    0x0800019a   0x00000000   Code   RO         4253    .ARM.Collect$$rtentry$$0000000C  c_w.l(__rtentry2.o)
    0x0800019a   0x00000008   Code   RO         4254    .ARM.Collect$$rtentry$$0000000D  c_w.l(__rtentry2.o)
    0x080001a2   0x00000002   Code   RO         4415    .ARM.Collect$$rtexit$$00000000  c_w.l(rtexit.o)
    0x080001a4   0x00000000   Code   RO         4448    .ARM.Collect$$rtexit$$00000002  c_w.l(rtexit2.o)
    0x080001a4   0x00000004   Code   RO         4449    .ARM.Collect$$rtexit$$00000003  c_w.l(rtexit2.o)
    0x080001a8   0x00000006   Code   RO         4450    .ARM.Collect$$rtexit$$00000004  c_w.l(rtexit2.o)
    0x080001ae   0x00000002   PAD
    0x080001b0   0x00000000   Code   RO         4272    .emb_text           c_w.l(maybetermalloc1.o)
    0x080001b0   0x00000040   Code   RO            4    .text               startup_stm32f103xb.o
    0x080001f0   0x00000028   Code   RO         3988    .text               c_w.l(calloc.o)
    0x08000218   0x0000004e   Code   RO         3990    .text               c_w.l(h1_free.o)
    0x08000266   0x00000002   PAD
    0x08000268   0x00000018   Code   RO         4048    .text               c_w.l(noretval__2printf.o)
    0x08000280   0x0000004e   Code   RO         4052    .text               c_w.l(_printf_pad.o)
    0x080002ce   0x00000002   PAD
    0x080002d0   0x00000058   Code   RO         4057    .text               c_w.l(_printf_hex_int.o)
    0x08000328   0x0000010e   Code   RO         4083    .text               c_w.l(__printf_wp.o)
    0x08000436   0x00000064   Code   RO         4098    .text               c_w.l(rt_memcpy_w.o)
    0x0800049a   0x0000004e   Code   RO         4100    .text               c_w.l(rt_memclr_w.o)
    0x080004e8   0x00000006   Code   RO         4102    .text               c_w.l(heapauxi.o)
    0x080004ee   0x00000002   PAD
    0x080004f0   0x00000008   Code   RO         4176    .text               c_w.l(rt_heap_descriptor_intlibspace.o)
    0x080004f8   0x00000004   Code   RO         4178    .text               c_w.l(hguard.o)
    0x080004fc   0x0000008a   Code   RO         4180    .text               c_w.l(init_alloc.o)
    0x08000586   0x0000005e   Code   RO         4186    .text               c_w.l(h1_alloc.o)
    0x080005e4   0x00000016   Code   RO         4200    .text               c_w.l(_rserrno.o)
    0x080005fa   0x000000b2   Code   RO         4202    .text               c_w.l(_printf_intcommon.o)
    0x080006ac   0x0000041a   Code   RO         4204    .text               c_w.l(_printf_fp_dec.o)
    0x08000ac6   0x00000002   PAD
    0x08000ac8   0x00000024   Code   RO         4206    .text               c_w.l(_printf_char_file.o)
    0x08000aec   0x00000044   Code   RO         4209    .text               c_w.l(rt_memclr.o)
    0x08000b30   0x00000008   Code   RO         4244    .text               c_w.l(libspace.o)
    0x08000b38   0x00000008   Code   RO         4265    .text               c_w.l(rt_locale_intlibspace.o)
    0x08000b40   0x00000008   Code   RO         4270    .text               c_w.l(rt_errno_addr_intlibspace.o)
    0x08000b48   0x0000000e   Code   RO         4274    .text               c_w.l(h1_init.o)
    0x08000b56   0x00000034   Code   RO         4276    .text               c_w.l(h1_extend.o)
    0x08000b8a   0x0000008a   Code   RO         4282    .text               c_w.l(lludiv10.o)
    0x08000c14   0x00000030   Code   RO         4284    .text               c_w.l(_printf_char_common.o)
    0x08000c44   0x00000080   Code   RO         4286    .text               c_w.l(_printf_fp_infnan.o)
    0x08000cc4   0x000000dc   Code   RO         4288    .text               c_w.l(bigflt0.o)
    0x08000da0   0x00000008   Code   RO         4313    .text               c_w.l(ferror.o)
    0x08000da8   0x0000000e   Code   RO         4320    .text               c_w.l(defsig_rtmem_outer.o)
    0x08000db6   0x0000004a   Code   RO         4382    .text               c_w.l(sys_stackheap_outer.o)
    0x08000e00   0x00000012   Code   RO         4392    .text               c_w.l(exit.o)
    0x08000e12   0x0000000a   Code   RO         4394    .text               c_w.l(defsig_exit.o)
    0x08000e1c   0x00000050   Code   RO         4396    .text               c_w.l(defsig_rtmem_inner.o)
    0x08000e6c   0x00000080   Code   RO         4398    .text               c_w.l(strcmpv7m.o)
    0x08000eec   0x00000032   Code   RO         4423    .text               c_w.l(defsig_general.o)
    0x08000f1e   0x0000003e   Code   RO         4291    CL$$btod_d2e        c_w.l(btod.o)
    0x08000f5c   0x00000046   Code   RO         4293    CL$$btod_d2e_denorm_low  c_w.l(btod.o)
    0x08000fa2   0x00000060   Code   RO         4292    CL$$btod_d2e_norm_op1  c_w.l(btod.o)
    0x08001002   0x00000338   Code   RO         4301    CL$$btod_div_common  c_w.l(btod.o)
    0x0800133a   0x000000c6   Code   RO         4298    CL$$btod_e2e        c_w.l(btod.o)
    0x08001400   0x00000028   Code   RO         4295    CL$$btod_ediv       c_w.l(btod.o)
    0x08001428   0x00000028   Code   RO         4294    CL$$btod_emul       c_w.l(btod.o)
    0x08001450   0x00000244   Code   RO         4300    CL$$btod_mult_common  c_w.l(btod.o)
    0x08001694   0x000000a0   Code   RO         3710    i.Accel_To_Angle    bsp_mpu6050.o
    0x08001734   0x00000002   Code   RO          396    i.BusFault_Handler  stm32f1xx_it.o
    0x08001736   0x00000002   Code   RO          397    i.DebugMon_Handler  stm32f1xx_it.o
    0x08001738   0x00000004   Code   RO           13    i.Error_Handler     main.o
    0x0800173c   0x00000094   Code   RO         3712    i.Get_Kalman_Filter  bsp_mpu6050.o
    0x080017d0   0x00000024   Code   RO         1022    i.HAL_Delay         stm32f1xx_hal.o
    0x080017f4   0x000001e0   Code   RO         1330    i.HAL_GPIO_Init     stm32f1xx_hal_gpio.o
    0x080019d4   0x0000000a   Code   RO         1332    i.HAL_GPIO_ReadPin  stm32f1xx_hal_gpio.o
    0x080019de   0x0000000a   Code   RO         1334    i.HAL_GPIO_WritePin  stm32f1xx_hal_gpio.o
    0x080019e8   0x0000000c   Code   RO         1026    i.HAL_GetTick       stm32f1xx_hal.o
    0x080019f4   0x00000188   Code   RO          594    i.HAL_I2C_Init      stm32f1xx_hal_i2c.o
    0x08001b7c   0x00000250   Code   RO          612    i.HAL_I2C_Mem_Read  stm32f1xx_hal_i2c.o
    0x08001dcc   0x00000130   Code   RO          615    i.HAL_I2C_Mem_Write  stm32f1xx_hal_i2c.o
    0x08001efc   0x0000005c   Code   RO          206    i.HAL_I2C_MspInit   i2c.o
    0x08001f58   0x00000010   Code   RO         1032    i.HAL_IncTick       stm32f1xx_hal.o
    0x08001f68   0x00000024   Code   RO         1033    i.HAL_Init          stm32f1xx_hal.o
    0x08001f8c   0x00000074   Code   RO          508    i.HAL_InitTick      stm32f1xx_hal_timebase_tim.o
    0x08002000   0x0000003c   Code   RO          484    i.HAL_MspInit       stm32f1xx_hal_msp.o
    0x0800203c   0x0000001a   Code   RO         1490    i.HAL_NVIC_EnableIRQ  stm32f1xx_hal_cortex.o
    0x08002056   0x00000002   PAD
    0x08002058   0x00000040   Code   RO         1496    i.HAL_NVIC_SetPriority  stm32f1xx_hal_cortex.o
    0x08002098   0x00000024   Code   RO         1497    i.HAL_NVIC_SetPriorityGrouping  stm32f1xx_hal_cortex.o
    0x080020bc   0x0000012c   Code   RO         1190    i.HAL_RCC_ClockConfig  stm32f1xx_hal_rcc.o
    0x080021e8   0x00000040   Code   RO         1194    i.HAL_RCC_GetClockConfig  stm32f1xx_hal_rcc.o
    0x08002228   0x00000020   Code   RO         1197    i.HAL_RCC_GetPCLK1Freq  stm32f1xx_hal_rcc.o
    0x08002248   0x00000020   Code   RO         1198    i.HAL_RCC_GetPCLK2Freq  stm32f1xx_hal_rcc.o
    0x08002268   0x0000006c   Code   RO         1199    i.HAL_RCC_GetSysClockFreq  stm32f1xx_hal_rcc.o
    0x080022d4   0x00000320   Code   RO         1202    i.HAL_RCC_OscConfig  stm32f1xx_hal_rcc.o
    0x080025f4   0x000000b2   Code   RO         2001    i.HAL_SPI_Init      stm32f1xx_hal_spi.o
    0x080026a6   0x00000002   PAD
    0x080026a8   0x00000070   Code   RO          248    i.HAL_SPI_MspInit   spi.o
    0x08002718   0x000001e2   Code   RO         2010    i.HAL_SPI_TransmitReceive  stm32f1xx_hal_spi.o
    0x080028fa   0x00000002   Code   RO         3018    i.HAL_TIMEx_BreakCallback  stm32f1xx_hal_tim_ex.o
    0x080028fc   0x00000002   Code   RO         3019    i.HAL_TIMEx_CommutCallback  stm32f1xx_hal_tim_ex.o
    0x080028fe   0x00000002   PAD
    0x08002900   0x00000068   Code   RO         3037    i.HAL_TIMEx_MasterConfigSynchronization  stm32f1xx_hal_tim_ex.o
    0x08002968   0x0000005a   Code   RO         2314    i.HAL_TIM_Base_Init  stm32f1xx_hal_tim.o
    0x080029c2   0x00000002   PAD
    0x080029c4   0x00000038   Code   RO          290    i.HAL_TIM_Base_MspInit  tim.o
    0x080029fc   0x00000058   Code   RO         2319    i.HAL_TIM_Base_Start_IT  stm32f1xx_hal_tim.o
    0x08002a54   0x000000d6   Code   RO         2323    i.HAL_TIM_ConfigClockSource  stm32f1xx_hal_tim.o
    0x08002b2a   0x00000002   Code   RO         2348    i.HAL_TIM_IC_CaptureCallback  stm32f1xx_hal_tim.o
    0x08002b2c   0x00000166   Code   RO         2362    i.HAL_TIM_IRQHandler  stm32f1xx_hal_tim.o
    0x08002c92   0x00000002   Code   RO         2365    i.HAL_TIM_OC_DelayElapsedCallback  stm32f1xx_hal_tim.o
    0x08002c94   0x00000002   Code   RO         2392    i.HAL_TIM_PWM_PulseFinishedCallback  stm32f1xx_hal_tim.o
    0x08002c96   0x00000002   PAD
    0x08002c98   0x00000028   Code   RO           14    i.HAL_TIM_PeriodElapsedCallback  main.o
    0x08002cc0   0x00000002   Code   RO         2405    i.HAL_TIM_TriggerCallback  stm32f1xx_hal_tim.o
    0x08002cc2   0x00000062   Code   RO         3314    i.HAL_UART_Init     stm32f1xx_hal_uart.o
    0x08002d24   0x00000070   Code   RO          332    i.HAL_UART_MspInit  usart.o
    0x08002d94   0x000000b2   Code   RO         3322    i.HAL_UART_Transmit  stm32f1xx_hal_uart.o
    0x08002e46   0x00000002   Code   RO          398    i.HardFault_Handler  stm32f1xx_it.o
    0x08002e48   0x0000002e   Code   RO          636    i.I2C_IsAcknowledgeFailed  stm32f1xx_hal_i2c.o
    0x08002e76   0x00000002   PAD
    0x08002e78   0x000000fc   Code   RO          646    i.I2C_RequestMemoryRead  stm32f1xx_hal_i2c.o
    0x08002f74   0x000000a8   Code   RO          647    i.I2C_RequestMemoryWrite  stm32f1xx_hal_i2c.o
    0x0800301c   0x0000004c   Code   RO          651    i.I2C_WaitOnBTFFlagUntilTimeout  stm32f1xx_hal_i2c.o
    0x08003068   0x00000068   Code   RO          652    i.I2C_WaitOnFlagUntilTimeout  stm32f1xx_hal_i2c.o
    0x080030d0   0x00000096   Code   RO          653    i.I2C_WaitOnMasterAddressFlagUntilTimeout  stm32f1xx_hal_i2c.o
    0x08003166   0x00000066   Code   RO          654    i.I2C_WaitOnRXNEFlagUntilTimeout  stm32f1xx_hal_i2c.o
    0x080031cc   0x0000004c   Code   RO          655    i.I2C_WaitOnTXEFlagUntilTimeout  stm32f1xx_hal_i2c.o
    0x08003218   0x00000028   Code   RO         3681    i.LED_switch        bsp_led.o
    0x08003240   0x00000030   Code   RO         3715    i.MPU_Get_Accelerometer  bsp_mpu6050.o
    0x08003270   0x00000042   Code   RO         3716    i.MPU_Get_Gyroscope  bsp_mpu6050.o
    0x080032b2   0x00000002   PAD
    0x080032b4   0x00000078   Code   RO         3718    i.MPU_Init          bsp_mpu6050.o
    0x0800332c   0x00000034   Code   RO         3719    i.MPU_Read_Byte     bsp_mpu6050.o
    0x08003360   0x00000028   Code   RO         3720    i.MPU_Read_Len      bsp_mpu6050.o
    0x08003388   0x0000000a   Code   RO         3721    i.MPU_Set_Accel_Fsr  bsp_mpu6050.o
    0x08003392   0x0000000a   Code   RO         3722    i.MPU_Set_Gyro_Fsr  bsp_mpu6050.o
    0x0800339c   0x00000030   Code   RO         3723    i.MPU_Set_LPF       bsp_mpu6050.o
    0x080033cc   0x0000002e   Code   RO         3724    i.MPU_Set_Rate      bsp_mpu6050.o
    0x080033fa   0x00000002   PAD
    0x080033fc   0x00000030   Code   RO         3725    i.MPU_Write_Byte    bsp_mpu6050.o
    0x0800342c   0x000000a8   Code   RO          181    i.MX_GPIO_Init      gpio.o
    0x080034d4   0x00000040   Code   RO          207    i.MX_I2C1_Init      i2c.o
    0x08003514   0x00000048   Code   RO          249    i.MX_SPI1_Init      spi.o
    0x0800355c   0x0000006c   Code   RO          291    i.MX_TIM2_Init      tim.o
    0x080035c8   0x00000038   Code   RO          333    i.MX_USART1_UART_Init  usart.o
    0x08003600   0x00000002   Code   RO          399    i.MemManage_Handler  stm32f1xx_it.o
    0x08003602   0x00000002   Code   RO          400    i.NMI_Handler       stm32f1xx_it.o
    0x08003604   0x0000004c   Code   RO         3883    i.NRF24L01_Check    bsp_nrf24l01.o
    0x08003650   0x00000074   Code   RO         3884    i.NRF24L01_Init     bsp_nrf24l01.o
    0x080036c4   0x00000050   Code   RO         3886    i.NRF24L01_Read_Buf  bsp_nrf24l01.o
    0x08003714   0x00000038   Code   RO         3887    i.NRF24L01_Read_Reg  bsp_nrf24l01.o
    0x0800374c   0x0000002c   Code   RO         3889    i.NRF24L01_SPI_Init  bsp_nrf24l01.o
    0x08003778   0x00000070   Code   RO         3890    i.NRF24L01_TX_Mode  bsp_nrf24l01.o
    0x080037e8   0x0000006c   Code   RO         3891    i.NRF24L01_TxPacket  bsp_nrf24l01.o
    0x08003854   0x00000054   Code   RO         3892    i.NRF24L01_Write_Buf  bsp_nrf24l01.o
    0x080038a8   0x0000003c   Code   RO         3893    i.NRF24L01_Write_Reg  bsp_nrf24l01.o
    0x080038e4   0x00000002   Code   RO          401    i.PendSV_Handler    stm32f1xx_it.o
    0x080038e6   0x00000002   PAD
    0x080038e8   0x00000034   Code   RO         3895    i.SPI1_SetSpeed     bsp_nrf24l01.o
    0x0800391c   0x00000020   Code   RO         2039    i.SPI_EndRxTxTransaction  stm32f1xx_hal_spi.o
    0x0800393c   0x000000b8   Code   RO         2044    i.SPI_WaitFlagStateUntilTimeout  stm32f1xx_hal_spi.o
    0x080039f4   0x00000020   Code   RO         3896    i.SPIx_ReadWriteByte  bsp_nrf24l01.o
    0x08003a14   0x00000002   Code   RO          402    i.SVC_Handler       stm32f1xx_it.o
    0x08003a16   0x00000002   Code   RO          403    i.SysTick_Handler   stm32f1xx_it.o
    0x08003a18   0x0000005e   Code   RO           15    i.SystemClock_Config  main.o
    0x08003a76   0x00000002   Code   RO         3643    i.SystemInit        system_stm32f1xx.o
    0x08003a78   0x0000000c   Code   RO          404    i.TIM1_UP_IRQHandler  stm32f1xx_it.o
    0x08003a84   0x0000000c   Code   RO          405    i.TIM2_IRQHandler   stm32f1xx_it.o
    0x08003a90   0x0000006c   Code   RO         2407    i.TIM_Base_SetConfig  stm32f1xx_hal_tim.o
    0x08003afc   0x00000014   Code   RO         2418    i.TIM_ETR_SetConfig  stm32f1xx_hal_tim.o
    0x08003b10   0x00000010   Code   RO         2419    i.TIM_ITRx_SetConfig  stm32f1xx_hal_tim.o
    0x08003b20   0x00000022   Code   RO         2425    i.TIM_TI1_ConfigInputStage  stm32f1xx_hal_tim.o
    0x08003b42   0x00000024   Code   RO         2427    i.TIM_TI2_ConfigInputStage  stm32f1xx_hal_tim.o
    0x08003b66   0x00000002   PAD
    0x08003b68   0x000000b8   Code   RO         3340    i.UART_SetConfig    stm32f1xx_hal_uart.o
    0x08003c20   0x00000064   Code   RO         3343    i.UART_WaitOnFlagUntilTimeout  stm32f1xx_hal_uart.o
    0x08003c84   0x00000002   Code   RO          406    i.UsageFault_Handler  stm32f1xx_it.o
    0x08003c86   0x00000028   Code   RO         4240    i.__ARM_fpclassify  m_ws.l(fpclassify.o)
    0x08003cae   0x00000020   Code   RO         1503    i.__NVIC_SetPriority  stm32f1xx_hal_cortex.o
    0x08003cce   0x000000aa   Code   RO         4242    i.__kernel_poly     m_ws.l(poly.o)
    0x08003d78   0x00000006   Code   RO         4227    i.__mathlib_dbl_infnan  m_ws.l(dunder.o)
    0x08003d7e   0x00000002   PAD
    0x08003d80   0x00000010   Code   RO         4232    i.__mathlib_dbl_underflow  m_ws.l(dunder.o)
    0x08003d90   0x0000000e   Code   RO         4085    i._is_digit         c_w.l(__printf_wp.o)
    0x08003d9e   0x00000002   Code   RO          334    i._sys_exit         usart.o
    0x08003da0   0x00000002   Code   RO          335    i._ttywrch          usart.o
    0x08003da2   0x00000002   PAD
    0x08003da4   0x00000220   Code   RO         4153    i.atan              m_ws.l(atan.o)
    0x08003fc4   0x00000018   Code   RO          336    i.fputc             usart.o
    0x08003fdc   0x000001dc   Code   RO           16    i.main              main.o
    0x080041b8   0x0000004c   Code   RO         4163    i.sqrt              m_ws.l(sqrt.o)
    0x08004204   0x0000002c   Code   RO         4318    locale$$code        c_w.l(lc_numeric_c.o)
    0x08004230   0x00000062   Code   RO         4106    x$fpl$d2f           fz_ws.l(d2f.o)
    0x08004292   0x00000002   PAD
    0x08004294   0x00000150   Code   RO         4108    x$fpl$dadd          fz_ws.l(daddsub_clz.o)
    0x080043e4   0x00000010   Code   RO         4374    x$fpl$dcheck1       fz_ws.l(dcheck1.o)
    0x080043f4   0x000002b0   Code   RO         4115    x$fpl$ddiv          fz_ws.l(ddiv.o)
    0x080046a4   0x00000154   Code   RO         4124    x$fpl$dmul          fz_ws.l(dmul.o)
    0x080047f8   0x0000009c   Code   RO         4213    x$fpl$dnaninf       fz_ws.l(dnaninf.o)
    0x08004894   0x0000000c   Code   RO         4215    x$fpl$dretinf       fz_ws.l(dretinf.o)
    0x080048a0   0x00000016   Code   RO         4109    x$fpl$drsb          fz_ws.l(daddsub_clz.o)
    0x080048b6   0x00000002   PAD
    0x080048b8   0x000001cc   Code   RO         4217    x$fpl$dsqrt         fz_ws.l(dsqrt_noumaal.o)
    0x08004a84   0x000001d4   Code   RO         4110    x$fpl$dsub          fz_ws.l(daddsub_clz.o)
    0x08004c58   0x00000056   Code   RO         4126    x$fpl$f2d           fz_ws.l(f2d.o)
    0x08004cae   0x00000002   PAD
    0x08004cb0   0x000000c4   Code   RO         4128    x$fpl$fadd          fz_ws.l(faddsub_clz.o)
    0x08004d74   0x00000036   Code   RO         4138    x$fpl$ffix          fz_ws.l(ffix.o)
    0x08004daa   0x00000002   PAD
    0x08004dac   0x00000030   Code   RO         4143    x$fpl$fflt          fz_ws.l(fflt_clz.o)
    0x08004ddc   0x00000026   Code   RO         4142    x$fpl$ffltu         fz_ws.l(fflt_clz.o)
    0x08004e02   0x00000002   PAD
    0x08004e04   0x00000102   Code   RO         4148    x$fpl$fmul          fz_ws.l(fmul.o)
    0x08004f06   0x0000008c   Code   RO         4219    x$fpl$fnaninf       fz_ws.l(fnaninf.o)
    0x08004f92   0x0000000a   Code   RO         4221    x$fpl$fretinf       fz_ws.l(fretinf.o)
    0x08004f9c   0x000000ea   Code   RO         4130    x$fpl$fsub          fz_ws.l(faddsub_clz.o)
    0x08005086   0x00000004   Code   RO         4150    x$fpl$printf1       fz_ws.l(printf1.o)
    0x0800508a   0x00000064   Code   RO         4410    x$fpl$retnan        fz_ws.l(retnan.o)
    0x080050ee   0x0000005c   Code   RO         4223    x$fpl$scalbn        fz_ws.l(scalbn.o)
    0x0800514a   0x00000030   Code   RO         4445    x$fpl$trapveneer    fz_ws.l(trapv.o)
    0x0800517a   0x00000000   Code   RO         4225    x$fpl$usenofp       fz_ws.l(usenofp.o)
    0x0800517a   0x00000010   Data   RO         3644    .constdata          system_stm32f1xx.o
    0x0800518a   0x00000008   Data   RO         3645    .constdata          system_stm32f1xx.o
    0x08005192   0x0000000a   Data   RO         3897    .constdata          bsp_nrf24l01.o
    0x0800519c   0x00000028   Data   RO         4058    .constdata          c_w.l(_printf_hex_int.o)
    0x080051c4   0x00000004   PAD
    0x080051c8   0x00000098   Data   RO         4154    .constdata          m_ws.l(atan.o)
    0x08005260   0x00000094   Data   RO         4289    .constdata          c_w.l(bigflt0.o)
    0x080052f4   0x00000020   Data   RO         4475    Region$$Table       anon$$obj.o
    0x08005314   0x0000001c   Data   RO         4317    locale$$data        c_w.l(lc_numeric_c.o)


    Execution Region RW_IRAM1 (Base: 0x20000000, Size: 0x000007f8, Max: 0x00005000, ABSOLUTE)

    Base Addr    Size         Type   Attr      Idx    E Section Name        Object

    0x20000000   0x00000004   Data   RW          338    .data               usart.o
    0x20000004   0x0000000c   Data   RW         1040    .data               stm32f1xx_hal.o
    0x20000010   0x00000004   Data   RW         3646    .data               system_stm32f1xx.o
    0x20000014   0x00000054   Zero   RW          208    .bss                i2c.o
    0x20000068   0x00000058   Zero   RW          250    .bss                spi.o
    0x200000c0   0x00000048   Zero   RW          292    .bss                tim.o
    0x20000108   0x00000044   Zero   RW          337    .bss                usart.o
    0x2000014c   0x00000048   Zero   RW          511    .bss                stm32f1xx_hal_timebase_tim.o
    0x20000194   0x00000060   Zero   RW         4245    .bss                c_w.l(libspace.o)
    0x200001f4   0x00000004   PAD
    0x200001f8   0x00000200   Zero   RW            2    HEAP                startup_stm32f103xb.o
    0x200003f8   0x00000400   Zero   RW            1    STACK               startup_stm32f103xb.o


==============================================================================

Image component sizes


      Code (inc. data)   RO Data    RW Data    ZI Data      Debug   Object Name

        40          4          0          0          0        505   bsp_led.o
       796         66          0          0          0       8112   bsp_mpu6050.o
       820         84         10          0          0       7651   bsp_nrf24l01.o
       168         16          0          0          0        951   gpio.o
       156         26          0          0         84       1629   i2c.o
       614        116          0          0          0     445148   main.o
       184         24          0          0         88       1653   spi.o
        64         26        236          0       1536        820   startup_stm32f103xb.o
       100         18          0         12          0       5298   stm32f1xx_hal.o
       158         14          0          0          0      28230   stm32f1xx_hal_cortex.o
       500         34          0          0          0       3551   stm32f1xx_hal_gpio.o
      2262         56          0          0          0      12878   stm32f1xx_hal_i2c.o
        60          8          0          0          0        862   stm32f1xx_hal_msp.o
      1336        110          0          0          0       5877   stm32f1xx_hal_rcc.o
       876          4          0          0          0       4745   stm32f1xx_hal_spi.o
       972         26          0          0          0       9769   stm32f1xx_hal_tim.o
       108         12          0          0          0       2405   stm32f1xx_hal_tim_ex.o
       116         18          0          0         72       1423   stm32f1xx_hal_timebase_tim.o
       560          6          0          0          0       3988   stm32f1xx_hal_uart.o
        42         12          0          0          0       4733   stm32f1xx_it.o
         2          0         24          4          0       1123   system_stm32f1xx.o
       164         10          0          0         72       1662   tim.o
       196         24          0          4         68       4297   usart.o

    ----------------------------------------------------------------------
     10316        714        302         20       1920     557310   Object Totals
         0          0         32          0          0          0   (incl. Generated)
        22          0          0          0          0          0   (incl. Padding)

    ----------------------------------------------------------------------

      Code (inc. data)   RO Data    RW Data    ZI Data      Debug   Library Member Name

         8          0          0          0          0         68   __main.o
       284          0          0          0          0        156   __printf_wp.o
         0          0          0          0          0          0   __rtentry.o
        12          0          0          0          0          0   __rtentry2.o
         6          0          0          0          0          0   __rtentry4.o
        52          8          0          0          0          0   __scatter.o
        26          0          0          0          0          0   __scatter_copy.o
        28          0          0          0          0          0   __scatter_zi.o
        48          6          0          0          0         96   _printf_char_common.o
        36          4          0          0          0         80   _printf_char_file.o
         6          0          0          0          0          0   _printf_f.o
      1050          0          0          0          0        216   _printf_fp_dec.o
       128         16          0          0          0         84   _printf_fp_infnan.o
        88          4         40          0          0         88   _printf_hex_int.o
       178          0          0          0          0         88   _printf_intcommon.o
        78          0          0          0          0        108   _printf_pad.o
         0          0          0          0          0          0   _printf_percent.o
         4          0          0          0          0          0   _printf_percent_end.o
         6          0          0          0          0          0   _printf_x.o
        22          0          0          0          0        100   _rserrno.o
       220          4        148          0          0         96   bigflt0.o
      1910        128          0          0          0        672   btod.o
        40          0          0          0          0         80   calloc.o
        10          0          0          0          0         68   defsig_exit.o
        50          0          0          0          0         88   defsig_general.o
        80         58          0          0          0         76   defsig_rtmem_inner.o
        14          0          0          0          0         80   defsig_rtmem_outer.o
        18          0          0          0          0         80   exit.o
         8          0          0          0          0         68   ferror.o
        94          0          0          0          0         80   h1_alloc.o
        52          0          0          0          0         68   h1_extend.o
        78          0          0          0          0         80   h1_free.o
        14          0          0          0          0         84   h1_init.o
         6          0          0          0          0        152   heapauxi.o
         4          0          0          0          0        136   hguard.o
       138          0          0          0          0        168   init_alloc.o
        44         10         28          0          0         76   lc_numeric_c.o
         2          0          0          0          0          0   libinit.o
        26          0          0          0          0          0   libinit2.o
         2          0          0          0          0          0   libshutdown.o
         2          0          0          0          0          0   libshutdown2.o
         8          4          0          0         96         68   libspace.o
       138          0          0          0          0         80   lludiv10.o
         0          0          0          0          0          0   maybetermalloc1.o
        24          4          0          0          0         84   noretval__2printf.o
         8          4          0          0          0         68   rt_errno_addr_intlibspace.o
         8          4          0          0          0         68   rt_heap_descriptor_intlibspace.o
         8          4          0          0          0         68   rt_locale_intlibspace.o
        68          0          0          0          0         68   rt_memclr.o
        78          0          0          0          0         80   rt_memclr_w.o
       100          0          0          0          0         80   rt_memcpy_w.o
         2          0          0          0          0          0   rtexit.o
        10          0          0          0          0          0   rtexit2.o
       128          0          0          0          0         68   strcmpv7m.o
        74          0          0          0          0         80   sys_stackheap_outer.o
        98          4          0          0          0         92   d2f.o
       826         16          0          0          0        348   daddsub_clz.o
        16          4          0          0          0         68   dcheck1.o
       688        140          0          0          0        208   ddiv.o
       340         12          0          0          0        104   dmul.o
       156          4          0          0          0         92   dnaninf.o
        12          0          0          0          0         68   dretinf.o
       460         56          0          0          0        120   dsqrt_noumaal.o
        86          4          0          0          0         84   f2d.o
       430          8          0          0          0        168   faddsub_clz.o
        54          4          0          0          0         84   ffix.o
        86          0          0          0          0        136   fflt_clz.o
       258          4          0          0          0         84   fmul.o
       140          4          0          0          0         84   fnaninf.o
        10          0          0          0          0         68   fretinf.o
         4          0          0          0          0         68   printf1.o
       100          0          0          0          0         68   retnan.o
        92          0          0          0          0         68   scalbn.o
        48          0          0          0          0         68   trapv.o
         0          0          0          0          0          0   usenofp.o
       544         70        152          0          0        124   atan.o
        22          6          0          0          0        136   dunder.o
        40          0          0          0          0         68   fpclassify.o
       170          0          0          0          0         96   poly.o
        76          0          0          0          0         84   sqrt.o

    ----------------------------------------------------------------------
     10306        594        372          0        100       6636   Library Totals
        24          0          4          0          4          0   (incl. Padding)

    ----------------------------------------------------------------------

      Code (inc. data)   RO Data    RW Data    ZI Data      Debug   Library Name

      5526        258        216          0         96       4048   c_w.l
      3904        260          0          0          0       2080   fz_ws.l
       852         76        152          0          0        508   m_ws.l

    ----------------------------------------------------------------------
     10306        594        372          0        100       6636   Library Totals

    ----------------------------------------------------------------------

==============================================================================


      Code (inc. data)   RO Data    RW Data    ZI Data      Debug   

     20622       1308        674         20       2020     554946   Grand Totals
     20622       1308        674         20       2020     554946   ELF Image Totals
     20622       1308        674         20          0          0   ROM Totals

==============================================================================

    Total RO  Size (Code + RO Data)                21296 (  20.80kB)
    Total RW  Size (RW Data + ZI Data)              2040 (   1.99kB)
    Total ROM Size (Code + RO Data + RW Data)      21316 (  20.82kB)

==============================================================================

