Archive member included because of file (symbol)

C:/EEE226/ela20yc Assignment 1/Sources/TSS\libTSS_KXX_M0.a(TSS_ASliderDecoder.o)
                              ./Sources/TSS/TSS_SystemSetupData.o (TSS_ASliderDecoder)
C:/EEE226/ela20yc Assignment 1/Sources/TSS\libTSS_KXX_M0.a(TSS_Filters.o)
                              ./Sources/TSS/TSS_SystemSetupData.o (TSS_KeyDetectorInitPrevCapSample)
C:/EEE226/ela20yc Assignment 1/Sources/TSS\libTSS_KXX_M0.a(TSS_KeyDetectorNormal.o)
                              ./Sources/TSS/TSS_SystemSetupData.o (TSS_KeyBasicStuckKeyControl)
C:/EEE226/ela20yc Assignment 1/Sources/TSS\libTSS_KXX_M0.a(TSS_KeyDetector.o)
                              C:/EEE226/ela20yc Assignment 1/Sources/TSS\libTSS_KXX_M0.a(TSS_KeyDetectorNormal.o) (TSS_KeyDetectorResetElectrodeDebouncing)
C:/EEE226/ela20yc Assignment 1/Sources/TSS\libTSS_KXX_M0.a(TSS_Main.o)
                              ./Generated_Code/TSS1.o (TSS_Init)
d:/ide/toolchain/bin/../lib/gcc/arm-none-eabi/4.8.4/armv6-m\libgcc.a(_thumb1_case_uqi.o)
                              C:/EEE226/ela20yc Assignment 1/Sources/TSS\libTSS_KXX_M0.a(TSS_ASliderDecoder.o) (__gnu_thumb1_case_uqi)
d:/ide/toolchain/bin/../lib/gcc/arm-none-eabi/4.8.4/armv6-m\libgcc.a(_udivsi3.o)
                              C:/EEE226/ela20yc Assignment 1/Sources/TSS\libTSS_KXX_M0.a(TSS_ASliderDecoder.o) (__aeabi_uidiv)
d:/ide/toolchain/bin/../lib/gcc/arm-none-eabi/4.8.4/armv6-m\libgcc.a(_divsi3.o)
                              C:/EEE226/ela20yc Assignment 1/Sources/TSS\libTSS_KXX_M0.a(TSS_Filters.o) (__aeabi_idiv)
d:/ide/toolchain/bin/../lib/gcc/arm-none-eabi/4.8.4/armv6-m\libgcc.a(_dvmd_tls.o)
                              d:/ide/toolchain/bin/../lib/gcc/arm-none-eabi/4.8.4/armv6-m\libgcc.a(_udivsi3.o) (__aeabi_idiv0)
d:/ide/toolchain/bin/../lib/gcc/arm-none-eabi/4.8.4/armv6-m\libgcc.a(_arm_cmpsf2.o)
                              ./Generated_Code/BLUE_LED.o (__aeabi_fcmpgt)
d:/ide/toolchain/bin/../lib/gcc/arm-none-eabi/4.8.4/armv6-m\libgcc.a(_fixunssfsi.o)
                              ./Generated_Code/BLUE_LED.o (__aeabi_f2uiz)
d:/ide/toolchain/bin/../lib/gcc/arm-none-eabi/4.8.4/armv6-m\libgcc.a(eqsf2.o)
                              d:/ide/toolchain/bin/../lib/gcc/arm-none-eabi/4.8.4/armv6-m\libgcc.a(_arm_cmpsf2.o) (__eqsf2)
d:/ide/toolchain/bin/../lib/gcc/arm-none-eabi/4.8.4/armv6-m\libgcc.a(gesf2.o)
                              d:/ide/toolchain/bin/../lib/gcc/arm-none-eabi/4.8.4/armv6-m\libgcc.a(_arm_cmpsf2.o) (__gesf2)
d:/ide/toolchain/bin/../lib/gcc/arm-none-eabi/4.8.4/armv6-m\libgcc.a(lesf2.o)
                              d:/ide/toolchain/bin/../lib/gcc/arm-none-eabi/4.8.4/armv6-m\libgcc.a(_arm_cmpsf2.o) (__lesf2)
d:/ide/toolchain/bin/../lib/gcc/arm-none-eabi/4.8.4/armv6-m\libgcc.a(mulsf3.o)
                              ./Generated_Code/BLUE_LED.o (__aeabi_fmul)
d:/ide/toolchain/bin/../lib/gcc/arm-none-eabi/4.8.4/armv6-m\libgcc.a(subsf3.o)
                              d:/ide/toolchain/bin/../lib/gcc/arm-none-eabi/4.8.4/armv6-m\libgcc.a(_fixunssfsi.o) (__aeabi_fsub)
d:/ide/toolchain/bin/../lib/gcc/arm-none-eabi/4.8.4/armv6-m\libgcc.a(fixsfsi.o)
                              d:/ide/toolchain/bin/../lib/gcc/arm-none-eabi/4.8.4/armv6-m\libgcc.a(_fixunssfsi.o) (__aeabi_f2iz)
d:/ide/toolchain/bin/../lib/gcc/arm-none-eabi/4.8.4/armv6-m\libgcc.a(floatsisf.o)
                              ./Generated_Code/BLUE_LED.o (__aeabi_i2f)
d:/ide/toolchain/bin/../lib/gcc/arm-none-eabi/4.8.4/armv6-m\libgcc.a(_clzsi2.o)
                              d:/ide/toolchain/bin/../lib/gcc/arm-none-eabi/4.8.4/armv6-m\libgcc.a(mulsf3.o) (__clzsi2)
d:/ide/toolchain/bin/../lib/gcc/arm-none-eabi/4.8.4/../../../../arm-none-eabi/lib/armv6-m\libg_s.a(lib_a-exit.o)
                              d:/ide/toolchain/bin/../lib/gcc/arm-none-eabi/4.8.4/../../../../arm-none-eabi/lib/armv6-m/crt0.o (exit)
d:/ide/toolchain/bin/../lib/gcc/arm-none-eabi/4.8.4/../../../../arm-none-eabi/lib/armv6-m\libg_s.a(lib_a-impure.o)
                              d:/ide/toolchain/bin/../lib/gcc/arm-none-eabi/4.8.4/../../../../arm-none-eabi/lib/armv6-m\libg_s.a(lib_a-exit.o) (_global_impure_ptr)
d:/ide/toolchain/bin/../lib/gcc/arm-none-eabi/4.8.4/../../../../arm-none-eabi/lib/armv6-m\libg_s.a(lib_a-init.o)
                              d:/ide/toolchain/bin/../lib/gcc/arm-none-eabi/4.8.4/../../../../arm-none-eabi/lib/armv6-m/crt0.o (__libc_init_array)
d:/ide/toolchain/bin/../lib/gcc/arm-none-eabi/4.8.4/../../../../arm-none-eabi/lib/armv6-m\libg_s.a(lib_a-memset.o)
                              d:/ide/toolchain/bin/../lib/gcc/arm-none-eabi/4.8.4/../../../../arm-none-eabi/lib/armv6-m/crt0.o (memset)
d:/ide/toolchain/bin/../lib/gcc/arm-none-eabi/4.8.4/../../../../arm-none-eabi/lib/armv6-m\libg_s.a(lib_a-rand.o)
                              ./Sources/main.o (srand)
d:/ide/toolchain/bin/../lib/gcc/arm-none-eabi/4.8.4/../../../../arm-none-eabi/lib/armv6-m\libg_s.a(lib_a-malloc.o)
[...]
Memory Configuration

Name             Origin             Length             Attributes
m_interrupts     0x00000000         0x000000c0         xr
m_text           0x00000410         0x0001fbf0         xr
m_data           0x1ffff000         0x00004000         rw
m_cfmprotrom     0x00000400         0x00000010         xr
*default*        0x00000000         0xffffffff

Linker script and memory map

LOAD d:/ide/toolchain/bin/../lib/gcc/arm-none-eabi/4.8.4/armv6-m/crti.o
LOAD d:/ide/toolchain/bin/../lib/gcc/arm-none-eabi/4.8.4/armv6-m/crtbegin.o
LOAD d:/ide/toolchain/bin/../lib/gcc/arm-none-eabi/4.8.4/../../../../arm-none-eabi/lib/armv6-m/crt0.o
LOAD ./Sources/TSS/TSS_Freemaster.o
LOAD ./Sources/TSS/TSS_Sensor.o
LOAD ./Sources/TSS/TSS_SensorGPIO.o
LOAD ./Sources/TSS/TSS_SensorTSI.o
LOAD ./Sources/TSS/TSS_SensorTSIL.o
LOAD ./Sources/TSS/TSS_SystemSetupData.o
LOAD ./Sources/Events.o
LOAD ./Sources/main.o
LOAD ./Project_Settings/Startup_Code/startup.o
LOAD ./Generated_Code/BLUE_LED.o
LOAD ./Generated_Code/Cpu.o
LOAD ./Generated_Code/GREEN_LED.o
LOAD ./Generated_Code/PE_LDD.o
LOAD ./Generated_Code/RED_LED.o
LOAD ./Generated_Code/TSS1.o
LOAD ./Generated_Code/TU1.o
LOAD ./Generated_Code/TU2.o
LOAD ./Generated_Code/Vectors.o
LOAD C:/EEE226/ela20yc Assignment 1/Sources/TSS\libTSS_KXX_M0.a
LOAD d:/ide/toolchain/bin/../lib/gcc/arm-none-eabi/4.8.4/../../../../arm-none-eabi/lib/armv6-m\libstdc++_s.a
LOAD d:/ide/toolchain/bin/../lib/gcc/arm-none-eabi/4.8.4/../../../../arm-none-eabi/lib/armv6-m\libm.a
START GROUP
LOAD d:/ide/toolchain/bin/../lib/gcc/arm-none-eabi/4.8.4/armv6-m\libgcc.a
LOAD d:/ide/toolchain/bin/../lib/gcc/arm-none-eabi/4.8.4/../../../../arm-none-eabi/lib/armv6-m\libg_s.a
LOAD d:/ide/toolchain/bin/../lib/gcc/arm-none-eabi/4.8.4/../../../../arm-none-eabi/lib/armv6-m\libc_s.a
END GROUP
START GROUP
LOAD d:/ide/toolchain/bin/../lib/gcc/arm-none-eabi/4.8.4/armv6-m\libgcc.a
LOAD d:/ide/toolchain/bin/../lib/gcc/arm-none-eabi/4.8.4/../../../../arm-none-eabi/lib/armv6-m\libc_s.a
LOAD d:/ide/toolchain/bin/../lib/gcc/arm-none-eabi/4.8.4/../../../../arm-none-eabi/lib/armv6-m\libnosys.a
END GROUP
START GROUP
LOAD d:/ide/toolchain/bin/../lib/gcc/arm-none-eabi/4.8.4/armv6-m\libgcc.a
LOAD d:/ide/toolchain/bin/../lib/gcc/arm-none-eabi/4.8.4/../../../../arm-none-eabi/lib/armv6-m\libc_s.a
LOAD d:/ide/toolchain/bin/../lib/gcc/arm-none-eabi/4.8.4/../../../../arm-none-eabi/lib/armv6-m\libnosys.a
END GROUP
LOAD d:/ide/toolchain/bin/../lib/gcc/arm-none-eabi/4.8.4/armv6-m/crtend.o
LOAD d:/ide/toolchain/bin/../lib/gcc/arm-none-eabi/4.8.4/armv6-m/crtn.o
                0x20003000                _estack = 0x20003000
                0x20003000                __SP_INIT = _estack
                0x20003000                __stack = _estack
                0x00000000                __heap_size = 0x0
                0x00000400                __stack_size = 0x400

.interrupts     0x00000000       0xc0
                0x00000000                __vector_table = .
                0x00000000                . = ALIGN (0x4)
 *(.vectortable)
 .vectortable   0x00000000       0xc0 ./Generated_Code/Vectors.o
                0x00000000                __vect_table
                0x000000c0                . = ALIGN (0x4)

.cfmprotect     0x00000400       0x10
                0x00000400                . = ALIGN (0x4)
 *(.cfmconfig)
 .cfmconfig     0x00000400       0x10 ./Generated_Code/Cpu.o
                0x00000400                _cfm
                0x00000410                . = ALIGN (0x4)

.text           0x00000410     0x5744
                0x00000410                . = ALIGN (0x4)
 *(.text)
 .text          0x00000410       0x60 d:/ide/toolchain/bin/../lib/gcc/arm-none-eabi/4.8.4/armv6-m/crtbegin.o
 .text          0x00000470       0x78 d:/ide/toolchain/bin/../lib/gcc/arm-none-eabi/4.8.4/../../../../arm-none-eabi/lib/armv6-m/crt0.o
                0x00000470                _start
                0x00000470                _mainCRTStartup
 .text          0x000004e8      0x760 C:/EEE226/ela20yc Assignment 1/Sources/TSS\libTSS_KXX_M0.a(TSS_ASliderDecoder.o)
                0x000004e8                TSS_ASliderDecoder
                0x00000920                TSS_ASliderCalculatePosIIRFilter
                0x00000984                TSS_ASliderDelayControl
                0x000009fc                TSS_ASliderTrendThreshold
                0x00000a24                TSS_ASliderTrendControl
                0x00000b14                TSS_SetASliderConfig
                0x00000c14                TSS_GetASliderConfig
 .text          0x00000c48      0x1c8 C:/EEE226/ela20yc Assignment 1/Sources/TSS\libTSS_KXX_M0.a(TSS_Filters.o)
                0x00000c48                TSS_u16NoiseAmplitudeFilter
                0x00000c7c                TSS_i8NoiseAmplitudeFilter
                0x00000cb2                TSS_ShieldEquation
                0x00000d14                TSS_KeyDetectorInitPrevCapSample
                0x00000d28                TSS_KeyDetectorCalculateIIRFilter
                0x00000d48                TSS_KeyDetectorCalculateShielding
                0x00000d5c                TSS_KeyDetectorSignalDivider
                0x00000d78                TSS_KeyDetectorSignalMultiplier
                0x00000da8                TSS_SubUInt16WithUInt16ToSInt16
                0x00000dd4                TSS_ShiftSInt16ToUInt16
                0x00000de0                TSS_CutSInt16ToSInt8
                0x00000df8                TSS_SensitivityLowLimitControl
 .text          0x00000e10      0x854 C:/EEE226/ela20yc Assignment 1/Sources/TSS\libTSS_KXX_M0.a(TSS_KeyDetectorNormal.o)
                0x00000e88                TSS_KeyBasicStuckKeyControl
                0x00000ed4                TSS_KeyBasicDetect
                0x00001084                TSS_KeyBasicNegativeBaselineDrop
                0x00001110                TSS_KeyBasicElectrodeEval
                0x0000137c                TSS_KeyBasicSensAutoCalibration
                0x000015bc                TSS_KeyBasicDeltaNoiseAnalysisIIRControl
                0x00001630                TSS_KeyBasicGetSystemDataContext
 .text          0x00001664      0x6c8 C:/EEE226/ela20yc Assignment 1/Sources/TSS\libTSS_KXX_M0.a(TSS_KeyDetector.o)
                0x000016a4                TSS_KeyDetectorResetElectrodeDebouncing
                0x000016c0                TSS_KeyDetectorResetElectrode
                0x000016d4                TSS_KeyDetectorRestartElectrode
                0x0000171c                TSS_KeyDetectorRecalibrateModules
                0x00001730                TSS_KeyDetectorInit
                0x00001768                TSS_KeyDetectorResetElectrodeMeasured
                0x00001790                TSS_KeyDetectorCalculateDelta
                0x000017b0                TSS_KeyDetectorFillDeltaLogBuffer
                0x000017c8                TSS_KeyDetectorFillSignalLogBuffer
                0x000017dc                TSS_KeyDetectorResetStuckKeyCounter
                0x000017e8                TSS_KeyDetectorGetDCTrackerCounter
                0x000017f4                TSS_KeyDetectorGetSlowDCTrackerCounter
                0x00001800                TSS_KeyDetectorCalibrate
                0x00001824                TSS_KeyDetectorReleaseElectrode
                0x00001844                TSS_KeyDetectorMainSequenced
                0x00001a08                TSS_KeyDetectorMain
                0x00001bb8                TSS_KeyDetectorElectrodeStatusUpdate
                0x00001bec                TSS_KeyDetectorGetElectrodeGroupStatus
                0x00001c28                TSS_KeyDetectorGetElectrodeEnablerStatus
                0x00001cdc                TSS_KeyDetectorRecalibrationRequest
                0x00001cf0                TSS_KeyDetectorGetShieldElectrodeReleaseStatus
 .text          0x00001d2c     0x10a0 C:/EEE226/ela20yc Assignment 1/Sources/TSS\libTSS_KXX_M0.a(TSS_Main.o)
                0x00001dc4                TSS_InitRegisterArrays
                0x00001e1c                TSS_InitInternalArrays
                0x00001e6c                TSS_Init
                0x00001ed0                TSS_DataCorruptionCheck
                0x00001f84                TSS_FaultEvaluation
                0x00001ffc                TSS_DecodersControl
                0x00002068                TSS_TriggerControl
                0x000020bc                TSS_Task
                0x00002194                TSS_TaskSeq
                0x0000226c                TSS_InternalControlPrivateData
                0x00002290                TSS_SetControlPrivateData
                0x000022a4                TSS_GetControlPrivateData
                0x000022c0                TSS_GetControlStruct
                0x000022e0                TSS_GetControlNumberOfElectrodes
                0x00002300                TSS_GetControlFirstElectrodeIndex
                0x00002324                TSS_GetControlLastElectrodeIndex
                0x0000234c                TSS_GetControlElectrodeIndex
                0x00002374                TSS_SetControlElectrodesEnablers
                0x000023fc                TSS_GetControlElectrodesStatus
                0x00002424                TSS_TriggerConfig
                0x00002498                TSS_LowPowerConfig
                0x0000253c                TSS_ProximityConfig
                0x00002594                TSS_SetSystemConfig
                0x000028c8                TSS_GetSystemConfig
                0x000029e8                TSS_BrowseModules
                0x00002a90                TSS_LoadElectrodeData
                0x00002b38                TSS_StoreElectrodeData
                0x00002bb8                TSS_LoadModulesData
                0x00002c20                TSS_StoreModulesData
                0x00002c64                TSS_LoadAllSystemData
                0x00002d10                TSS_StoreAllSystemData
 .text          0x00002dcc       0x14 d:/ide/toolchain/bin/../lib/gcc/arm-none-eabi/4.8.4/armv6-m\libgcc.a(_thumb1_case_uqi.o)
                0x00002dcc                __gnu_thumb1_case_uqi
 .text          0x00002de0       0x9c d:/ide/toolchain/bin/../lib/gcc/arm-none-eabi/4.8.4/armv6-m\libgcc.a(_udivsi3.o)
                0x00002de0                __aeabi_uidiv
                0x00002de0                __udivsi3
                0x00002e68                __aeabi_uidivmod
 .text          0x00002e7c       0xc0 d:/ide/toolchain/bin/../lib/gcc/arm-none-eabi/4.8.4/armv6-m\libgcc.a(_divsi3.o)
                0x00002e7c                __divsi3
                0x00002e7c                __aeabi_idiv
                0x00002f28                __aeabi_idivmod
 .text          0x00002f3c        0x4 d:/ide/toolchain/bin/../lib/gcc/arm-none-eabi/4.8.4/armv6-m\libgcc.a(_dvmd_tls.o)
                0x00002f3c                __aeabi_idiv0
                0x00002f3c                __aeabi_ldiv0
 .text          0x00002f40       0x44 d:/ide/toolchain/bin/../lib/gcc/arm-none-eabi/4.8.4/armv6-m\libgcc.a(_muldi3.o)
                0x00002f40                __muldi3
                0x00002f40                __aeabi_lmul
 *(.text*)
 .text.TSS_SensorInitCallback
                0x00002f84       0x3c ./Sources/TSS/TSS_Sensor.o
                0x00002f84                TSS_SensorInitCallback
 .text.TSS_SensorInit
                0x00002fc0       0x2c ./Sources/TSS/TSS_Sensor.o
                0x00002fc0                TSS_SensorInit
 .text.TSIL_InitModule
                0x00002fec       0x38 ./Sources/TSS/TSS_SensorTSIL.o
                0x00002fec                TSIL_InitModule
 .text.TSIL_SetNSamples
                0x00003024       0x68 ./Sources/TSS/TSS_SensorTSIL.o
                0x00003024                TSIL_SetNSamples
 .text.TSIL_InitLowPower
                0x0000308c       0x90 ./Sources/TSS/TSS_SensorTSIL.o
                0x0000308c                TSIL_InitLowPower
 .text.TSIL_InitPEN
                0x0000311c      0x248 ./Sources/TSS/TSS_SensorTSIL.o
                0x0000311c                TSIL_InitPEN
 .text.TSIL_Recalibrate
                0x00003364      0x60c ./Sources/TSS/TSS_SensorTSIL.o
                0x00003364                TSIL_Recalibrate
 .text.TSIL_InitThresholds
                0x00003970      0x118 ./Sources/TSS/TSS_SensorTSIL.o
                0x00003970                TSIL_InitThresholds
 .text.TSIL_InitTrigger
                0x00003a88      0x1b8 ./Sources/TSS/TSS_SensorTSIL.o
                0x00003a88                TSIL_InitTrigger
 .text.TSIL_MethodControl
                0x00003c40      0x340 ./Sources/TSS/TSS_SensorTSIL.o
                0x00003c40                TSIL_MethodControl
 .text.TSIL_ReadCounter
                0x00003f80       0xcc ./Sources/TSS/TSS_SensorTSIL.o
                0x00003f80                TSIL_ReadCounter
 .text.TSIL_HandleMeasurement
                0x0000404c       0xf8 ./Sources/TSS/TSS_SensorTSIL.o
                0x0000404c                TSIL_HandleMeasurement
 .text.TSIL_SampleElectrode
                0x00004144      0x288 ./Sources/TSS/TSS_SensorTSIL.o
                0x00004144                TSIL_SampleElectrode
 .text.TSS_TSI0Isr
                0x000043cc      0x1d4 ./Sources/TSS/TSS_SensorTSIL.o
                0x000043cc                TSS_TSI0Isr
 .text.TSS_IIRFilterEquation
                0x000045a0       0x30 ./Sources/TSS/TSS_SystemSetupData.o
                0x000045a0                TSS_IIRFilterEquation
 .text.Cpu_OnNMIINT
                0x000045d0        0x8 ./Sources/Events.o
                0x000045d0                Cpu_OnNMIINT
 .text.TSS1_fOnFault
                0x000045d8       0x3c ./Sources/Events.o
                0x000045d8                TSS1_fOnFault
 .text.TSS1_fOnInit
                0x00004614        0xc ./Sources/Events.o
                0x00004614                TSS1_fOnInit
 .text.TSS1_fCallBack0
                0x00004620       0x48 ./Sources/Events.o
                0x00004620                TSS1_fCallBack0
 .text.waitms   0x00004668       0x3c ./Sources/main.o
                0x00004668                waitms
 .text.LED_initialise
                0x000046a4       0x30 ./Sources/main.o
                0x000046a4                LED_initialise
 .text.output_board_signal
                0x000046d4       0x9c ./Sources/main.o
                0x000046d4                output_board_signal
 .text.main     0x00004770      0x4a0 ./Sources/main.o
                0x00004770                main
 .text.__copy_rom_section
                0x00004c10       0xd8 ./Project_Settings/Startup_Code/startup.o
                0x00004c10                __copy_rom_section
 .text.__copy_rom_sections_to_ram
                0x00004ce8       0x98 ./Project_Settings/Startup_Code/startup.o
                0x00004ce8                __copy_rom_sections_to_ram
 .text.__init_registers
                0x00004d80        0x8 ./Project_Settings/Startup_Code/startup.o
                0x00004d80                __init_registers
 .text.__init_user
                0x00004d88        0x8 ./Project_Settings/Startup_Code/startup.o
                0x00004d88                __init_user
 .text.__thumb_startup
                0x00004d90       0x30 ./Project_Settings/Startup_Code/startup.o
                0x00004d90                __thumb_startup
 .text.BLUE_LED_Init
                0x00004dc0       0x58 ./Generated_Code/BLUE_LED.o
                0x00004dc0                BLUE_LED_Init
 .text.BLUE_LED_SetRatio16
                0x00004e18       0x2c ./Generated_Code/BLUE_LED.o
                0x00004e18                BLUE_LED_SetRatio16
 .text.SetRatio
                0x00004e44       0x68 ./Generated_Code/BLUE_LED.o
 .text.Cpu_INT_NMIInterrupt
                0x00004eac        0xc ./Generated_Code/Cpu.o
                0x00004eac                Cpu_INT_NMIInterrupt
 .text.Cpu_Interrupt
                0x00004eb8        0xc ./Generated_Code/Cpu.o
                0x00004eb8                Cpu_Interrupt
 .text.__init_hardware
                0x00004ec4      0x110 ./Generated_Code/Cpu.o
                0x00004ec4                __init_hardware
 .text.PE_low_level_init
                0x00004fd4       0xf8 ./Generated_Code/Cpu.o
                0x00004fd4                PE_low_level_init
 .text.GREEN_LED_Init
                0x000050cc       0x58 ./Generated_Code/GREEN_LED.o
                0x000050cc                GREEN_LED_Init
 .text.GREEN_LED_SetRatio16
                0x00005124       0x2c ./Generated_Code/GREEN_LED.o
                0x00005124                GREEN_LED_SetRatio16
 .text.SetRatio
                0x00005150       0x68 ./Generated_Code/GREEN_LED.o
 .text.RED_LED_Init
                0x000051b8       0x58 ./Generated_Code/RED_LED.o
                0x000051b8                RED_LED_Init
 .text.RED_LED_SetRatio16
                0x00005210       0x2c ./Generated_Code/RED_LED.o
                0x00005210                RED_LED_SetRatio16
 .text.SetRatio
                0x0000523c       0x68 ./Generated_Code/RED_LED.o
 .text.TSS1_InitDevices
                0x000052a4       0x44 ./Generated_Code/TSS1.o
                0x000052a4                TSS1_InitDevices
 .text.TSS1_Configure
                0x000052e8      0x170 ./Generated_Code/TSS1.o
                0x000052e8                TSS1_Configure
 .text.TU1_Init
                0x00005458       0xe4 ./Generated_Code/TU1.o
                0x00005458                TU1_Init
 .text.TU1_GetPeriodTicks
                0x0000553c       0x3c ./Generated_Code/TU1.o
                0x0000553c                TU1_GetPeriodTicks
 .text.TU1_SetOffsetTicks
                0x00005578       0x58 ./Generated_Code/TU1.o
                0x00005578                TU1_SetOffsetTicks
 .text.TU2_Init
                0x000055d0       0xdc ./Generated_Code/TU2.o
                0x000055d0                TU2_Init
 .text.TU2_GetPeriodTicks
                0x000056ac       0x3c ./Generated_Code/TU2.o
                0x000056ac                TU2_GetPeriodTicks
 .text.TU2_SetOffsetTicks
                0x000056e8       0x44 ./Generated_Code/TU2.o
                0x000056e8                TU2_SetOffsetTicks
 .text.exit     0x0000572c       0x2c d:/ide/toolchain/bin/../lib/gcc/arm-none-eabi/4.8.4/../../../../arm-none-eabi/lib/armv6-m\libg_s.a(lib_a-exit.o)
                0x0000572c                exit
 .text.__libc_init_array
                0x00005758       0x4c d:/ide/toolchain/bin/../lib/gcc/arm-none-eabi/4.8.4/../../../../arm-none-eabi/lib/armv6-m\libg_s.a(lib_a-init.o)
                0x00005758                __libc_init_array
 .text.memset   0x000057a4       0x10 d:/ide/toolchain/bin/../lib/gcc/arm-none-eabi/4.8.4/../../../../arm-none-eabi/lib/armv6-m\libg_s.a(lib_a-memset.o)
                0x000057a4                memset
 .text.srand    0x000057b4       0x5c d:/ide/toolchain/bin/../lib/gcc/arm-none-eabi/4.8.4/../../../../arm-none-eabi/lib/armv6-m\libg_s.a(lib_a-rand.o)
                0x000057b4                srand
 .text.rand     0x00005810       0x78 d:/ide/toolchain/bin/../lib/gcc/arm-none-eabi/4.8.4/../../../../arm-none-eabi/lib/armv6-m\libg_s.a(lib_a-rand.o)
                0x00005810                rand
 .text.malloc   0x00005888       0x14 d:/ide/toolchain/bin/../lib/gcc/arm-none-eabi/4.8.4/../../../../arm-none-eabi/lib/armv6-m\libg_s.a(lib_a-malloc.o)
                0x00005888                malloc
 .text._malloc_r
                0x0000589c       0xa8 d:/ide/toolchain/bin/../lib/gcc/arm-none-eabi/4.8.4/../../../../arm-none-eabi/lib/armv6-m\libg_s.a(lib_a-nano-mallocr.o)
                0x0000589c                _malloc_r
 .text._sbrk_r  0x00005944       0x24 d:/ide/toolchain/bin/../lib/gcc/arm-none-eabi/4.8.4/../../../../arm-none-eabi/lib/armv6-m\libg_s.a(lib_a-sbrkr.o)
                0x00005944                _sbrk_r
 .text._sbrk    0x00005968       0x34 d:/ide/toolchain/bin/../lib/gcc/arm-none-eabi/4.8.4/../../../../arm-none-eabi/lib/armv6-m\libnosys.a(sbrk.o)
                0x00005968                _sbrk
 .text._exit    0x0000599c        0x4 d:/ide/toolchain/bin/../lib/gcc/arm-none-eabi/4.8.4/../../../../arm-none-eabi/lib/armv6-m\libnosys.a(_exit.o)
                0x0000599c                _exit
 *(.rodata)
 .rodata        0x000059a0       0x14 C:/EEE226/ela20yc Assignment 1/Sources/TSS\libTSS_KXX_M0.a(TSS_KeyDetector.o)
 .rodata        0x000059b4        0xc C:/EEE226/ela20yc Assignment 1/Sources/TSS\libTSS_KXX_M0.a(TSS_Main.o)
 *(.rodata*)
 .rodata.tss_faSampleElectrode
                0x000059c0        0x8 ./Sources/TSS/TSS_Sensor.o
                0x000059c0                tss_faSampleElectrode
 .rodata.tss_acp8ElectrodeROMData
                0x000059c8        0x8 ./Sources/TSS/TSS_Sensor.o
                0x000059c8                tss_acp8ElectrodeROMData
 .rodata.TSS_TSIL0_METHOD_ROMDATA_CONTEXT
                0x000059d0       0x10 ./Sources/TSS/TSS_SensorTSIL.o
                0x000059d0                TSS_TSIL0_METHOD_ROMDATA_CONTEXT
 .rodata.TSS_E0_ROMDATA_CONTEXT
                0x000059e0        0xc ./Sources/TSS/TSS_SensorTSIL.o
                0x000059e0                TSS_E0_ROMDATA_CONTEXT
 .rodata.TSS_E1_ROMDATA_CONTEXT
                0x000059ec        0xc ./Sources/TSS/TSS_SensorTSIL.o
                0x000059ec                TSS_E1_ROMDATA_CONTEXT
 .rodata.TSIL_MethodControl
                0x000059f8       0x24 ./Sources/TSS/TSS_SensorTSIL.o
 .rodata.TSIL_SampleElectrode
                0x00005a1c       0x28 ./Sources/TSS/TSS_SensorTSIL.o
 .rodata.TSS_C0_INPUTS_GROUP
                0x00005a44        0x4 ./Sources/TSS/TSS_SystemSetupData.o
                0x00005a44                TSS_C0_INPUTS_GROUP
 .rodata.TSS_C0_STRUCTURE_ROM_CONTEXT
                0x00005a48       0x1c ./Sources/TSS/TSS_SystemSetupData.o
                0x00005a48                TSS_C0_STRUCTURE_ROM_CONTEXT
 .rodata.tss_faCallback
                0x00005a64        0x4 ./Sources/TSS/TSS_SystemSetupData.o
                0x00005a64                tss_faCallback
 .rodata.tss_acpsDecRAMContext
                0x00005a68        0x4 ./Sources/TSS/TSS_SystemSetupData.o
                0x00005a68                tss_acpsDecRAMContext
 .rodata.tss_acpsDecROMContext
                0x00005a6c        0x4 ./Sources/TSS/TSS_SystemSetupData.o
                0x00005a6c                tss_acpsDecROMContext
 .rodata.tss_acpsCSStructs
                0x00005a70        0x4 ./Sources/TSS/TSS_SystemSetupData.o
                0x00005a70                tss_acpsCSStructs
 .rodata.tss_faDecoders
                0x00005a74        0x4 ./Sources/TSS/TSS_SystemSetupData.o
                0x00005a74                tss_faDecoders
 .rodata.tss_cau8ShieldPairs
                0x00005a78        0x4 ./Sources/TSS/TSS_SystemSetupData.o
                0x00005a78                tss_cau8ShieldPairs
 .rodata.tss_cau8SignalDivider
                0x00005a7c        0x4 ./Sources/TSS/TSS_SystemSetupData.o
                0x00005a7c                tss_cau8SignalDivider
 .rodata.tss_cau8SignalMultiplier
                0x00005a80        0x4 ./Sources/TSS/TSS_SystemSetupData.o
                0x00005a80                tss_cau8SignalMultiplier
 .rodata.tss_fSetInternalPrivateData
                0x00005a84        0x4 ./Sources/TSS/TSS_SystemSetupData.o
                0x00005a84                tss_fSetInternalPrivateData
 .rodata.tss_fDecodersControl
                0x00005a88        0x4 ./Sources/TSS/TSS_SystemSetupData.o
                0x00005a88                tss_fDecodersControl
 .rodata.tss_cu8NumElecs
                0x00005a8c        0x1 ./Sources/TSS/TSS_SystemSetupData.o
                0x00005a8c                tss_cu8NumElecs
 .rodata.tss_cu8NumCtrls
                0x00005a8d        0x1 ./Sources/TSS/TSS_SystemSetupData.o
                0x00005a8d                tss_cu8NumCtrls
 .rodata.tss_cu8ElecBitFldLn
                0x00005a8e        0x1 ./Sources/TSS/TSS_SystemSetupData.o
                0x00005a8e                tss_cu8ElecBitFldLn
 *fill*         0x00005a8f        0x1 
 .rodata.tss_fCalculateIIRFilter
                0x00005a90        0x4 ./Sources/TSS/TSS_SystemSetupData.o
                0x00005a90                tss_fCalculateIIRFilter
 .rodata.tss_fCalculateShielding
                0x00005a94        0x4 ./Sources/TSS/TSS_SystemSetupData.o
                0x00005a94                tss_fCalculateShielding
 .rodata.tss_fInitPrevCapSample
                0x00005a98        0x4 ./Sources/TSS/TSS_SystemSetupData.o
                0x00005a98                tss_fInitPrevCapSample
 .rodata.tss_fFillDeltaLogBuffer
                0x00005a9c        0x4 ./Sources/TSS/TSS_SystemSetupData.o
                0x00005a9c                tss_fFillDeltaLogBuffer
 .rodata.tss_fFillSignalLogBuffer
                0x00005aa0        0x4 ./Sources/TSS/TSS_SystemSetupData.o
                0x00005aa0                tss_fFillSignalLogBuffer
 .rodata.tss_fDataCorruptionCheck
                0x00005aa4        0x4 ./Sources/TSS/TSS_SystemSetupData.o
                0x00005aa4                tss_fDataCorruptionCheck
 .rodata.tss_fFmstrCall
                0x00005aa8        0x4 ./Sources/TSS/TSS_SystemSetupData.o
                0x00005aa8                tss_fFmstrCall
 .rodata.tss_fTriggerConfig
                0x00005aac        0x4 ./Sources/TSS/TSS_SystemSetupData.o
                0x00005aac                tss_fTriggerConfig
 .rodata.tss_fTriggerControl
                0x00005ab0        0x4 ./Sources/TSS/TSS_SystemSetupData.o
                0x00005ab0                tss_fTriggerControl
 .rodata.tss_fLowPowerConfig
                0x00005ab4        0x4 ./Sources/TSS/TSS_SystemSetupData.o
                0x00005ab4                tss_fLowPowerConfig
 .rodata.tss_fOnFault
                0x00005ab8        0x4 ./Sources/TSS/TSS_SystemSetupData.o
                0x00005ab8                tss_fOnFault
 .rodata.tss_fOnInit
                0x00005abc        0x4 ./Sources/TSS/TSS_SystemSetupData.o
                0x00005abc                tss_fOnInit
 .rodata.tss_cu8APosFilterWeight
                0x00005ac0        0x1 ./Sources/TSS/TSS_SystemSetupData.o
                0x00005ac0                tss_cu8APosFilterWeight
 *fill*         0x00005ac1        0x3 
 .rodata.tss_fASliderCalculatePosIIRFilter
                0x00005ac4        0x4 ./Sources/TSS/TSS_SystemSetupData.o
                0x00005ac4                tss_fASliderCalculatePosIIRFilter
 .rodata.tss_cu8ASliderDelayBufferLength
                0x00005ac8        0x1 ./Sources/TSS/TSS_SystemSetupData.o
                0x00005ac8                tss_cu8ASliderDelayBufferLength
 *fill*         0x00005ac9        0x3 
 .rodata.tss_fASliderDelayControl
                0x00005acc        0x4 ./Sources/TSS/TSS_SystemSetupData.o
                0x00005acc                tss_fASliderDelayControl
 .rodata.tss_cu8ASliderTrendBufferLength
                0x00005ad0        0x1 ./Sources/TSS/TSS_SystemSetupData.o
                0x00005ad0                tss_cu8ASliderTrendBufferLength
 .rodata.tss_i8ASliderTrendThreshold
                0x00005ad1        0x1 ./Sources/TSS/TSS_SystemSetupData.o
                0x00005ad1                tss_i8ASliderTrendThreshold
 *fill*         0x00005ad2        0x2 
 .rodata.tss_fASliderTrendThreshold
                0x00005ad4        0x4 ./Sources/TSS/TSS_SystemSetupData.o
                0x00005ad4                tss_fASliderTrendThreshold
 .rodata.tss_fASliderTrendControl
                0x00005ad8        0x4 ./Sources/TSS/TSS_SystemSetupData.o
                0x00005ad8                tss_fASliderTrendControl
 .rodata.tss_fOnProximity
                0x00005adc        0x4 ./Sources/TSS/TSS_SystemSetupData.o
                0x00005adc                tss_fOnProximity
 .rodata.tss_fProximityConfig
                0x00005ae0        0x4 ./Sources/TSS/TSS_SystemSetupData.o
                0x00005ae0                tss_fProximityConfig
 .rodata.tss_fStuckKeyControl
                0x00005ae4        0x4 ./Sources/TSS/TSS_SystemSetupData.o
                0x00005ae4                tss_fStuckKeyControl
 .rodata.tss_fResetStuckKeyCounter
                0x00005ae8        0x4 ./Sources/TSS/TSS_SystemSetupData.o
                0x00005ae8                tss_fResetStuckKeyCounter
 .rodata.tss_fNegativeBaselineDrop
                0x00005aec        0x4 ./Sources/TSS/TSS_SystemSetupData.o
                0x00005aec                tss_fNegativeBaselineDrop
 .rodata.tss_fKeyDetectorRecalibrationRequest
                0x00005af0        0x4 ./Sources/TSS/TSS_SystemSetupData.o
                0x00005af0                tss_fKeyDetectorRecalibrationRequest
 .rodata.tss_fSignalDivider
                0x00005af4        0x4 ./Sources/TSS/TSS_SystemSetupData.o
                0x00005af4                tss_fSignalDivider
 .rodata.tss_fSignalMultiplier
                0x00005af8        0x4 ./Sources/TSS/TSS_SystemSetupData.o
                0x00005af8                tss_fSignalMultiplier
 .rodata.tss_fAutoCalibration
                0x00005afc        0x4 ./Sources/TSS/TSS_SystemSetupData.o
                0x00005afc                tss_fAutoCalibration
 .rodata.tss_fSensitivityLowLimitControl
                0x00005b00        0x4 ./Sources/TSS/TSS_SystemSetupData.o
                0x00005b00                tss_fSensitivityLowLimitControl
 .rodata.tss_fDeltaNoiseAnalysisIIRControl
                0x00005b04        0x4 ./Sources/TSS/TSS_SystemSetupData.o
                0x00005b04                tss_fDeltaNoiseAnalysisIIRControl
 .rodata.tss_cu8BaselineInitLength
                0x00005b08        0x1 ./Sources/TSS/TSS_SystemSetupData.o
                0x00005b08                tss_cu8BaselineInitLength
 .rodata.tss_cu8AutoCalibInitLength
                0x00005b09        0x1 ./Sources/TSS/TSS_SystemSetupData.o
                0x00005b09                tss_cu8AutoCalibInitLength
 *fill*         0x00005b0a        0x2 
 .rodata.tss_ci8DeltaNoiseAnalysisIIRWeights
                0x00005b0c        0x4 ./Sources/TSS/TSS_SystemSetupData.o
                0x00005b0c                tss_ci8DeltaNoiseAnalysisIIRWeights
 .rodata.tss_csKeyBasicASCContext
                0x00005b10        0x8 ./Sources/TSS/TSS_SystemSetupData.o
                0x00005b10                tss_csKeyBasicASCContext
 .rodata.tss_fKeyDetectorElectrodeEval
                0x00005b18        0x4 ./Sources/TSS/TSS_SystemSetupData.o
                0x00005b18                tss_fKeyDetectorElectrodeEval
 .rodata.tss_fKeyDetectorIntegrationResetEval
                0x00005b1c        0x4 ./Sources/TSS/TSS_SystemSetupData.o
                0x00005b1c                tss_fKeyDetectorIntegrationResetEval
 .rodata.tss_fKeyNoiseSchedulerInit
                0x00005b20        0x4 ./Sources/TSS/TSS_SystemSetupData.o
                0x00005b20                tss_fKeyNoiseSchedulerInit
 .rodata.tss_fKeyNoiseSchedulerRun
                0x00005b24        0x4 ./Sources/TSS/TSS_SystemSetupData.o
                0x00005b24                tss_fKeyNoiseSchedulerRun
 .rodata.tss_fGetSystemDataContext
                0x00005b28        0x4 ./Sources/TSS/TSS_SystemSetupData.o
                0x00005b28                tss_fGetSystemDataContext
 .rodata.ChannelDevice
                0x00005b2c        0x4 ./Generated_Code/TU1.o
 .rodata.ChannelMode
                0x00005b30        0x4 ./Generated_Code/TU1.o
 .rodata.str1.1
                0x00005b34        0x2 d:/ide/toolchain/bin/../lib/gcc/arm-none-eabi/4.8.4/../../../../arm-none-eabi/lib/armv6-m\libg_s.a(lib_a-impure.o)
 *fill*         0x00005b36        0x2 
 .rodata._global_impure_ptr
                0x00005b38        0x4 d:/ide/toolchain/bin/../lib/gcc/arm-none-eabi/4.8.4/../../../../arm-none-eabi/lib/armv6-m\libg_s.a(lib_a-impure.o)
                0x00005b38                _global_impure_ptr
 *(.glue_7)
 .glue_7        0x00000000        0x0 linker stubs
 *(.glue_7t)
 .glue_7t       0x00000000        0x0 linker stubs
 *(.eh_frame)
 .eh_frame      0x00005b3c        0x0 d:/ide/toolchain/bin/../lib/gcc/arm-none-eabi/4.8.4/armv6-m/crtbegin.o
 *(.init)
 .init          0x00005b3c        0x4 d:/ide/toolchain/bin/../lib/gcc/arm-none-eabi/4.8.4/armv6-m/crti.o
                0x00005b3c                _init
 .init          0x00005b40        0x8 d:/ide/toolchain/bin/../lib/gcc/arm-none-eabi/4.8.4/armv6-m/crtn.o
 *(.fini)
 .fini          0x00005b48        0x4 d:/ide/toolchain/bin/../lib/gcc/arm-none-eabi/4.8.4/armv6-m/crti.o
                0x00005b48                _fini
 .fini          0x00005b4c        0x8 d:/ide/toolchain/bin/../lib/gcc/arm-none-eabi/4.8.4/armv6-m/crtn.o
                0x00005b54                . = ALIGN (0x4)
                0x00005b54                _etext = .

.vfp11_veneer   0x00005b54        0x0
 .vfp11_veneer  0x00000000        0x0 linker stubs

.v4_bx          0x00005b54        0x0
 .v4_bx         0x00000000        0x0 linker stubs

.iplt           0x00005b54        0x0
 .iplt          0x00000000        0x0 d:/ide/toolchain/bin/../lib/gcc/arm-none-eabi/4.8.4/armv6-m/crtbegin.o

.ARM.extab
 *(.ARM.extab* .gnu.linkonce.armextab.*)

.ARM            0x00005b54        0x8
                0x00005b54                __exidx_start = .
 *(.ARM.exidx*)
 .ARM.exidx     0x00005b54        0x8 d:/ide/toolchain/bin/../lib/gcc/arm-none-eabi/4.8.4/../../../../arm-none-eabi/lib/armv6-m/crt0.o
                0x00005b5c                __exidx_end = .

.rel.dyn        0x00005b5c        0x0
 .rel.iplt      0x00000000        0x0 d:/ide/toolchain/bin/../lib/gcc/arm-none-eabi/4.8.4/armv6-m/crtbegin.o

.ctors          0x00005b5c        0x0
                0x00005b5c                __CTOR_LIST__ = .
 *crtbegin.o(.ctors)
 *(EXCLUDE_FILE(*crtend.o) .ctors)
 *(SORT(.ctors.*))
 *(.ctors)
                0x00005b5c                __CTOR_END__ = .

.dtors          0x00005b5c        0x0
                0x00005b5c                __DTOR_LIST__ = .
 *crtbegin.o(.dtors)
 *(EXCLUDE_FILE(*crtend.o) .dtors)
 *(SORT(.dtors.*))
 *(.dtors)
                0x00005b5c                __DTOR_END__ = .

.preinit_array  0x00005b5c        0x0
                0x00005b5c                PROVIDE (__preinit_array_start, .)
 *(.preinit_array*)
                0x00005b5c                PROVIDE (__preinit_array_end, .)

.init_array     0x00005b5c        0x4
                0x00005b5c                PROVIDE (__init_array_start, .)
 *(SORT(.init_array.*))
 *(.init_array*)
 .init_array    0x00005b5c        0x4 d:/ide/toolchain/bin/../lib/gcc/arm-none-eabi/4.8.4/armv6-m/crtbegin.o
                0x00005b60                PROVIDE (__init_array_end, .)

.fini_array     0x00005b60        0x4
                0x00005b60                PROVIDE (__fini_array_start, .)
 *(SORT(.fini_array.*))
 *(.fini_array*)
 .fini_array    0x00005b60        0x4 d:/ide/toolchain/bin/../lib/gcc/arm-none-eabi/4.8.4/armv6-m/crtbegin.o
                0x00005b64                PROVIDE (__fini_array_end, .)
                0x00005b64                ___ROM_AT = .

.mtb            0x1ffff000        0x0
                0x1ffff000                . = ALIGN (0x8)
                0x1ffff000                _mtb_start = .
 *(.mtb_buf)
                0x1ffff000                . = ALIGN (0x8)
                0x1ffff000                _mtb_end = .

.data           0x1ffff000       0x70 load address 0x00005b64
                0x1ffff000                . = ALIGN (0x4)
                0x1ffff000                _sdata = .
 *(.data)
 .data          0x1ffff000        0x1 C:/EEE226/ela20yc Assignment 1/Sources/TSS\libTSS_KXX_M0.a(TSS_KeyDetector.o)
 *(.data*)
 *fill*         0x1ffff001        0x3 
 .data.TSS1_cKey0
                0x1ffff004        0x8 ./Sources/TSS/TSS_SystemSetupData.o
                0x1ffff004                TSS1_cKey0
 .data.impure_data
                0x1ffff00c       0x60 d:/ide/toolchain/bin/../lib/gcc/arm-none-eabi/4.8.4/../../../../arm-none-eabi/lib/armv6-m\libg_s.a(lib_a-impure.o)
 .data._impure_ptr
                0x1ffff06c        0x4 d:/ide/toolchain/bin/../lib/gcc/arm-none-eabi/4.8.4/../../../../arm-none-eabi/lib/armv6-m\libg_s.a(lib_a-impure.o)
                0x1ffff06c                _impure_ptr
                0x1ffff070                . = ALIGN (0x4)
                0x1ffff070                _edata = .
                0x00000070                ___data_size = (_edata - _sdata)

.jcr            0x1ffff070        0x0 load address 0x00005bd4
 .jcr           0x1ffff070        0x0 d:/ide/toolchain/bin/../lib/gcc/arm-none-eabi/4.8.4/armv6-m/crtbegin.o

.igot.plt       0x1ffff070        0x0 load address 0x00005bd4
 .igot.plt      0x00000000        0x0 d:/ide/toolchain/bin/../lib/gcc/arm-none-eabi/4.8.4/armv6-m/crtbegin.o
                0x1ffff070                . = ALIGN (0x4)

.bss            0x1ffff070      0x174 load address 0x00005bd4
                0x1ffff070                __START_BSS = .
                0x1ffff070                PROVIDE (__bss_start__, __START_BSS)
 *(.bss)
 .bss           0x1ffff070       0x1c d:/ide/toolchain/bin/../lib/gcc/arm-none-eabi/4.8.4/armv6-m/crtbegin.o
 .bss           0x1ffff08c        0x5 C:/EEE226/ela20yc Assignment 1/Sources/TSS\libTSS_KXX_M0.a(TSS_KeyDetector.o)
 *fill*         0x1ffff091        0x3 
 .bss           0x1ffff094        0x8 C:/EEE226/ela20yc Assignment 1/Sources/TSS\libTSS_KXX_M0.a(TSS_Main.o)
 *(.bss*)
 .bss.TSS_TSIL0_METHOD_RAMDATA_CONTEXT
                0x1ffff09c        0xc ./Sources/TSS/TSS_SensorTSIL.o
                0x1ffff09c                TSS_TSIL0_METHOD_RAMDATA_CONTEXT
 .bss.TSS_C0_STRUCTURE_RAM_CONTEXT
                0x1ffff0a8        0x4 ./Sources/TSS/TSS_SystemSetupData.o
                0x1ffff0a8                TSS_C0_STRUCTURE_RAM_CONTEXT
 .bss.tss_apsControlPrivateData
                0x1ffff0ac        0x4 ./Sources/TSS/TSS_SystemSetupData.o
                0x1ffff0ac                tss_apsControlPrivateData
 .bss.ispressed
                0x1ffff0b0        0x4 ./Sources/main.o
                0x1ffff0b0                ispressed
 .bss.DeviceDataPrv__DEFAULT_RTOS_ALLOC
                0x1ffff0b4        0xc ./Generated_Code/BLUE_LED.o
 .bss.DeviceDataPrv__DEFAULT_RTOS_ALLOC
                0x1ffff0c0        0xc ./Generated_Code/GREEN_LED.o
 .bss.PE_LDD_DeviceDataList
                0x1ffff0cc       0x14 ./Generated_Code/PE_LDD.o
                0x1ffff0cc                PE_LDD_DeviceDataList
 .bss.DeviceDataPrv__DEFAULT_RTOS_ALLOC
                0x1ffff0e0        0xc ./Generated_Code/RED_LED.o
 .bss.DeviceDataPrv__DEFAULT_RTOS_ALLOC
                0x1ffff0ec        0x8 ./Generated_Code/TU1.o
 .bss.DeviceDataPrv__DEFAULT_RTOS_ALLOC
                0x1ffff0f4        0x8 ./Generated_Code/TU2.o
 .bss.__malloc_sbrk_start
                0x1ffff0fc        0x4 d:/ide/toolchain/bin/../lib/gcc/arm-none-eabi/4.8.4/../../../../arm-none-eabi/lib/armv6-m\libg_s.a(lib_a-nano-mallocr.o)
                0x1ffff0fc                __malloc_sbrk_start
 .bss.__malloc_free_list
                0x1ffff100        0x4 d:/ide/toolchain/bin/../lib/gcc/arm-none-eabi/4.8.4/../../../../arm-none-eabi/lib/armv6-m\libg_s.a(lib_a-nano-mallocr.o)
                0x1ffff100                __malloc_free_list
 .bss.heap_end.4246
                0x1ffff104        0x4 d:/ide/toolchain/bin/../lib/gcc/arm-none-eabi/4.8.4/../../../../arm-none-eabi/lib/armv6-m\libnosys.a(sbrk.o)
 *(COMMON)
 COMMON         0x1ffff108       0x10 ./Sources/TSS/TSS_Sensor.o
                0x1ffff108                tss_u8SampleIntFlag
                0x1ffff10c                tss_psElectrodeTimertAdr
                0x1ffff110                tss_u8ElectrodeBitNum
                0x1ffff114                tss_psElectrodeRGPIOAdr
 COMMON         0x1ffff118       0x20 ./Sources/TSS/TSS_SensorTSIL.o
                0x1ffff118                TSS_TSIL0_CHANNEL_COUNTER_BUFFER
 COMMON         0x1ffff138       0xa5 ./Sources/TSS/TSS_SystemSetupData.o
                0x1ffff138                tss_au8StuckCount
                0x1ffff13a                tss_u8ConfCheckSum
                0x1ffff13c                tss_au8Sensitivity
                0x1ffff140                tss_ai8DeltaAmplitude
                0x1ffff144                tss_CSSys
                0x1ffff150                tss_ai8MaxDeltaAmplitude
                0x1ffff154                tss_ai8SensitivityLowLimit
                0x1ffff158                tss_ai8InstantDelta
                0x1ffff15c                TSS_C0_DELAY_BUFFER
                0x1ffff160                tss_au16PrevCapSample
                0x1ffff164                TSS_C0_TREND_BUFFER
                0x1ffff184                tss_au8ControlScheduleCount
                0x1ffff188                TSS_C0_TREND_CONTEXT
                0x1ffff18c                tss_au8TouchCount
                0x1ffff190                tss_au8ElectrodeMeasured
                0x1ffff194                tss_au16InstantSignal
                0x1ffff198                tss_au8DebounceCount
                0x1ffff19c                tss_au8ElectrodeStatus
                0x1ffff1a0                tss_au8ElectrodeMarker
                0x1ffff1a4                tss_ai8NoiseAmplitude
                0x1ffff1a8                tss_asDeltaNoiseAnalysisIIRData
                0x1ffff1b4                tss_asAutoCalibrationData
                0x1ffff1bc                tss_au8ElecState
                0x1ffff1c0                TSS_C0_DELAY_CONTEXT
                0x1ffff1c4                tss_au8ElectrodeEnablers
                0x1ffff1c8                TSS_C0_POSFILTER_CONTEXT
                0x1ffff1cc                tss_au8ElectrodeDCTrackerEnablers
                0x1ffff1d0                tss_au16ElecBaseline
                0x1ffff1d4                tss_au8ReleaseCount
                0x1ffff1d8                tss_au8ElectrodeLowThresholdEnablers
                0x1ffff1dc                tss_ai8IntegrationDelta
 *fill*         0x1ffff1dd        0x1 
 COMMON         0x1ffff1de        0x2 C:/EEE226/ela20yc Assignment 1/Sources/TSS\libTSS_KXX_M0.a(TSS_KeyDetector.o)
                0x1ffff1de                tss_u16CapSample
 COMMON         0x1ffff1e0        0x4 d:/ide/toolchain/bin/../lib/gcc/arm-none-eabi/4.8.4/../../../../arm-none-eabi/lib/armv6-m\libg_s.a(lib_a-reent.o)
                0x1ffff1e0                errno
                0x1ffff1e4                . = ALIGN (0x4)
                0x1ffff1e4                __END_BSS = .
                0x1ffff1e4                PROVIDE (__bss_end__, __END_BSS)
                0x00005bd4                _romp_at = (___ROM_AT + SIZEOF (.data))

.romp           0x1ffff1e4       0x18 load address 0x00005bd4
                0x00005bd4                __S_romp = _romp_at
                0x1ffff1e4        0x4 LONG 0x5b64 ___ROM_AT
                0x1ffff1e8        0x4 LONG 0x1ffff000 _sdata
                0x1ffff1ec        0x4 LONG 0x70 ___data_size
                0x1ffff1f0        0x4 LONG 0x0
                0x1ffff1f4        0x4 LONG 0x0
                0x1ffff1f8        0x4 LONG 0x0
                0x00020000                text_end = (ORIGIN (m_text) + 0x1fbf0)
                0x00005bec                data_init_end = ((___ROM_AT + SIZEOF (.data)) + SIZEOF (.romp))
                0x00000001                ASSERT ((data_init_end <= text_end), region m_text overflowed with text and data)

._user_heap_stack
                0x1ffff1fc      0x400 load address 0x00005bec
                0x1ffff1fc                . = ALIGN (0x4)
                0x1ffff1fc                PROVIDE (end, .)
                0x1ffff1fc                PROVIDE (_end, .)
                0x1ffff1fc                PROVIDE (__end__, .)
                0x1ffff1fc                __heap_addr = .
                0x1ffff1fc                __HeapBase = .
                0x1ffff1fc                . = (. + __heap_size)
                0x1ffff1fc                __HeapLimit = .
                0x1ffff5fc                . = (. + __stack_size)
 *fill*         0x1ffff1fc      0x400 
                0x1ffff5fc                . = ALIGN (0x4)

.ARM.attributes
                0x00000000       0x28
 *(.ARM.attributes)
 .ARM.attributes
                0x00000000       0x1e d:/ide/toolchain/bin/../lib/gcc/arm-none-eabi/4.8.4/armv6-m/crti.o
 .ARM.attributes
                0x0000001e       0x2c d:/ide/toolchain/bin/../lib/gcc/arm-none-eabi/4.8.4/armv6-m/crtbegin.o
 .ARM.attributes
                0x0000004a       0x1b d:/ide/toolchain/bin/../lib/gcc/arm-none-eabi/4.8.4/../../../../arm-none-eabi/lib/armv6-m/crt0.o
 .ARM.attributes
                0x00000065       0x32 ./Sources/TSS/TSS_Sensor.o
 .ARM.attributes
                0x00000097       0x32 ./Sources/TSS/TSS_SensorTSIL.o
 .ARM.attributes
                0x000000c9       0x32 ./Sources/TSS/TSS_SystemSetupData.o
 .ARM.attributes
                0x000000fb       0x32 ./Sources/Events.o
 .ARM.attributes
                0x0000012d       0x32 ./Sources/main.o
 .ARM.attributes
                0x0000015f       0x32 ./Project_Settings/Startup_Code/startup.o
 .ARM.attributes
                0x00000191       0x32 ./Generated_Code/BLUE_LED.o
 .ARM.attributes
                0x000001c3       0x32 ./Generated_Code/Cpu.o
 .ARM.attributes
                0x000001f5       0x32 ./Generated_Code/GREEN_LED.o
 .ARM.attributes
                0x00000227       0x32 ./Generated_Code/PE_LDD.o
 .ARM.attributes
                0x00000259       0x32 ./Generated_Code/RED_LED.o
 .ARM.attributes
                0x0000028b       0x32 ./Generated_Code/TSS1.o
 .ARM.attributes
                0x000002bd       0x32 ./Generated_Code/TU1.o
 .ARM.attributes
                0x000002ef       0x32 ./Generated_Code/TU2.o
 .ARM.attributes
                0x00000321       0x32 ./Generated_Code/Vectors.o
 .ARM.attributes
                0x00000353       0x31 C:/EEE226/ela20yc Assignment 1/Sources/TSS\libTSS_KXX_M0.a(TSS_ASliderDecoder.o)
 .ARM.attributes
                0x00000384       0x31 C:/EEE226/ela20yc Assignment 1/Sources/TSS\libTSS_KXX_M0.a(TSS_Filters.o)
 .ARM.attributes
                0x000003b5       0x31 C:/EEE226/ela20yc Assignment 1/Sources/TSS\libTSS_KXX_M0.a(TSS_KeyDetectorNormal.o)
 .ARM.attributes
                0x000003e6       0x31 C:/EEE226/ela20yc Assignment 1/Sources/TSS\libTSS_KXX_M0.a(TSS_KeyDetector.o)
 .ARM.attributes
                0x00000417       0x31 C:/EEE226/ela20yc Assignment 1/Sources/TSS\libTSS_KXX_M0.a(TSS_Main.o)
 .ARM.attributes
                0x00000448       0x1e d:/ide/toolchain/bin/../lib/gcc/arm-none-eabi/4.8.4/armv6-m\libgcc.a(_thumb1_case_uqi.o)
 .ARM.attributes
                0x00000466       0x1e d:/ide/toolchain/bin/../lib/gcc/arm-none-eabi/4.8.4/armv6-m\libgcc.a(_udivsi3.o)
 .ARM.attributes
                0x00000484       0x1e d:/ide/toolchain/bin/../lib/gcc/arm-none-eabi/4.8.4/armv6-m\libgcc.a(_divsi3.o)
 .ARM.attributes
                0x000004a2       0x1e d:/ide/toolchain/bin/../lib/gcc/arm-none-eabi/4.8.4/armv6-m\libgcc.a(_dvmd_tls.o)
 .ARM.attributes
                0x000004c0       0x2c d:/ide/toolchain/bin/../lib/gcc/arm-none-eabi/4.8.4/../../../../arm-none-eabi/lib/armv6-m\libg_s.a(lib_a-exit.o)
 .ARM.attributes
                0x000004ec       0x2c d:/ide/toolchain/bin/../lib/gcc/arm-none-eabi/4.8.4/../../../../arm-none-eabi/lib/armv6-m\libg_s.a(lib_a-impure.o)
 .ARM.attributes
                0x00000518       0x2c d:/ide/toolchain/bin/../lib/gcc/arm-none-eabi/4.8.4/../../../../arm-none-eabi/lib/armv6-m\libg_s.a(lib_a-init.o)
 .ARM.attributes
                0x00000544       0x2c d:/ide/toolchain/bin/../lib/gcc/arm-none-eabi/4.8.4/../../../../arm-none-eabi/lib/armv6-m\libg_s.a(lib_a-memset.o)
 .ARM.attributes
                0x00000570       0x2c d:/ide/toolchain/bin/../lib/gcc/arm-none-eabi/4.8.4/../../../../arm-none-eabi/lib/armv6-m\libg_s.a(lib_a-rand.o)
 .ARM.attributes
                0x0000059c       0x2c d:/ide/toolchain/bin/../lib/gcc/arm-none-eabi/4.8.4/../../../../arm-none-eabi/lib/armv6-m\libg_s.a(lib_a-malloc.o)
 .ARM.attributes
                0x000005c8       0x2c d:/ide/toolchain/bin/../lib/gcc/arm-none-eabi/4.8.4/../../../../arm-none-eabi/lib/armv6-m\libg_s.a(lib_a-nano-mallocr.o)
 .ARM.attributes
                0x000005f4       0x2c d:/ide/toolchain/bin/../lib/gcc/arm-none-eabi/4.8.4/../../../../arm-none-eabi/lib/armv6-m\libg_s.a(lib_a-sbrkr.o)
 .ARM.attributes
                0x00000620       0x2c d:/ide/toolchain/bin/../lib/gcc/arm-none-eabi/4.8.4/../../../../arm-none-eabi/lib/armv6-m\libg_s.a(lib_a-reent.o)
 .ARM.attributes
                0x0000064c       0x2c d:/ide/toolchain/bin/../lib/gcc/arm-none-eabi/4.8.4/armv6-m\libgcc.a(_muldi3.o)
 .ARM.attributes
                0x00000678       0x2c d:/ide/toolchain/bin/../lib/gcc/arm-none-eabi/4.8.4/../../../../arm-none-eabi/lib/armv6-m\libnosys.a(sbrk.o)
 .ARM.attributes
                0x000006a4       0x2c d:/ide/toolchain/bin/../lib/gcc/arm-none-eabi/4.8.4/../../../../arm-none-eabi/lib/armv6-m\libnosys.a(_exit.o)
 .ARM.attributes
                0x000006d0       0x1e d:/ide/toolchain/bin/../lib/gcc/arm-none-eabi/4.8.4/armv6-m/crtn.o
OUTPUT(assignment 1.elf elf32-littlearm)

.debug_info     0x00000000     0x5707
 .debug_info    0x00000000      0x4cc ./Sources/TSS/TSS_Sensor.o
 .debug_info    0x000004cc      0xf05 ./Sources/TSS/TSS_SensorTSIL.o
 .debug_info    0x000013d1     0x115a ./Sources/TSS/TSS_SystemSetupData.o
 .debug_info    0x0000252b      0x587 ./Sources/Events.o
 .debug_info    0x00002ab2      0x3df ./Sources/main.o
 .debug_info    0x00002e91      0x20a ./Project_Settings/Startup_Code/startup.o
 .debug_info    0x0000309b      0x27d ./Generated_Code/BLUE_LED.o
 .debug_info    0x00003318      0x842 ./Generated_Code/Cpu.o
 .debug_info    0x00003b5a      0x27d ./Generated_Code/GREEN_LED.o
 .debug_info    0x00003dd7      0x251 ./Generated_Code/PE_LDD.o
 .debug_info    0x00004028      0x27d ./Generated_Code/RED_LED.o
 .debug_info    0x000042a5      0x5fc ./Generated_Code/TSS1.o
 .debug_info    0x000048a1      0x6ae ./Generated_Code/TU1.o
 .debug_info    0x00004f4f      0x6aa ./Generated_Code/TU2.o
 .debug_info    0x000055f9      0x10e ./Generated_Code/Vectors.o

.debug_abbrev   0x00000000     0x1311
 .debug_abbrev  0x00000000      0x139 ./Sources/TSS/TSS_Sensor.o
 .debug_abbrev  0x00000139      0x1df ./Sources/TSS/TSS_SensorTSIL.o
 .debug_abbrev  0x00000318      0x133 ./Sources/TSS/TSS_SystemSetupData.o
 .debug_abbrev  0x0000044b      0x140 ./Sources/Events.o
 .debug_abbrev  0x0000058b      0x1c7 ./Sources/main.o
 .debug_abbrev  0x00000752      0x11e ./Project_Settings/Startup_Code/startup.o
 .debug_abbrev  0x00000870      0x106 ./Generated_Code/BLUE_LED.o
 .debug_abbrev  0x00000976      0x14f ./Generated_Code/Cpu.o
 .debug_abbrev  0x00000ac5      0x106 ./Generated_Code/GREEN_LED.o
 .debug_abbrev  0x00000bcb      0x10d ./Generated_Code/PE_LDD.o
 .debug_abbrev  0x00000cd8      0x106 ./Generated_Code/RED_LED.o
 .debug_abbrev  0x00000dde      0x15f ./Generated_Code/TSS1.o
 .debug_abbrev  0x00000f3d      0x198 ./Generated_Code/TU1.o
 .debug_abbrev  0x000010d5      0x198 ./Generated_Code/TU2.o
 .debug_abbrev  0x0000126d       0xa4 ./Generated_Code/Vectors.o

.debug_aranges  0x00000000      0x370
 .debug_aranges
                0x00000000       0x38 ./Sources/TSS/TSS_Sensor.o
 .debug_aranges
                0x00000038       0x78 ./Sources/TSS/TSS_SensorTSIL.o
 .debug_aranges
                0x000000b0       0x20 ./Sources/TSS/TSS_SystemSetupData.o
 .debug_aranges
                0x000000d0       0x38 ./Sources/Events.o
 .debug_aranges
                0x00000108       0x38 ./Sources/main.o
 .debug_aranges
                0x00000140       0x50 ./Project_Settings/Startup_Code/startup.o
 .debug_aranges
                0x00000190       0x38 ./Generated_Code/BLUE_LED.o
 .debug_aranges
                0x000001c8       0x38 ./Generated_Code/Cpu.o
 .debug_aranges
                0x00000200       0x38 ./Generated_Code/GREEN_LED.o
 .debug_aranges
                0x00000238       0x30 ./Generated_Code/PE_LDD.o
 .debug_aranges
                0x00000268       0x38 ./Generated_Code/RED_LED.o
 .debug_aranges
                0x000002a0       0x28 ./Generated_Code/TSS1.o
 .debug_aranges
                0x000002c8       0x48 ./Generated_Code/TU1.o
 .debug_aranges
                0x00000310       0x48 ./Generated_Code/TU2.o
 .debug_aranges
                0x00000358       0x18 ./Generated_Code/Vectors.o

.debug_ranges   0x00000000      0x278
 .debug_ranges  0x00000000       0x28 ./Sources/TSS/TSS_Sensor.o
 .debug_ranges  0x00000028       0x68 ./Sources/TSS/TSS_SensorTSIL.o
 .debug_ranges  0x00000090       0x10 ./Sources/TSS/TSS_SystemSetupData.o
 .debug_ranges  0x000000a0       0x28 ./Sources/Events.o
 .debug_ranges  0x000000c8       0x28 ./Sources/main.o
 .debug_ranges  0x000000f0       0x40 ./Project_Settings/Startup_Code/startup.o
 .debug_ranges  0x00000130       0x28 ./Generated_Code/BLUE_LED.o
 .debug_ranges  0x00000158       0x28 ./Generated_Code/Cpu.o
 .debug_ranges  0x00000180       0x28 ./Generated_Code/GREEN_LED.o
 .debug_ranges  0x000001a8       0x20 ./Generated_Code/PE_LDD.o
 .debug_ranges  0x000001c8       0x28 ./Generated_Code/RED_LED.o
 .debug_ranges  0x000001f0       0x18 ./Generated_Code/TSS1.o
 .debug_ranges  0x00000208       0x38 ./Generated_Code/TU1.o
 .debug_ranges  0x00000240       0x38 ./Generated_Code/TU2.o

.debug_macro    0x00000000     0xc0f0
 .debug_macro   0x00000000       0xe7 ./Sources/TSS/TSS_Sensor.o
 .debug_macro   0x000000e7     0x158b ./Sources/TSS/TSS_Sensor.o
 .debug_macro   0x00001672       0x50 ./Sources/TSS/TSS_Sensor.o
 .debug_macro   0x000016c2       0x19 ./Sources/TSS/TSS_Sensor.o
 .debug_macro   0x000016db       0x2d ./Sources/TSS/TSS_Sensor.o
 .debug_macro   0x00001708     0x1247 ./Sources/TSS/TSS_Sensor.o
 .debug_macro   0x0000294f       0xed ./Sources/TSS/TSS_SensorTSIL.o
 .debug_macro   0x00002a3c     0x1241 ./Sources/TSS/TSS_SensorTSIL.o
 .debug_macro   0x00003c7d       0x26 ./Sources/TSS/TSS_SensorTSIL.o
 .debug_macro   0x00003ca3      0x144 ./Sources/TSS/TSS_SystemSetupData.o
 .debug_macro   0x00003de7      0x155 ./Sources/Events.o
 .debug_macro   0x00003f3c       0x94 ./Sources/Events.o
 .debug_macro   0x00003fd0      0x1d6 ./Sources/Events.o
 .debug_macro   0x000041a6       0x7b ./Sources/Events.o
 .debug_macro   0x00004221       0x2f ./Sources/Events.o
 .debug_macro   0x00004250       0x35 ./Sources/Events.o
 .debug_macro   0x00004285       0x7a ./Sources/Events.o
 .debug_macro   0x000042ff       0x2f ./Sources/Events.o
 .debug_macro   0x0000432e      0x155 ./Sources/main.o
 .debug_macro   0x00004483      0x12f ./Project_Settings/Startup_Code/startup.o
 .debug_macro   0x000045b2       0x58 ./Project_Settings/Startup_Code/startup.o
 .debug_macro   0x0000460a       0x35 ./Project_Settings/Startup_Code/startup.o
 .debug_macro   0x0000463f       0xa2 ./Project_Settings/Startup_Code/startup.o
 .debug_macro   0x000046e1      0x166 ./Project_Settings/Startup_Code/startup.o
 .debug_macro   0x00004847       0x4a ./Project_Settings/Startup_Code/startup.o
 .debug_macro   0x00004891       0x52 ./Project_Settings/Startup_Code/startup.o
 .debug_macro   0x000048e3       0x16 ./Project_Settings/Startup_Code/startup.o
 .debug_macro   0x000048f9       0x43 ./Project_Settings/Startup_Code/startup.o
 .debug_macro   0x0000493c      0x180 ./Project_Settings/Startup_Code/startup.o
 .debug_macro   0x00004abc      0x2a6 ./Project_Settings/Startup_Code/startup.o
 .debug_macro   0x00004d62       0x10 ./Project_Settings/Startup_Code/startup.o
 .debug_macro   0x00004d72       0x35 ./Project_Settings/Startup_Code/startup.o
 .debug_macro   0x00004da7       0x1f ./Project_Settings/Startup_Code/startup.o
 .debug_macro   0x00004dc6       0x16 ./Project_Settings/Startup_Code/startup.o
 .debug_macro   0x00004ddc       0x16 ./Project_Settings/Startup_Code/startup.o
 .debug_macro   0x00004df2       0x29 ./Project_Settings/Startup_Code/startup.o
 .debug_macro   0x00004e1b       0x10 ./Project_Settings/Startup_Code/startup.o
 .debug_macro   0x00004e2b      0x20f ./Project_Settings/Startup_Code/startup.o
 .debug_macro   0x0000503a     0x6685 ./Project_Settings/Startup_Code/startup.o
 .debug_macro   0x0000b6bf       0xbb ./Generated_Code/BLUE_LED.o
 .debug_macro   0x0000b77a       0x9a ./Generated_Code/BLUE_LED.o
 .debug_macro   0x0000b814       0x74 ./Generated_Code/BLUE_LED.o
 .debug_macro   0x0000b888      0x164 ./Generated_Code/Cpu.o
 .debug_macro   0x0000b9ec       0xbd ./Generated_Code/GREEN_LED.o
 .debug_macro   0x0000baa9       0x2f ./Generated_Code/GREEN_LED.o
 .debug_macro   0x0000bad8      0x137 ./Generated_Code/PE_LDD.o
 .debug_macro   0x0000bc0f       0xbd ./Generated_Code/RED_LED.o
 .debug_macro   0x0000bccc      0x153 ./Generated_Code/TSS1.o
 .debug_macro   0x0000be1f       0xb9 ./Generated_Code/TU1.o
 .debug_macro   0x0000bed8       0xb4 ./Generated_Code/TU2.o
 .debug_macro   0x0000bf8c      0x164 ./Generated_Code/Vectors.o

.debug_line     0x00000000     0x3209
 .debug_line    0x00000000      0x2ee ./Sources/TSS/TSS_Sensor.o
 .debug_line    0x000002ee      0x56c ./Sources/TSS/TSS_SensorTSIL.o
 .debug_line    0x0000085a      0x29c ./Sources/TSS/TSS_SystemSetupData.o
 .debug_line    0x00000af6      0x380 ./Sources/Events.o
 .debug_line    0x00000e76      0x4a4 ./Sources/main.o
 .debug_line    0x0000131a      0x379 ./Project_Settings/Startup_Code/startup.o
 .debug_line    0x00001693      0x26e ./Generated_Code/BLUE_LED.o
 .debug_line    0x00001901      0x427 ./Generated_Code/Cpu.o
 .debug_line    0x00001d28      0x270 ./Generated_Code/GREEN_LED.o
 .debug_line    0x00001f98      0x37b ./Generated_Code/PE_LDD.o
 .debug_line    0x00002313      0x26c ./Generated_Code/RED_LED.o
 .debug_line    0x0000257f      0x36d ./Generated_Code/TSS1.o
 .debug_line    0x000028ec      0x2b3 ./Generated_Code/TU1.o
 .debug_line    0x00002b9f      0x2b4 ./Generated_Code/TU2.o
 .debug_line    0x00002e53      0x3b6 ./Generated_Code/Vectors.o

.debug_str      0x00000000    0x4a2a2
 .debug_str     0x00000000    0x42bd7 ./Sources/TSS/TSS_Sensor.o
                              0x42fed (size before relaxing)
 .debug_str     0x00042bd7      0xc4b ./Sources/TSS/TSS_SensorTSIL.o
                              0x40921 (size before relaxing)
 .debug_str     0x00043822     0x127a ./Sources/TSS/TSS_SystemSetupData.o
                              0x388d6 (size before relaxing)
 .debug_str     0x00044a9c     0x26b1 ./Sources/Events.o
                              0x3a082 (size before relaxing)
 .debug_str     0x0004714d       0xbd ./Sources/main.o
                              0x39cae (size before relaxing)
 .debug_str     0x0004720a     0x2693 ./Project_Settings/Startup_Code/startup.o
                              0x27380 (size before relaxing)
 .debug_str     0x0004989d      0x110 ./Generated_Code/BLUE_LED.o
                              0x2ddc7 (size before relaxing)
 .debug_str     0x000499ad      0x291 ./Generated_Code/Cpu.o
                              0x39d8c (size before relaxing)
 .debug_str     0x00049c3e       0x6c ./Generated_Code/GREEN_LED.o
                              0x2ddf1 (size before relaxing)
 .debug_str     0x00049caa      0x177 ./Generated_Code/PE_LDD.o
                              0x39c40 (size before relaxing)
 .debug_str     0x00049e21       0x62 ./Generated_Code/RED_LED.o
                              0x2ddd5 (size before relaxing)
 .debug_str     0x00049e83      0x125 ./Generated_Code/TSS1.o
                              0x3a0ab (size before relaxing)
 .debug_str     0x00049fa8      0x1df ./Generated_Code/TU1.o
                              0x2dedb (size before relaxing)
 .debug_str     0x0004a187       0xff ./Generated_Code/TU2.o
                              0x2deab (size before relaxing)
 .debug_str     0x0004a286       0x1c ./Generated_Code/Vectors.o
                              0x39ad3 (size before relaxing)

.comment        0x00000000       0xe9
 .comment       0x00000000       0x70 ./Sources/TSS/TSS_Sensor.o
                                 0x71 (size before relaxing)
 .comment       0x00000000       0x71 ./Sources/TSS/TSS_SensorTSIL.o
 .comment       0x00000000       0x71 ./Sources/TSS/TSS_SystemSetupData.o
 .comment       0x00000000       0x71 ./Sources/Events.o
 .comment       0x00000000       0x71 ./Sources/main.o
 .comment       0x00000000       0x71 ./Project_Settings/Startup_Code/startup.o
 .comment       0x00000000       0x71 ./Generated_Code/BLUE_LED.o
 .comment       0x00000000       0x71 ./Generated_Code/Cpu.o
 .comment       0x00000000       0x71 ./Generated_Code/GREEN_LED.o
 .comment       0x00000000       0x71 ./Generated_Code/PE_LDD.o
 .comment       0x00000000       0x71 ./Generated_Code/RED_LED.o
 .comment       0x00000000       0x71 ./Generated_Code/TSS1.o
 .comment       0x00000000       0x71 ./Generated_Code/TU1.o
 .comment       0x00000000       0x71 ./Generated_Code/TU2.o
 .comment       0x00000000       0x71 ./Generated_Code/Vectors.o
 .comment       0x00000070       0x79 C:/EEE226/ela20yc Assignment 1/Sources/TSS\libTSS_KXX_M0.a(TSS_ASliderDecoder.o)
                                 0x7a (size before relaxing)
 .comment       0x00000000       0x7a C:/EEE226/ela20yc Assignment 1/Sources/TSS\libTSS_KXX_M0.a(TSS_Filters.o)
 .comment       0x00000000       0x7a C:/EEE226/ela20yc Assignment 1/Sources/TSS\libTSS_KXX_M0.a(TSS_KeyDetectorNormal.o)
 .comment       0x00000000       0x7a C:/EEE226/ela20yc Assignment 1/Sources/TSS\libTSS_KXX_M0.a(TSS_KeyDetector.o)
 .comment       0x00000000       0x7a C:/EEE226/ela20yc Assignment 1/Sources/TSS\libTSS_KXX_M0.a(TSS_Main.o)

.debug_frame    0x00000000      0xb04
 .debug_frame   0x00000000       0x90 ./Sources/TSS/TSS_Sensor.o
 .debug_frame   0x00000090      0x190 ./Sources/TSS/TSS_SensorTSIL.o
 .debug_frame   0x00000220       0x30 ./Sources/TSS/TSS_SystemSetupData.o
 .debug_frame   0x00000250       0x88 ./Sources/Events.o
 .debug_frame   0x000002d8       0x8c ./Sources/main.o
 .debug_frame   0x00000364       0xd0 ./Project_Settings/Startup_Code/startup.o
 .debug_frame   0x00000434       0x90 ./Generated_Code/BLUE_LED.o
 .debug_frame   0x000004c4       0x80 ./Generated_Code/Cpu.o
 .debug_frame   0x00000544       0x90 ./Generated_Code/GREEN_LED.o
 .debug_frame   0x000005d4       0x6c ./Generated_Code/PE_LDD.o
 .debug_frame   0x00000640       0x90 ./Generated_Code/RED_LED.o
 .debug_frame   0x000006d0       0x4c ./Generated_Code/TSS1.o
 .debug_frame   0x0000071c       0xd0 ./Generated_Code/TU1.o
 .debug_frame   0x000007ec       0xd0 ./Generated_Code/TU2.o
 .debug_frame   0x000008bc       0x20 d:/ide/toolchain/bin/../lib/gcc/arm-none-eabi/4.8.4/armv6-m\libgcc.a(_udivsi3.o)
 .debug_frame   0x000008dc       0x20 d:/ide/toolchain/bin/../lib/gcc/arm-none-eabi/4.8.4/armv6-m\libgcc.a(_divsi3.o)
 .debug_frame   0x000008fc       0x28 d:/ide/toolchain/bin/../lib/gcc/arm-none-eabi/4.8.4/../../../../arm-none-eabi/lib/armv6-m\libg_s.a(lib_a-exit.o)
 .debug_frame   0x00000924       0x2c d:/ide/toolchain/bin/../lib/gcc/arm-none-eabi/4.8.4/../../../../arm-none-eabi/lib/armv6-m\libg_s.a(lib_a-init.o)
 .debug_frame   0x00000950       0x20 d:/ide/toolchain/bin/../lib/gcc/arm-none-eabi/4.8.4/../../../../arm-none-eabi/lib/armv6-m\libg_s.a(lib_a-memset.o)
 .debug_frame   0x00000970       0x44 d:/ide/toolchain/bin/../lib/gcc/arm-none-eabi/4.8.4/../../../../arm-none-eabi/lib/armv6-m\libg_s.a(lib_a-rand.o)
 .debug_frame   0x000009b4       0x40 d:/ide/toolchain/bin/../lib/gcc/arm-none-eabi/4.8.4/../../../../arm-none-eabi/lib/armv6-m\libg_s.a(lib_a-malloc.o)
 .debug_frame   0x000009f4       0x2c d:/ide/toolchain/bin/../lib/gcc/arm-none-eabi/4.8.4/../../../../arm-none-eabi/lib/armv6-m\libg_s.a(lib_a-nano-mallocr.o)
 .debug_frame   0x00000a20       0x2c d:/ide/toolchain/bin/../lib/gcc/arm-none-eabi/4.8.4/../../../../arm-none-eabi/lib/armv6-m\libg_s.a(lib_a-sbrkr.o)
 .debug_frame   0x00000a4c       0x48 d:/ide/toolchain/bin/../lib/gcc/arm-none-eabi/4.8.4/../../../../arm-none-eabi/lib/armv6-m\libg_s.a(lib_a-reent.o)
 .debug_frame   0x00000a94       0x30 d:/ide/toolchain/bin/../lib/gcc/arm-none-eabi/4.8.4/armv6-m\libgcc.a(_muldi3.o)
 .debug_frame   0x00000ac4       0x20 d:/ide/toolchain/bin/../lib/gcc/arm-none-eabi/4.8.4/../../../../arm-none-eabi/lib/armv6-m\libnosys.a(sbrk.o)
 .debug_frame   0x00000ae4       0x20 d:/ide/toolchain/bin/../lib/gcc/arm-none-eabi/4.8.4/../../../../arm-none-eabi/lib/armv6-m\libnosys.a(_exit.o)
